---
source: crates/boya_core/src/cpu/thumb/mod.rs
expression: snapshot
---
steps: 41
cycles: 331
---
0x8003f08: ldr    r0, [pc, #0x84]              ; N: 0, Z: 0, C: 0, V: 0, I: 1, F: 1, T: 1, M: SVC (12)
0x8003f0a: mov    r1, #0x48                    ; N: 0, Z: 0, C: 0, V: 0, I: 1, F: 1, T: 1, M: SVC (03)
0x8003f0c: mov    r2, #0x1                     ; N: 0, Z: 0, C: 0, V: 0, I: 1, F: 1, T: 1, M: SVC (03)
0x8003f0e: mov    r3, #0x4                     ; N: 0, Z: 0, C: 0, V: 0, I: 1, F: 1, T: 1, M: SVC (03)
0x8003f10: bll    #0x0                         ; N: 0, Z: 0, C: 0, V: 0, I: 1, F: 1, T: 1, M: SVC (03)
0x8003f12: blh    #0xb0                        ; N: 0, Z: 0, C: 0, V: 0, I: 1, F: 1, T: 1, M: SVC (11)
0x8003f14: mov    r6, #0x0                     ; N: 0, Z: 1, C: 0, V: 0, I: 1, F: 1, T: 1, M: SVC (03)
0x8003f16: mov    r1, #0x0                     ; N: 0, Z: 1, C: 0, V: 0, I: 1, F: 1, T: 1, M: SVC (03)
0x8003f18: ldr    r3, [pc, #0x78]              ; N: 0, Z: 1, C: 0, V: 0, I: 1, F: 1, T: 1, M: SVC (12)
0x8003f1a: sub    r3, #0x4                     ; N: 0, Z: 0, C: 1, V: 0, I: 1, F: 1, T: 1, M: SVC (03)
0x8003f1c: ldmia  r3!, {r1,r2}                 ; N: 0, Z: 0, C: 1, V: 0, I: 1, F: 1, T: 1, M: SVC (18)
0x8003f1e: ldr    r0, [pc, #0x78]              ; N: 0, Z: 0, C: 1, V: 0, I: 1, F: 1, T: 1, M: SVC (12)
0x8003f20: cmp    r3, r0                       ; N: 0, Z: 1, C: 1, V: 0, I: 1, F: 1, T: 1, M: SVC (03)
0x8003f22: beq    0                            ; N: 0, Z: 1, C: 1, V: 0, I: 1, F: 1, T: 1, M: SVC (11)
0x8003f26: ldr    r0, [pc, #0x6c]              ; N: 0, Z: 1, C: 1, V: 0, I: 1, F: 1, T: 1, M: SVC (12)
0x8003f28: ldr    r0, [r0]                     ; N: 0, Z: 1, C: 1, V: 0, I: 1, F: 1, T: 1, M: SVC (12)
0x8003f2a: cmp    r1, r0                       ; N: 0, Z: 0, C: 1, V: 0, I: 1, F: 1, T: 1, M: SVC (03)
0x8003f2c: beq    0                            ; N: 0, Z: 0, C: 1, V: 0, I: 1, F: 1, T: 1, M: SVC (05)
0x8003f2e: b      4                            ; N: 0, Z: 0, C: 1, V: 0, I: 1, F: 1, T: 1, M: SVC (11)
0x8003f36: ldr    r0, [pc, #0x64]              ; N: 0, Z: 0, C: 1, V: 0, I: 1, F: 1, T: 1, M: SVC (12)
0x8003f38: bll    #0x0                         ; N: 0, Z: 0, C: 1, V: 0, I: 1, F: 1, T: 1, M: SVC (03)
0x8003f3a: blh    #0x54                        ; N: 0, Z: 0, C: 1, V: 0, I: 1, F: 1, T: 1, M: SVC (11)
0x8003f3c: add    r7, #0x8                     ; N: 0, Z: 0, C: 0, V: 0, I: 1, F: 1, T: 1, M: SVC (03)
0x8003f3e: mov    r6, #0x0                     ; N: 0, Z: 1, C: 0, V: 0, I: 1, F: 1, T: 1, M: SVC (03)
0x8003f40: ldr    r1, [pc, #0x5c]              ; N: 0, Z: 1, C: 0, V: 0, I: 1, F: 1, T: 1, M: SVC (12)
0x8003f42: ldr    r2, [pc, #0x60]              ; N: 0, Z: 1, C: 0, V: 0, I: 1, F: 1, T: 1, M: SVC (12)
0x8003f44: ldr    r3, [pc, #0x60]              ; N: 0, Z: 1, C: 0, V: 0, I: 1, F: 1, T: 1, M: SVC (12)
0x8003f46: sub    r3, #0x4                     ; N: 0, Z: 0, C: 1, V: 0, I: 1, F: 1, T: 1, M: SVC (03)
0x8003f48: stmia  r3!, {r1,r2}                 ; N: 0, Z: 0, C: 1, V: 0, I: 1, F: 1, T: 1, M: SVC (19)
0x8003f4a: ldr    r0, [pc, #0x60]              ; N: 0, Z: 0, C: 1, V: 0, I: 1, F: 1, T: 1, M: SVC (12)
0x8003f4c: cmp    r3, r0                       ; N: 0, Z: 1, C: 1, V: 0, I: 1, F: 1, T: 1, M: SVC (03)
0x8003f4e: beq    0                            ; N: 0, Z: 1, C: 1, V: 0, I: 1, F: 1, T: 1, M: SVC (11)
0x8003f52: ldr    r0, [pc, #0x54]              ; N: 0, Z: 1, C: 1, V: 0, I: 1, F: 1, T: 1, M: SVC (12)
0x8003f54: ldr    r0, [r0]                     ; N: 0, Z: 1, C: 1, V: 0, I: 1, F: 1, T: 1, M: SVC (12)
0x8003f56: cmp    r1, r0                       ; N: 0, Z: 0, C: 1, V: 0, I: 1, F: 1, T: 1, M: SVC (03)
0x8003f58: beq    0                            ; N: 0, Z: 0, C: 1, V: 0, I: 1, F: 1, T: 1, M: SVC (05)
0x8003f5a: b      4                            ; N: 0, Z: 0, C: 1, V: 0, I: 1, F: 1, T: 1, M: SVC (11)
0x8003f62: ldr    r0, [pc, #0x4c]              ; N: 0, Z: 0, C: 1, V: 0, I: 1, F: 1, T: 1, M: SVC (12)
0x8003f64: bll    #0x0                         ; N: 0, Z: 0, C: 1, V: 0, I: 1, F: 1, T: 1, M: SVC (03)
0x8003f66: blh    #0x3e                        ; N: 0, Z: 0, C: 1, V: 0, I: 1, F: 1, T: 1, M: SVC (11)
0x8003f68: add    r7, #0x8                     ; N: 0, Z: 0, C: 0, V: 0, I: 1, F: 1, T: 1, M: SVC (03)
