---
source: crates/boya_core/src/cpu/arm/mod.rs
expression: snapshot
---
steps: 244
cycles: 1880
---
0x80009b4: STM    R13!, {R14}                  ; N: 0, Z: 0, C: 0, V: 0, I: 1, F: 1, T: 0, M: SVC (09)
0x80009b8: LDR    R0, [R15, #0x3EC]            ; N: 0, Z: 0, C: 0, V: 0, I: 1, F: 1, T: 0, M: SVC (15)
0x80009bc: MOV    R1, #0x38                    ; N: 0, Z: 0, C: 0, V: 0, I: 1, F: 1, T: 0, M: SVC (06)
0x80009c0: MOV    R2, #0x1                     ; N: 0, Z: 0, C: 0, V: 0, I: 1, F: 1, T: 0, M: SVC (06)
0x80009c4: MOV    R3, #0x4                     ; N: 0, Z: 0, C: 0, V: 0, I: 1, F: 1, T: 0, M: SVC (06)
0x80009c8: BL     -1248                        ; N: 0, Z: 0, C: 0, V: 0, I: 1, F: 1, T: 0, M: SVC (20)
0x80009cc: MOV    R1, #0x0                     ; N: 0, Z: 0, C: 0, V: 0, I: 1, F: 1, T: 0, M: SVC (06)
0x80009d0: MOV    R2, #0x2, ROR #2             ; N: 0, Z: 0, C: 0, V: 0, I: 1, F: 1, T: 0, M: SVC (06)
0x80009d4: MOV    R3, #0xF                     ; N: 0, Z: 0, C: 0, V: 0, I: 1, F: 1, T: 0, M: SVC (06)
0x80009d8: ADDS   R9, R9, R9, LSL #32          ; N: 0, Z: 1, C: 0, V: 0, I: 1, F: 1, T: 0, M: SVC (06)
0x80009dc: ADCS   R2, R2, R3, LSL #32          ; N: 1, Z: 0, C: 0, V: 0, I: 1, F: 1, T: 0, M: SVC (06)
0x80009e0: ORRCS  R1, R1, #0x1                 ; N: 1, Z: 0, C: 0, V: 0, I: 1, F: 1, T: 0, M: SVC (06)
0x80009e4: ORRPL  R1, R1, #0x2                 ; N: 1, Z: 0, C: 0, V: 0, I: 1, F: 1, T: 0, M: SVC (06)
0x80009e8: ORRVS  R1, R1, #0x4                 ; N: 1, Z: 0, C: 0, V: 0, I: 1, F: 1, T: 0, M: SVC (06)
0x80009ec: ORREQ  R1, R1, #0x8                 ; N: 1, Z: 0, C: 0, V: 0, I: 1, F: 1, T: 0, M: SVC (06)
0x80009f0: ADCS   R2, R2, R2, LSL #32          ; N: 0, Z: 0, C: 1, V: 1, I: 1, F: 1, T: 0, M: SVC (06)
0x80009f4: ORRCC  R1, R1, #0x1                 ; N: 0, Z: 0, C: 1, V: 1, I: 1, F: 1, T: 0, M: SVC (06)
0x80009f8: ORRMI  R1, R1, #0x2                 ; N: 0, Z: 0, C: 1, V: 1, I: 1, F: 1, T: 0, M: SVC (06)
0x80009fc: ADC    R3, R3, R3, LSL #32          ; N: 0, Z: 0, C: 1, V: 1, I: 1, F: 1, T: 0, M: SVC (06)
0x8000a00: CMPS   R3, #0x1F                    ; N: 0, Z: 1, C: 1, V: 0, I: 1, F: 1, T: 0, M: SVC (06)
0x8000a04: ORRNE  R1, R1, #0x10                ; N: 0, Z: 1, C: 1, V: 0, I: 1, F: 1, T: 0, M: SVC (06)
0x8000a08: ADDS   R9, R9, R9, LSL #32          ; N: 0, Z: 1, C: 0, V: 0, I: 1, F: 1, T: 0, M: SVC (06)
0x8000a0c: MOV    R0, #0x0                     ; N: 0, Z: 1, C: 0, V: 0, I: 1, F: 1, T: 0, M: SVC (06)
0x8000a10: MOV    R2, #0x1                     ; N: 0, Z: 1, C: 0, V: 0, I: 1, F: 1, T: 0, M: SVC (06)
0x8000a14: ADC    R0, R0, R2, LSR #1           ; N: 0, Z: 1, C: 0, V: 0, I: 1, F: 1, T: 0, M: SVC (06)
0x8000a18: CMPS   R0, #0x1                     ; N: 1, Z: 0, C: 0, V: 0, I: 1, F: 1, T: 0, M: SVC (06)
0x8000a1c: LDR    R0, [R15, #0x38C]            ; N: 1, Z: 0, C: 0, V: 0, I: 1, F: 1, T: 0, M: SVC (15)
0x8000a20: BL     -1012                        ; N: 1, Z: 0, C: 0, V: 0, I: 1, F: 1, T: 0, M: SVC (20)
0x8000a24: ADD    R8, R8, #0x8                 ; N: 1, Z: 0, C: 0, V: 0, I: 1, F: 1, T: 0, M: SVC (06)
0x8000a28: MOV    R1, #0x0                     ; N: 1, Z: 0, C: 0, V: 0, I: 1, F: 1, T: 0, M: SVC (06)
0x8000a2c: MVN    R2, #0x1                     ; N: 1, Z: 0, C: 0, V: 0, I: 1, F: 1, T: 0, M: SVC (06)
0x8000a30: MOV    R3, #0x1                     ; N: 1, Z: 0, C: 0, V: 0, I: 1, F: 1, T: 0, M: SVC (06)
0x8000a34: ADDS   R2, R2, R3, LSL #32          ; N: 1, Z: 0, C: 0, V: 0, I: 1, F: 1, T: 0, M: SVC (06)
0x8000a38: ORRCS  R1, R1, #0x1                 ; N: 1, Z: 0, C: 0, V: 0, I: 1, F: 1, T: 0, M: SVC (06)
0x8000a3c: ORRPL  R1, R1, #0x2                 ; N: 1, Z: 0, C: 0, V: 0, I: 1, F: 1, T: 0, M: SVC (06)
0x8000a40: ORRVS  R1, R1, #0x4                 ; N: 1, Z: 0, C: 0, V: 0, I: 1, F: 1, T: 0, M: SVC (06)
0x8000a44: ORREQ  R1, R1, #0x8                 ; N: 1, Z: 0, C: 0, V: 0, I: 1, F: 1, T: 0, M: SVC (06)
0x8000a48: ADDS   R2, R2, R3, LSL #32          ; N: 0, Z: 1, C: 1, V: 0, I: 1, F: 1, T: 0, M: SVC (06)
0x8000a4c: ORRCC  R1, R1, #0x1                 ; N: 0, Z: 1, C: 1, V: 0, I: 1, F: 1, T: 0, M: SVC (06)
0x8000a50: ORRMI  R1, R1, #0x2                 ; N: 0, Z: 1, C: 1, V: 0, I: 1, F: 1, T: 0, M: SVC (06)
0x8000a54: ORRVS  R1, R1, #0x4                 ; N: 0, Z: 1, C: 1, V: 0, I: 1, F: 1, T: 0, M: SVC (06)
0x8000a58: ORRNE  R1, R1, #0x8                 ; N: 0, Z: 1, C: 1, V: 0, I: 1, F: 1, T: 0, M: SVC (06)
0x8000a5c: LDR    R0, [R15, #0x350]            ; N: 0, Z: 1, C: 1, V: 0, I: 1, F: 1, T: 0, M: SVC (15)
0x8000a60: BL     -1076                        ; N: 0, Z: 1, C: 1, V: 0, I: 1, F: 1, T: 0, M: SVC (20)
0x8000a64: ADD    R8, R8, #0x8                 ; N: 0, Z: 1, C: 1, V: 0, I: 1, F: 1, T: 0, M: SVC (06)
0x8000a68: MOV    R1, #0x0                     ; N: 0, Z: 1, C: 1, V: 0, I: 1, F: 1, T: 0, M: SVC (06)
0x8000a6c: MOV    R2, #0x2                     ; N: 0, Z: 1, C: 1, V: 0, I: 1, F: 1, T: 0, M: SVC (06)
0x8000a70: MOV    R3, #0x5                     ; N: 0, Z: 1, C: 1, V: 0, I: 1, F: 1, T: 0, M: SVC (06)
0x8000a74: ANDS   R2, R2, R3, LSR #1           ; N: 0, Z: 0, C: 1, V: 0, I: 1, F: 1, T: 0, M: SVC (06)
0x8000a78: ORRCC  R1, R1, #0x1                 ; N: 0, Z: 0, C: 1, V: 0, I: 1, F: 1, T: 0, M: SVC (06)
0x8000a7c: ORREQ  R1, R1, #0x8                 ; N: 0, Z: 0, C: 1, V: 0, I: 1, F: 1, T: 0, M: SVC (06)
0x8000a80: CMPS   R2, #0x2                     ; N: 0, Z: 1, C: 1, V: 0, I: 1, F: 1, T: 0, M: SVC (06)
0x8000a84: ORRNE  R1, R1, #0x10                ; N: 0, Z: 1, C: 1, V: 0, I: 1, F: 1, T: 0, M: SVC (06)
0x8000a88: MOV    R2, #0x3, ROR #22            ; N: 0, Z: 1, C: 1, V: 0, I: 1, F: 1, T: 0, M: SVC (06)
0x8000a8c: MOV    R3, R2, LSL #32              ; N: 0, Z: 1, C: 1, V: 0, I: 1, F: 1, T: 0, M: SVC (06)
0x8000a90: MOV    R4, #0x2, ROR #2             ; N: 0, Z: 1, C: 1, V: 0, I: 1, F: 1, T: 0, M: SVC (06)
0x8000a94: ANDS   R2, R2, R4, ASR #32          ; N: 0, Z: 0, C: 1, V: 0, I: 1, F: 1, T: 0, M: SVC (06)
0x8000a98: ORRCC  R1, R1, #0x1                 ; N: 0, Z: 0, C: 1, V: 0, I: 1, F: 1, T: 0, M: SVC (06)
0x8000a9c: ORRMI  R1, R1, #0x2                 ; N: 0, Z: 0, C: 1, V: 0, I: 1, F: 1, T: 0, M: SVC (06)
0x8000aa0: ORREQ  R1, R1, #0x8                 ; N: 0, Z: 0, C: 1, V: 0, I: 1, F: 1, T: 0, M: SVC (06)
0x8000aa4: CMPS   R2, R3, LSL #32              ; N: 0, Z: 1, C: 1, V: 0, I: 1, F: 1, T: 0, M: SVC (06)
0x8000aa8: ORRNE  R1, R1, #0x10                ; N: 0, Z: 1, C: 1, V: 0, I: 1, F: 1, T: 0, M: SVC (06)
0x8000aac: LDR    R0, [R15, #0x304]            ; N: 0, Z: 1, C: 1, V: 0, I: 1, F: 1, T: 0, M: SVC (15)
0x8000ab0: BL     -1156                        ; N: 0, Z: 1, C: 1, V: 0, I: 1, F: 1, T: 0, M: SVC (20)
0x8000ab4: ADD    R8, R8, #0x8                 ; N: 0, Z: 1, C: 1, V: 0, I: 1, F: 1, T: 0, M: SVC (06)
0x8000ab8: MOV    R1, #0x0                     ; N: 0, Z: 1, C: 1, V: 0, I: 1, F: 1, T: 0, M: SVC (06)
0x8000abc: ADDS   R9, R9, R9, LSL #32          ; N: 0, Z: 1, C: 0, V: 0, I: 1, F: 1, T: 0, M: SVC (06)
0x8000ac0: MVN    R2, #0x0                     ; N: 0, Z: 1, C: 0, V: 0, I: 1, F: 1, T: 0, M: SVC (06)
0x8000ac4: MOV    R3, #0x37, ROR #2            ; N: 0, Z: 1, C: 0, V: 0, I: 1, F: 1, T: 0, M: SVC (06)
0x8000ac8: BICS   R2, R2, R3, ASR #1           ; N: 0, Z: 0, C: 1, V: 0, I: 1, F: 1, T: 0, M: SVC (06)
0x8000acc: ORRCC  R1, R1, #0x1                 ; N: 0, Z: 0, C: 1, V: 0, I: 1, F: 1, T: 0, M: SVC (06)
0x8000ad0: ORRMI  R1, R1, #0x2                 ; N: 0, Z: 0, C: 1, V: 0, I: 1, F: 1, T: 0, M: SVC (06)
0x8000ad4: ORREQ  R1, R1, #0x8                 ; N: 0, Z: 0, C: 1, V: 0, I: 1, F: 1, T: 0, M: SVC (06)
0x8000ad8: MVN    R3, #0x6E, ROR #4            ; N: 0, Z: 0, C: 1, V: 0, I: 1, F: 1, T: 0, M: SVC (06)
0x8000adc: CMPS   R2, R3, LSL #32              ; N: 0, Z: 1, C: 1, V: 0, I: 1, F: 1, T: 0, M: SVC (06)
0x8000ae0: ORRNE  R1, R1, #0x10                ; N: 0, Z: 1, C: 1, V: 0, I: 1, F: 1, T: 0, M: SVC (06)
0x8000ae4: LDR    R0, [R15, #0x2D0]            ; N: 0, Z: 1, C: 1, V: 0, I: 1, F: 1, T: 0, M: SVC (15)
0x8000ae8: BL     -1212                        ; N: 0, Z: 1, C: 1, V: 0, I: 1, F: 1, T: 0, M: SVC (20)
0x8000aec: ADD    R8, R8, #0x8                 ; N: 0, Z: 1, C: 1, V: 0, I: 1, F: 1, T: 0, M: SVC (06)
0x8000af0: MOV    R1, #0x0                     ; N: 0, Z: 1, C: 1, V: 0, I: 1, F: 1, T: 0, M: SVC (06)
0x8000af4: ADDS   R9, R9, R9, LSL #32          ; N: 0, Z: 1, C: 0, V: 0, I: 1, F: 1, T: 0, M: SVC (06)
0x8000af8: MVN    R2, #0x2, ROR #2             ; N: 0, Z: 1, C: 0, V: 0, I: 1, F: 1, T: 0, M: SVC (06)
0x8000afc: MOV    R3, #0x7, ROR #4             ; N: 0, Z: 1, C: 0, V: 0, I: 1, F: 1, T: 0, M: SVC (06)
0x8000b00: CMNS   R2, R3, LSL #32              ; N: 1, Z: 0, C: 0, V: 1, I: 1, F: 1, T: 0, M: SVC (06)
0x8000b04: ORRCS  R1, R1, #0x1                 ; N: 1, Z: 0, C: 0, V: 1, I: 1, F: 1, T: 0, M: SVC (06)
0x8000b08: ORRPL  R1, R1, #0x2                 ; N: 1, Z: 0, C: 0, V: 1, I: 1, F: 1, T: 0, M: SVC (06)
0x8000b0c: ORRVC  R1, R1, #0x4                 ; N: 1, Z: 0, C: 0, V: 1, I: 1, F: 1, T: 0, M: SVC (06)
0x8000b10: ORREQ  R1, R1, #0x8                 ; N: 1, Z: 0, C: 0, V: 1, I: 1, F: 1, T: 0, M: SVC (06)
0x8000b14: MVN    R3, #0x2, ROR #2             ; N: 1, Z: 0, C: 0, V: 1, I: 1, F: 1, T: 0, M: SVC (06)
0x8000b18: CMPS   R2, R3, LSL #32              ; N: 0, Z: 1, C: 1, V: 0, I: 1, F: 1, T: 0, M: SVC (06)
0x8000b1c: ORRNE  R1, R1, #0x10                ; N: 0, Z: 1, C: 1, V: 0, I: 1, F: 1, T: 0, M: SVC (06)
0x8000b20: LDR    R0, [R15, #0x298]            ; N: 0, Z: 1, C: 1, V: 0, I: 1, F: 1, T: 0, M: SVC (15)
0x8000b24: BL     -1272                        ; N: 0, Z: 1, C: 1, V: 0, I: 1, F: 1, T: 0, M: SVC (20)
0x8000b28: ADD    R8, R8, #0x8                 ; N: 0, Z: 1, C: 1, V: 0, I: 1, F: 1, T: 0, M: SVC (06)
0x8000b2c: MOV    R1, #0x0                     ; N: 0, Z: 1, C: 1, V: 0, I: 1, F: 1, T: 0, M: SVC (06)
0x8000b30: MOV    R2, #0x1                     ; N: 0, Z: 1, C: 1, V: 0, I: 1, F: 1, T: 0, M: SVC (06)
0x8000b34: MOV    R3, #0x3                     ; N: 0, Z: 1, C: 1, V: 0, I: 1, F: 1, T: 0, M: SVC (06)
0x8000b38: EORS   R2, R2, R3, LSL #31          ; N: 1, Z: 0, C: 1, V: 0, I: 1, F: 1, T: 0, M: SVC (06)
0x8000b3c: EORS   R2, R2, R3, LSL #32          ; N: 1, Z: 0, C: 1, V: 0, I: 1, F: 1, T: 0, M: SVC (06)
0x8000b40: ORRCC  R1, R1, #0x1                 ; N: 1, Z: 0, C: 1, V: 0, I: 1, F: 1, T: 0, M: SVC (06)
0x8000b44: ORRPL  R1, R1, #0x2                 ; N: 1, Z: 0, C: 1, V: 0, I: 1, F: 1, T: 0, M: SVC (06)
0x8000b48: ORREQ  R1, R1, #0x8                 ; N: 1, Z: 0, C: 1, V: 0, I: 1, F: 1, T: 0, M: SVC (06)
0x8000b4c: MOV    R4, #0xA, ROR #2             ; N: 1, Z: 0, C: 1, V: 0, I: 1, F: 1, T: 0, M: SVC (06)
0x8000b50: CMPS   R4, R2, LSL #32              ; N: 0, Z: 1, C: 1, V: 0, I: 1, F: 1, T: 0, M: SVC (06)
0x8000b54: ORRNE  R1, R1, #0x10                ; N: 0, Z: 1, C: 1, V: 0, I: 1, F: 1, T: 0, M: SVC (06)
0x8000b58: LDR    R0, [R15, #0x264]            ; N: 0, Z: 1, C: 1, V: 0, I: 1, F: 1, T: 0, M: SVC (15)
0x8000b5c: BL     -1328                        ; N: 0, Z: 1, C: 1, V: 0, I: 1, F: 1, T: 0, M: SVC (20)
0x8000b60: ADD    R8, R8, #0x8                 ; N: 0, Z: 1, C: 1, V: 0, I: 1, F: 1, T: 0, M: SVC (06)
0x8000b64: MOV    R1, #0x0                     ; N: 0, Z: 1, C: 1, V: 0, I: 1, F: 1, T: 0, M: SVC (06)
0x8000b68: LDR    R2, [R15, #0x258]            ; N: 0, Z: 1, C: 1, V: 0, I: 1, F: 1, T: 0, M: SVC (15)
0x8000b6c: MOV    R3, R15, LSL #32             ; N: 0, Z: 1, C: 1, V: 0, I: 1, F: 1, T: 0, M: SVC (06)
0x8000b70: CMPS   R2, R3, LSL #32              ; N: 0, Z: 1, C: 1, V: 0, I: 1, F: 1, T: 0, M: SVC (06)
0x8000b74: ORRNE  R1, R1, #0x10                ; N: 0, Z: 1, C: 1, V: 0, I: 1, F: 1, T: 0, M: SVC (06)
0x8000b78: LDR    R2, [R15, #0x24C]            ; N: 0, Z: 1, C: 1, V: 0, I: 1, F: 1, T: 0, M: SVC (15)
0x8000b7c: MOV    R3, #0x0                     ; N: 0, Z: 1, C: 1, V: 0, I: 1, F: 1, T: 0, M: SVC (06)
0x8000b80: MOVS   R4, R15, LSL R3              ; N: 0, Z: 0, C: 1, V: 0, I: 1, F: 1, T: 0, M: SVC (07)
0x8000b84: ORREQ  R1, R1, #0x8                 ; N: 0, Z: 0, C: 1, V: 0, I: 1, F: 1, T: 0, M: SVC (06)
0x8000b88: CMPS   R4, R2, LSL #32              ; N: 0, Z: 1, C: 1, V: 0, I: 1, F: 1, T: 0, M: SVC (06)
0x8000b8c: ORRNE  R1, R1, #0x10                ; N: 0, Z: 1, C: 1, V: 0, I: 1, F: 1, T: 0, M: SVC (06)
0x8000b90: MOV    R2, #0x6, ROR #2             ; N: 0, Z: 1, C: 1, V: 0, I: 1, F: 1, T: 0, M: SVC (06)
0x8000b94: MOVS   R3, R2, LSR #32              ; N: 0, Z: 1, C: 1, V: 0, I: 1, F: 1, T: 0, M: SVC (06)
0x8000b98: ORRCC  R1, R1, #0x1                 ; N: 0, Z: 1, C: 1, V: 0, I: 1, F: 1, T: 0, M: SVC (06)
0x8000b9c: ORRMI  R1, R1, #0x2                 ; N: 0, Z: 1, C: 1, V: 0, I: 1, F: 1, T: 0, M: SVC (06)
0x8000ba0: ORRNE  R1, R1, #0x8                 ; N: 0, Z: 1, C: 1, V: 0, I: 1, F: 1, T: 0, M: SVC (06)
0x8000ba4: CMPS   R3, #0x0                     ; N: 0, Z: 1, C: 1, V: 0, I: 1, F: 1, T: 0, M: SVC (06)
0x8000ba8: ORRNE  R1, R1, #0x10                ; N: 0, Z: 1, C: 1, V: 0, I: 1, F: 1, T: 0, M: SVC (06)
0x8000bac: MOV    R3, #0x3                     ; N: 0, Z: 1, C: 1, V: 0, I: 1, F: 1, T: 0, M: SVC (06)
0x8000bb0: MOVS   R4, R3, LSR #1               ; N: 0, Z: 0, C: 1, V: 0, I: 1, F: 1, T: 0, M: SVC (06)
0x8000bb4: MOV    R2, #0x0                     ; N: 0, Z: 0, C: 1, V: 0, I: 1, F: 1, T: 0, M: SVC (06)
0x8000bb8: MOVS   R3, R4, ASR R2               ; N: 0, Z: 0, C: 1, V: 0, I: 1, F: 1, T: 0, M: SVC (07)
0x8000bbc: ORRCC  R1, R1, #0x1                 ; N: 0, Z: 0, C: 1, V: 0, I: 1, F: 1, T: 0, M: SVC (06)
0x8000bc0: CMPS   R3, #0x1                     ; N: 0, Z: 1, C: 1, V: 0, I: 1, F: 1, T: 0, M: SVC (06)
0x8000bc4: ORRNE  R1, R1, #0x10                ; N: 0, Z: 1, C: 1, V: 0, I: 1, F: 1, T: 0, M: SVC (06)
0x8000bc8: MOV    R2, #0x2, ROR #2             ; N: 0, Z: 1, C: 1, V: 0, I: 1, F: 1, T: 0, M: SVC (06)
0x8000bcc: MOV    R3, #0x21                    ; N: 0, Z: 1, C: 1, V: 0, I: 1, F: 1, T: 0, M: SVC (06)
0x8000bd0: MOVS   R2, R2, ASR R3               ; N: 1, Z: 0, C: 1, V: 0, I: 1, F: 1, T: 0, M: SVC (07)
0x8000bd4: ORRCC  R1, R1, #0x1                 ; N: 1, Z: 0, C: 1, V: 0, I: 1, F: 1, T: 0, M: SVC (06)
0x8000bd8: MVN    R4, #0x0                     ; N: 1, Z: 0, C: 1, V: 0, I: 1, F: 1, T: 0, M: SVC (06)
0x8000bdc: CMPS   R2, R4, LSL #32              ; N: 0, Z: 1, C: 1, V: 0, I: 1, F: 1, T: 0, M: SVC (06)
0x8000be0: ORRNE  R1, R1, #0x10                ; N: 0, Z: 1, C: 1, V: 0, I: 1, F: 1, T: 0, M: SVC (06)
0x8000be4: LDR    R0, [R15, #0x1E4]            ; N: 0, Z: 1, C: 1, V: 0, I: 1, F: 1, T: 0, M: SVC (15)
0x8000be8: BL     -1468                        ; N: 0, Z: 1, C: 1, V: 0, I: 1, F: 1, T: 0, M: SVC (20)
0x8000bec: ADD    R8, R8, #0x8                 ; N: 0, Z: 1, C: 1, V: 0, I: 1, F: 1, T: 0, M: SVC (06)
0x8000bf0: MOV    R1, #0x0                     ; N: 0, Z: 1, C: 1, V: 0, I: 1, F: 1, T: 0, M: SVC (06)
0x8000bf4: LDR    R2, [R15, #0x1D8]            ; N: 0, Z: 1, C: 1, V: 0, I: 1, F: 1, T: 0, M: SVC (15)
0x8000bf8: MVN    R3, #0x0                     ; N: 0, Z: 1, C: 1, V: 0, I: 1, F: 1, T: 0, M: SVC (06)
0x8000bfc: EOR    R2, R2, R3, LSL #32          ; N: 0, Z: 1, C: 1, V: 0, I: 1, F: 1, T: 0, M: SVC (06)
0x8000c00: MVN    R3, R15, LSL #32             ; N: 0, Z: 1, C: 1, V: 0, I: 1, F: 1, T: 0, M: SVC (06)
0x8000c04: CMPS   R3, R2, LSL #32              ; N: 0, Z: 1, C: 1, V: 0, I: 1, F: 1, T: 0, M: SVC (06)
0x8000c08: ORRNE  R1, R1, #0x10                ; N: 0, Z: 1, C: 1, V: 0, I: 1, F: 1, T: 0, M: SVC (06)
0x8000c0c: LDR    R0, [R15, #0x1C4]            ; N: 0, Z: 1, C: 1, V: 0, I: 1, F: 1, T: 0, M: SVC (15)
0x8000c10: BL     -1508                        ; N: 0, Z: 1, C: 1, V: 0, I: 1, F: 1, T: 0, M: SVC (20)
0x8000c14: ADD    R8, R8, #0x8                 ; N: 0, Z: 1, C: 1, V: 0, I: 1, F: 1, T: 0, M: SVC (06)
0x8000c18: MOV    R1, #0x0                     ; N: 0, Z: 1, C: 1, V: 0, I: 1, F: 1, T: 0, M: SVC (06)
0x8000c1c: MOV    R2, #0x2                     ; N: 0, Z: 1, C: 1, V: 0, I: 1, F: 1, T: 0, M: SVC (06)
0x8000c20: MOV    R3, #0x3                     ; N: 0, Z: 1, C: 1, V: 0, I: 1, F: 1, T: 0, M: SVC (06)
0x8000c24: MOVS   R4, R3, LSR #1               ; N: 0, Z: 0, C: 1, V: 0, I: 1, F: 1, T: 0, M: SVC (06)
0x8000c28: ORRS   R3, R3, R2, ROR #32          ; N: 1, Z: 0, C: 0, V: 0, I: 1, F: 1, T: 0, M: SVC (06)
0x8000c2c: ORRCS  R1, R1, #0x1                 ; N: 1, Z: 0, C: 0, V: 0, I: 1, F: 1, T: 0, M: SVC (06)
0x8000c30: ORRPL  R1, R1, #0x2                 ; N: 1, Z: 0, C: 0, V: 0, I: 1, F: 1, T: 0, M: SVC (06)
0x8000c34: ORREQ  R1, R1, #0x8                 ; N: 1, Z: 0, C: 0, V: 0, I: 1, F: 1, T: 0, M: SVC (06)
0x8000c38: MOV    R4, #0xE, ROR #2             ; N: 1, Z: 0, C: 0, V: 0, I: 1, F: 1, T: 0, M: SVC (06)
0x8000c3c: CMPS   R4, R3, LSL #32              ; N: 0, Z: 1, C: 1, V: 0, I: 1, F: 1, T: 0, M: SVC (06)
0x8000c40: ORRNE  R1, R1, #0x10                ; N: 0, Z: 1, C: 1, V: 0, I: 1, F: 1, T: 0, M: SVC (06)
0x8000c44: LDR    R0, [R15, #0x190]            ; N: 0, Z: 1, C: 1, V: 0, I: 1, F: 1, T: 0, M: SVC (15)
0x8000c48: BL     -1564                        ; N: 0, Z: 1, C: 1, V: 0, I: 1, F: 1, T: 0, M: SVC (20)
0x8000c4c: ADD    R8, R8, #0x8                 ; N: 0, Z: 1, C: 1, V: 0, I: 1, F: 1, T: 0, M: SVC (06)
0x8000c50: MOV    R1, #0x0                     ; N: 0, Z: 1, C: 1, V: 0, I: 1, F: 1, T: 0, M: SVC (06)
0x8000c54: MOV    R2, #0x2                     ; N: 0, Z: 1, C: 1, V: 0, I: 1, F: 1, T: 0, M: SVC (06)
0x8000c58: MOV    R3, #0x3                     ; N: 0, Z: 1, C: 1, V: 0, I: 1, F: 1, T: 0, M: SVC (06)
0x8000c5c: ADDS   R9, R9, R9, LSL #32          ; N: 0, Z: 1, C: 0, V: 0, I: 1, F: 1, T: 0, M: SVC (06)
0x8000c60: RSCS   R3, R2, R3, LSL #32          ; N: 0, Z: 1, C: 1, V: 0, I: 1, F: 1, T: 0, M: SVC (06)
0x8000c64: ORRCC  R1, R1, #0x1                 ; N: 0, Z: 1, C: 1, V: 0, I: 1, F: 1, T: 0, M: SVC (06)
0x8000c68: ORRMI  R1, R1, #0x2                 ; N: 0, Z: 1, C: 1, V: 0, I: 1, F: 1, T: 0, M: SVC (06)
0x8000c6c: ORRNE  R1, R1, #0x8                 ; N: 0, Z: 1, C: 1, V: 0, I: 1, F: 1, T: 0, M: SVC (06)
0x8000c70: CMPS   R2, #0x2                     ; N: 0, Z: 1, C: 1, V: 0, I: 1, F: 1, T: 0, M: SVC (06)
0x8000c74: ORRNE  R1, R1, #0x10                ; N: 0, Z: 1, C: 1, V: 0, I: 1, F: 1, T: 0, M: SVC (06)
0x8000c78: LDR    R0, [R15, #0x160]            ; N: 0, Z: 1, C: 1, V: 0, I: 1, F: 1, T: 0, M: SVC (15)
0x8000c7c: BL     -1616                        ; N: 0, Z: 1, C: 1, V: 0, I: 1, F: 1, T: 0, M: SVC (20)
0x8000c80: ADD    R8, R8, #0x8                 ; N: 0, Z: 1, C: 1, V: 0, I: 1, F: 1, T: 0, M: SVC (06)
0x8000c84: MOV    R1, #0x0                     ; N: 0, Z: 1, C: 1, V: 0, I: 1, F: 1, T: 0, M: SVC (06)
0x8000c88: MVN    R2, #0x0                     ; N: 0, Z: 1, C: 1, V: 0, I: 1, F: 1, T: 0, M: SVC (06)
0x8000c8c: ADDS   R3, R2, R2, LSL #32          ; N: 1, Z: 0, C: 1, V: 0, I: 1, F: 1, T: 0, M: SVC (06)
0x8000c90: SBCS   R2, R2, R2, LSL #32          ; N: 0, Z: 1, C: 1, V: 0, I: 1, F: 1, T: 0, M: SVC (06)
0x8000c94: ORRCC  R1, R1, #0x1                 ; N: 0, Z: 1, C: 1, V: 0, I: 1, F: 1, T: 0, M: SVC (06)
0x8000c98: ORRMI  R1, R1, #0x2                 ; N: 0, Z: 1, C: 1, V: 0, I: 1, F: 1, T: 0, M: SVC (06)
0x8000c9c: ORRNE  R1, R1, #0x8                 ; N: 0, Z: 1, C: 1, V: 0, I: 1, F: 1, T: 0, M: SVC (06)
0x8000ca0: ADDS   R9, R9, R9, LSL #32          ; N: 0, Z: 1, C: 0, V: 0, I: 1, F: 1, T: 0, M: SVC (06)
0x8000ca4: SBCS   R2, R2, #0x0                 ; N: 1, Z: 0, C: 0, V: 0, I: 1, F: 1, T: 0, M: SVC (06)
0x8000ca8: ORREQ  R1, R1, #0x8                 ; N: 1, Z: 0, C: 0, V: 0, I: 1, F: 1, T: 0, M: SVC (06)
0x8000cac: ORRCS  R1, R1, #0x1                 ; N: 1, Z: 0, C: 0, V: 0, I: 1, F: 1, T: 0, M: SVC (06)
0x8000cb0: ORRPL  R1, R1, #0x2                 ; N: 1, Z: 0, C: 0, V: 0, I: 1, F: 1, T: 0, M: SVC (06)
0x8000cb4: LDR    R0, [R15, #0x128]            ; N: 1, Z: 0, C: 0, V: 0, I: 1, F: 1, T: 0, M: SVC (15)
0x8000cb8: BL     -1676                        ; N: 1, Z: 0, C: 0, V: 0, I: 1, F: 1, T: 0, M: SVC (20)
0x8000cbc: ADD    R8, R8, #0x8                 ; N: 1, Z: 0, C: 0, V: 0, I: 1, F: 1, T: 0, M: SVC (06)
0x8000cc0: MOV    R1, #0x0                     ; N: 1, Z: 0, C: 0, V: 0, I: 1, F: 1, T: 0, M: SVC (06)
0x8000cc4: MVN    R2, #0x9                     ; N: 1, Z: 0, C: 0, V: 0, I: 1, F: 1, T: 0, M: SVC (06)
0x8000cc8: MOV    R3, #0x14                    ; N: 1, Z: 0, C: 0, V: 0, I: 1, F: 1, T: 0, M: SVC (06)
0x8000ccc: MOV    R4, #0xD0                    ; N: 1, Z: 0, C: 0, V: 0, I: 1, F: 1, T: 0, M: SVC (06)
0x8000cd0: MLA    R2, R3, R2                   ; N: 0, Z: 0, C: 0, V: 0, I: 1, F: 1, T: 0, M: SVC (11)
0x8000cd4: ORRMI  R1, R1, #0x2                 ; N: 0, Z: 0, C: 0, V: 0, I: 1, F: 1, T: 0, M: SVC (06)
0x8000cd8: ORREQ  R1, R1, #0x8                 ; N: 0, Z: 0, C: 0, V: 0, I: 1, F: 1, T: 0, M: SVC (06)
0x8000cdc: CMPS   R2, #0x8                     ; N: 0, Z: 1, C: 1, V: 0, I: 1, F: 1, T: 0, M: SVC (06)
0x8000ce0: ORRNE  R1, R1, #0x10                ; N: 0, Z: 1, C: 1, V: 0, I: 1, F: 1, T: 0, M: SVC (06)
0x8000ce4: LDR    R0, [R15, #0xFC]             ; N: 0, Z: 1, C: 1, V: 0, I: 1, F: 1, T: 0, M: SVC (15)
0x8000ce8: BL     -1724                        ; N: 0, Z: 1, C: 1, V: 0, I: 1, F: 1, T: 0, M: SVC (20)
0x8000cec: ADD    R8, R8, #0x8                 ; N: 0, Z: 1, C: 1, V: 0, I: 1, F: 1, T: 0, M: SVC (06)
0x8000cf0: MOV    R1, #0x0                     ; N: 0, Z: 1, C: 1, V: 0, I: 1, F: 1, T: 0, M: SVC (06)
0x8000cf4: MVN    R2, #0x9                     ; N: 0, Z: 1, C: 1, V: 0, I: 1, F: 1, T: 0, M: SVC (06)
0x8000cf8: MOV    R3, #0x14                    ; N: 0, Z: 1, C: 1, V: 0, I: 1, F: 1, T: 0, M: SVC (06)
0x8000cfc: MVN    R4, #0xC7                    ; N: 0, Z: 1, C: 1, V: 0, I: 1, F: 1, T: 0, M: SVC (06)
0x8000d00: MUL    R2, R3, R2                   ; N: 1, Z: 0, C: 0, V: 0, I: 1, F: 1, T: 0, M: SVC (10)
0x8000d04: ORRPL  R1, R1, #0x2                 ; N: 1, Z: 0, C: 0, V: 0, I: 1, F: 1, T: 0, M: SVC (06)
0x8000d08: ORREQ  R1, R1, #0x8                 ; N: 1, Z: 0, C: 0, V: 0, I: 1, F: 1, T: 0, M: SVC (06)
0x8000d0c: CMPS   R2, R4, LSL #32              ; N: 0, Z: 1, C: 1, V: 0, I: 1, F: 1, T: 0, M: SVC (06)
0x8000d10: ORRNE  R1, R1, #0x10                ; N: 0, Z: 1, C: 1, V: 0, I: 1, F: 1, T: 0, M: SVC (06)
0x8000d14: LDR    R0, [R15, #0xD0]             ; N: 0, Z: 1, C: 1, V: 0, I: 1, F: 1, T: 0, M: SVC (15)
0x8000d18: BL     -1772                        ; N: 0, Z: 1, C: 1, V: 0, I: 1, F: 1, T: 0, M: SVC (20)
0x8000d1c: ADD    R8, R8, #0x8                 ; N: 0, Z: 1, C: 1, V: 0, I: 1, F: 1, T: 0, M: SVC (06)
0x8000d20: MOV    R1, #0x0                     ; N: 0, Z: 1, C: 1, V: 0, I: 1, F: 1, T: 0, M: SVC (06)
0x8000d24: MOV    R2, #0x2, ROR #2             ; N: 0, Z: 1, C: 1, V: 0, I: 1, F: 1, T: 0, M: SVC (06)
0x8000d28: MOV    R3, #0x8                     ; N: 0, Z: 1, C: 1, V: 0, I: 1, F: 1, T: 0, M: SVC (06)
0x8000d2c: UMULL  R4, R5, R2, R3               ; N: 0, Z: 0, C: 0, V: 0, I: 1, F: 1, T: 0, M: SVC (07)
0x8000d30: ORRMI  R1, R1, #0x2                 ; N: 0, Z: 0, C: 0, V: 0, I: 1, F: 1, T: 0, M: SVC (06)
0x8000d34: ORREQ  R1, R1, #0x8                 ; N: 0, Z: 0, C: 0, V: 0, I: 1, F: 1, T: 0, M: SVC (06)
0x8000d38: MOV    R2, #0x4                     ; N: 0, Z: 0, C: 0, V: 0, I: 1, F: 1, T: 0, M: SVC (06)
0x8000d3c: CMPS   R2, R5, LSL #32              ; N: 0, Z: 1, C: 1, V: 0, I: 1, F: 1, T: 0, M: SVC (06)
0x8000d40: ORRNE  R1, R1, #0x10                ; N: 0, Z: 1, C: 1, V: 0, I: 1, F: 1, T: 0, M: SVC (06)
0x8000d44: LDR    R0, [R15, #0xA4]             ; N: 0, Z: 1, C: 1, V: 0, I: 1, F: 1, T: 0, M: SVC (15)
0x8000d48: BL     -1820                        ; N: 0, Z: 1, C: 1, V: 0, I: 1, F: 1, T: 0, M: SVC (20)
0x8000d4c: ADD    R8, R8, #0x8                 ; N: 0, Z: 1, C: 1, V: 0, I: 1, F: 1, T: 0, M: SVC (06)
0x8000d50: MOV    R1, #0x0                     ; N: 0, Z: 1, C: 1, V: 0, I: 1, F: 1, T: 0, M: SVC (06)
0x8000d54: MOV    R2, #0x2, ROR #2             ; N: 0, Z: 1, C: 1, V: 0, I: 1, F: 1, T: 0, M: SVC (06)
0x8000d58: MOV    R3, #0x8                     ; N: 0, Z: 1, C: 1, V: 0, I: 1, F: 1, T: 0, M: SVC (06)
0x8000d5c: SMULL  R4, R5, R2, R3               ; N: 1, Z: 0, C: 0, V: 0, I: 1, F: 1, T: 0, M: SVC (07)
0x8000d60: ORRPL  R1, R1, #0x2                 ; N: 1, Z: 0, C: 0, V: 0, I: 1, F: 1, T: 0, M: SVC (06)
0x8000d64: ORREQ  R1, R1, #0x8                 ; N: 1, Z: 0, C: 0, V: 0, I: 1, F: 1, T: 0, M: SVC (06)
0x8000d68: MVN    R2, #0x3                     ; N: 1, Z: 0, C: 0, V: 0, I: 1, F: 1, T: 0, M: SVC (06)
0x8000d6c: CMPS   R2, R5, LSL #32              ; N: 0, Z: 1, C: 1, V: 0, I: 1, F: 1, T: 0, M: SVC (06)
0x8000d70: ORRNE  R1, R1, #0x10                ; N: 0, Z: 1, C: 1, V: 0, I: 1, F: 1, T: 0, M: SVC (06)
0x8000d74: LDR    R0, [R15, #0x78]             ; N: 0, Z: 1, C: 1, V: 0, I: 1, F: 1, T: 0, M: SVC (15)
0x8000d78: BL     -1868                        ; N: 0, Z: 1, C: 1, V: 0, I: 1, F: 1, T: 0, M: SVC (20)
0x8000d7c: ADD    R8, R8, #0x8                 ; N: 0, Z: 1, C: 1, V: 0, I: 1, F: 1, T: 0, M: SVC (06)
0x8000d80: LDM    R13!, {R14}^                 ; N: 0, Z: 1, C: 1, V: 0, I: 1, F: 1, T: 0, M: SVC (10)
