---
source: crates/boya_core/src/cpu/thumb/mod.rs
expression: snapshot
---
steps: 81
cycles: 609
---
0x8003e10: ldr    r0, [pc, #0xbc]              ; N: 0, Z: 0, C: 0, V: 0, I: 1, F: 1, T: 1, M: SVC (12)
0x8003e12: mov    r1, #0x40                    ; N: 0, Z: 0, C: 0, V: 0, I: 1, F: 1, T: 1, M: SVC (03)
0x8003e14: mov    r2, #0x1                     ; N: 0, Z: 0, C: 0, V: 0, I: 1, F: 1, T: 1, M: SVC (03)
0x8003e16: mov    r3, #0x4                     ; N: 0, Z: 0, C: 0, V: 0, I: 1, F: 1, T: 1, M: SVC (03)
0x8003e18: bll    #0x0                         ; N: 0, Z: 0, C: 0, V: 0, I: 1, F: 1, T: 1, M: SVC (03)
0x8003e1a: blh    #0x12c                       ; N: 0, Z: 0, C: 0, V: 0, I: 1, F: 1, T: 1, M: SVC (11)
0x8003e1c: mov    r6, #0x0                     ; N: 0, Z: 1, C: 0, V: 0, I: 1, F: 1, T: 1, M: SVC (03)
0x8003e1e: ldr    r0, [pc, #0xb4]              ; N: 0, Z: 1, C: 0, V: 0, I: 1, F: 1, T: 1, M: SVC (12)
0x8003e20: ldr    r1, [r0, #0x4]               ; N: 0, Z: 1, C: 0, V: 0, I: 1, F: 1, T: 1, M: SVC (12)
0x8003e22: ldr    r2, [pc, #0xb4]              ; N: 0, Z: 1, C: 0, V: 0, I: 1, F: 1, T: 1, M: SVC (12)
0x8003e24: cmp    r1, r2                       ; N: 0, Z: 1, C: 1, V: 0, I: 1, F: 1, T: 1, M: SVC (03)
0x8003e26: beq    2                            ; N: 0, Z: 1, C: 1, V: 0, I: 1, F: 1, T: 1, M: SVC (11)
0x8003e2c: ldr    r0, [pc, #0xac]              ; N: 0, Z: 1, C: 1, V: 0, I: 1, F: 1, T: 1, M: SVC (12)
0x8003e2e: bll    #0x0                         ; N: 0, Z: 1, C: 1, V: 0, I: 1, F: 1, T: 1, M: SVC (03)
0x8003e30: blh    #0xd9                        ; N: 0, Z: 1, C: 1, V: 0, I: 1, F: 1, T: 1, M: SVC (11)
0x8003e32: add    r7, #0x8                     ; N: 0, Z: 0, C: 0, V: 0, I: 1, F: 1, T: 1, M: SVC (03)
0x8003e34: mov    r6, #0x0                     ; N: 0, Z: 1, C: 0, V: 0, I: 1, F: 1, T: 1, M: SVC (03)
0x8003e36: ldr    r0, [pc, #0xa8]              ; N: 0, Z: 1, C: 0, V: 0, I: 1, F: 1, T: 1, M: SVC (12)
0x8003e38: ldr    r2, [pc, #0x9c]              ; N: 0, Z: 1, C: 0, V: 0, I: 1, F: 1, T: 1, M: SVC (12)
0x8003e3a: mov    r3, #0x2                     ; N: 0, Z: 0, C: 0, V: 0, I: 1, F: 1, T: 1, M: SVC (03)
0x8003e3c: ldr    r1, [r0, r3]                 ; N: 0, Z: 0, C: 0, V: 0, I: 1, F: 1, T: 1, M: SVC (12)
0x8003e3e: cmp    r1, r2                       ; N: 0, Z: 1, C: 1, V: 0, I: 1, F: 1, T: 1, M: SVC (03)
0x8003e40: beq    2                            ; N: 0, Z: 1, C: 1, V: 0, I: 1, F: 1, T: 1, M: SVC (11)
0x8003e46: ldr    r0, [pc, #0x94]              ; N: 0, Z: 1, C: 1, V: 0, I: 1, F: 1, T: 1, M: SVC (12)
0x8003e48: bll    #0x0                         ; N: 0, Z: 1, C: 1, V: 0, I: 1, F: 1, T: 1, M: SVC (03)
0x8003e4a: blh    #0xcc                        ; N: 0, Z: 1, C: 1, V: 0, I: 1, F: 1, T: 1, M: SVC (11)
0x8003e4c: add    r7, #0x8                     ; N: 0, Z: 0, C: 0, V: 0, I: 1, F: 1, T: 1, M: SVC (03)
0x8003e4e: mov    r6, #0x0                     ; N: 0, Z: 1, C: 0, V: 0, I: 1, F: 1, T: 1, M: SVC (03)
0x8003e50: ldr    r0, [pc, #0x8c]              ; N: 0, Z: 1, C: 0, V: 0, I: 1, F: 1, T: 1, M: SVC (12)
0x8003e52: ldr    r2, [pc, #0x90]              ; N: 0, Z: 1, C: 0, V: 0, I: 1, F: 1, T: 1, M: SVC (12)
0x8003e54: mov    r3, #0x1                     ; N: 0, Z: 0, C: 0, V: 0, I: 1, F: 1, T: 1, M: SVC (03)
0x8003e56: ldrb   r1, [r0, r3]                 ; N: 0, Z: 0, C: 0, V: 0, I: 1, F: 1, T: 1, M: SVC (09)
0x8003e58: cmp    r1, r2                       ; N: 0, Z: 1, C: 1, V: 0, I: 1, F: 1, T: 1, M: SVC (03)
0x8003e5a: beq    2                            ; N: 0, Z: 1, C: 1, V: 0, I: 1, F: 1, T: 1, M: SVC (11)
0x8003e60: ldr    r0, [pc, #0x84]              ; N: 0, Z: 1, C: 1, V: 0, I: 1, F: 1, T: 1, M: SVC (12)
0x8003e62: bll    #0x0                         ; N: 0, Z: 1, C: 1, V: 0, I: 1, F: 1, T: 1, M: SVC (03)
0x8003e64: blh    #0xbf                        ; N: 0, Z: 1, C: 1, V: 0, I: 1, F: 1, T: 1, M: SVC (11)
0x8003e66: add    r7, #0x8                     ; N: 0, Z: 0, C: 0, V: 0, I: 1, F: 1, T: 1, M: SVC (03)
0x8003e68: mov    r6, #0x0                     ; N: 0, Z: 1, C: 0, V: 0, I: 1, F: 1, T: 1, M: SVC (03)
0x8003e6a: ldr    r0, [pc, #0x74]              ; N: 0, Z: 1, C: 0, V: 0, I: 1, F: 1, T: 1, M: SVC (12)
0x8003e6c: ldr    r2, [pc, #0x7c]              ; N: 0, Z: 1, C: 0, V: 0, I: 1, F: 1, T: 1, M: SVC (12)
0x8003e6e: mov    r3, #0x0                     ; N: 0, Z: 1, C: 0, V: 0, I: 1, F: 1, T: 1, M: SVC (03)
0x8003e70: ldrh   r1, [r0, r3]                 ; N: 0, Z: 1, C: 0, V: 0, I: 1, F: 1, T: 1, M: SVC (09)
0x8003e72: cmp    r1, r2                       ; N: 0, Z: 1, C: 1, V: 0, I: 1, F: 1, T: 1, M: SVC (03)
0x8003e74: beq    2                            ; N: 0, Z: 1, C: 1, V: 0, I: 1, F: 1, T: 1, M: SVC (11)
0x8003e7a: ldr    r0, [pc, #0x74]              ; N: 0, Z: 1, C: 1, V: 0, I: 1, F: 1, T: 1, M: SVC (12)
0x8003e7c: bll    #0x0                         ; N: 0, Z: 1, C: 1, V: 0, I: 1, F: 1, T: 1, M: SVC (03)
0x8003e7e: blh    #0xb2                        ; N: 0, Z: 1, C: 1, V: 0, I: 1, F: 1, T: 1, M: SVC (11)
0x8003e80: add    r7, #0x8                     ; N: 0, Z: 0, C: 0, V: 0, I: 1, F: 1, T: 1, M: SVC (03)
0x8003e82: mov    r6, #0x0                     ; N: 0, Z: 1, C: 0, V: 0, I: 1, F: 1, T: 1, M: SVC (03)
0x8003e84: ldr    r0, [pc, #0x58]              ; N: 0, Z: 1, C: 0, V: 0, I: 1, F: 1, T: 1, M: SVC (12)
0x8003e86: ldr    r2, [pc, #0x64]              ; N: 0, Z: 1, C: 0, V: 0, I: 1, F: 1, T: 1, M: SVC (12)
0x8003e88: ldrh   r1, [r0]                     ; N: 0, Z: 1, C: 0, V: 0, I: 1, F: 1, T: 1, M: SVC (09)
0x8003e8a: cmp    r1, r2                       ; N: 0, Z: 1, C: 1, V: 0, I: 1, F: 1, T: 1, M: SVC (03)
0x8003e8c: beq    2                            ; N: 0, Z: 1, C: 1, V: 0, I: 1, F: 1, T: 1, M: SVC (11)
0x8003e92: ldr    r0, [pc, #0x60]              ; N: 0, Z: 1, C: 1, V: 0, I: 1, F: 1, T: 1, M: SVC (12)
0x8003e94: bll    #0x0                         ; N: 0, Z: 1, C: 1, V: 0, I: 1, F: 1, T: 1, M: SVC (03)
0x8003e96: blh    #0xa6                        ; N: 0, Z: 1, C: 1, V: 0, I: 1, F: 1, T: 1, M: SVC (11)
0x8003e98: add    r7, #0x8                     ; N: 0, Z: 0, C: 0, V: 0, I: 1, F: 1, T: 1, M: SVC (03)
0x8003e9a: mov    r6, #0x0                     ; N: 0, Z: 1, C: 0, V: 0, I: 1, F: 1, T: 1, M: SVC (03)
0x8003e9c: ldr    r0, [pc, #0x40]              ; N: 0, Z: 1, C: 0, V: 0, I: 1, F: 1, T: 1, M: SVC (12)
0x8003e9e: ldr    r2, [pc, #0x58]              ; N: 0, Z: 1, C: 0, V: 0, I: 1, F: 1, T: 1, M: SVC (12)
0x8003ea0: mov    r3, #0x0                     ; N: 0, Z: 1, C: 0, V: 0, I: 1, F: 1, T: 1, M: SVC (03)
0x8003ea2: ldsh   r1, [r0, r3]                 ; N: 0, Z: 1, C: 0, V: 0, I: 1, F: 1, T: 1, M: SVC (09)
0x8003ea4: cmp    r1, r2                       ; N: 0, Z: 1, C: 1, V: 0, I: 1, F: 1, T: 1, M: SVC (03)
0x8003ea6: beq    2                            ; N: 0, Z: 1, C: 1, V: 0, I: 1, F: 1, T: 1, M: SVC (11)
0x8003eac: ldr    r0, [pc, #0x4c]              ; N: 0, Z: 1, C: 1, V: 0, I: 1, F: 1, T: 1, M: SVC (12)
0x8003eae: bll    #0x0                         ; N: 0, Z: 1, C: 1, V: 0, I: 1, F: 1, T: 1, M: SVC (03)
0x8003eb0: blh    #0x99                        ; N: 0, Z: 1, C: 1, V: 0, I: 1, F: 1, T: 1, M: SVC (11)
0x8003eb2: add    r7, #0x8                     ; N: 0, Z: 0, C: 0, V: 0, I: 1, F: 1, T: 1, M: SVC (03)
0x8003eb4: mov    r6, #0x0                     ; N: 0, Z: 1, C: 0, V: 0, I: 1, F: 1, T: 1, M: SVC (03)
0x8003eb6: ldr    r0, [pc, #0x28]              ; N: 0, Z: 1, C: 0, V: 0, I: 1, F: 1, T: 1, M: SVC (12)
0x8003eb8: ldr    r2, [pc, #0x44]              ; N: 0, Z: 1, C: 0, V: 0, I: 1, F: 1, T: 1, M: SVC (12)
0x8003eba: mov    r3, #0x1                     ; N: 0, Z: 0, C: 0, V: 0, I: 1, F: 1, T: 1, M: SVC (03)
0x8003ebc: ldsb   r1, [r0, r3]                 ; N: 0, Z: 0, C: 0, V: 0, I: 1, F: 1, T: 1, M: SVC (09)
0x8003ebe: cmp    r1, r2                       ; N: 0, Z: 1, C: 1, V: 0, I: 1, F: 1, T: 1, M: SVC (03)
0x8003ec0: beq    2                            ; N: 0, Z: 1, C: 1, V: 0, I: 1, F: 1, T: 1, M: SVC (11)
0x8003ec6: ldr    r0, [pc, #0x3c]              ; N: 0, Z: 1, C: 1, V: 0, I: 1, F: 1, T: 1, M: SVC (12)
0x8003ec8: bll    #0x0                         ; N: 0, Z: 1, C: 1, V: 0, I: 1, F: 1, T: 1, M: SVC (03)
0x8003eca: blh    #0x8c                        ; N: 0, Z: 1, C: 1, V: 0, I: 1, F: 1, T: 1, M: SVC (11)
0x8003ecc: add    r7, #0x8                     ; N: 0, Z: 0, C: 0, V: 0, I: 1, F: 1, T: 1, M: SVC (03)
