---
source: crates/boya_core/src/cpu/arm/mod.rs
expression: snapshot
---
steps: 112
cycles: 876
---
0x8000df8: STM    R13!, {R14}                  ; N: 0, Z: 0, C: 0, V: 0, I: 1, F: 1, T: 0, M: SVC (09)
0x8000dfc: LDR    R0, [R15, #0x1BC]            ; N: 0, Z: 0, C: 0, V: 0, I: 1, F: 1, T: 0, M: SVC (15)
0x8000e00: MOV    R1, #0x3C                    ; N: 0, Z: 0, C: 0, V: 0, I: 1, F: 1, T: 0, M: SVC (06)
0x8000e04: MOV    R2, #0x1                     ; N: 0, Z: 0, C: 0, V: 0, I: 1, F: 1, T: 0, M: SVC (06)
0x8000e08: MOV    R3, #0x4                     ; N: 0, Z: 0, C: 0, V: 0, I: 1, F: 1, T: 0, M: SVC (06)
0x8000e0c: BL     -2340                        ; N: 0, Z: 0, C: 0, V: 0, I: 1, F: 1, T: 0, M: SVC (20)
0x8000e10: MOV    R1, #0x0                     ; N: 0, Z: 0, C: 0, V: 0, I: 1, F: 1, T: 0, M: SVC (06)
0x8000e14: MOV    R2, #0x2, ROR #2             ; N: 0, Z: 0, C: 0, V: 0, I: 1, F: 1, T: 0, M: SVC (06)
0x8000e18: MOV    R3, #0x8                     ; N: 0, Z: 0, C: 0, V: 0, I: 1, F: 1, T: 0, M: SVC (06)
0x8000e1c: MOV    R5, #0x1                     ; N: 0, Z: 0, C: 0, V: 0, I: 1, F: 1, T: 0, M: SVC (06)
0x8000e20: MOV    R4, #0x2                     ; N: 0, Z: 0, C: 0, V: 0, I: 1, F: 1, T: 0, M: SVC (06)
0x8000e24: UMLAL  R4, R5, R2, R3               ; N: 0, Z: 0, C: 0, V: 0, I: 1, F: 1, T: 0, M: SVC (09)
0x8000e28: ORRMI  R1, R1, #0x2                 ; N: 0, Z: 0, C: 0, V: 0, I: 1, F: 1, T: 0, M: SVC (06)
0x8000e2c: ORREQ  R1, R1, #0x8                 ; N: 0, Z: 0, C: 0, V: 0, I: 1, F: 1, T: 0, M: SVC (06)
0x8000e30: CMPS   R4, #0x2                     ; N: 0, Z: 1, C: 1, V: 0, I: 1, F: 1, T: 0, M: SVC (06)
0x8000e34: ORRNE  R1, R1, #0x10                ; N: 0, Z: 1, C: 1, V: 0, I: 1, F: 1, T: 0, M: SVC (06)
0x8000e38: CMPS   R5, #0x5                     ; N: 0, Z: 1, C: 1, V: 0, I: 1, F: 1, T: 0, M: SVC (06)
0x8000e3c: ORRNE  R1, R1, #0x10                ; N: 0, Z: 1, C: 1, V: 0, I: 1, F: 1, T: 0, M: SVC (06)
0x8000e40: LDR    R0, [R15, #0x17C]            ; N: 0, Z: 1, C: 1, V: 0, I: 1, F: 1, T: 0, M: SVC (15)
0x8000e44: BL     -2072                        ; N: 0, Z: 1, C: 1, V: 0, I: 1, F: 1, T: 0, M: SVC (20)
0x8000e48: ADD    R8, R8, #0x8                 ; N: 0, Z: 1, C: 1, V: 0, I: 1, F: 1, T: 0, M: SVC (06)
0x8000e4c: MOV    R1, #0x0                     ; N: 0, Z: 1, C: 1, V: 0, I: 1, F: 1, T: 0, M: SVC (06)
0x8000e50: MOV    R2, #0x6, ROR #2             ; N: 0, Z: 1, C: 1, V: 0, I: 1, F: 1, T: 0, M: SVC (06)
0x8000e54: MOV    R3, #0x8                     ; N: 0, Z: 1, C: 1, V: 0, I: 1, F: 1, T: 0, M: SVC (06)
0x8000e58: MOV    R5, #0x5                     ; N: 0, Z: 1, C: 1, V: 0, I: 1, F: 1, T: 0, M: SVC (06)
0x8000e5c: MVN    R4, #0x7                     ; N: 0, Z: 1, C: 1, V: 0, I: 1, F: 1, T: 0, M: SVC (06)
0x8000e60: SMLAL  R4, R5, R2, R3               ; N: 0, Z: 0, C: 0, V: 0, I: 1, F: 1, T: 0, M: SVC (09)
0x8000e64: ORRMI  R1, R1, #0x2                 ; N: 0, Z: 0, C: 0, V: 0, I: 1, F: 1, T: 0, M: SVC (06)
0x8000e68: ORREQ  R1, R1, #0x8                 ; N: 0, Z: 0, C: 0, V: 0, I: 1, F: 1, T: 0, M: SVC (06)
0x8000e6c: CMPS   R5, #0x2                     ; N: 0, Z: 1, C: 1, V: 0, I: 1, F: 1, T: 0, M: SVC (06)
0x8000e70: ORRNE  R1, R1, #0x10                ; N: 0, Z: 1, C: 1, V: 0, I: 1, F: 1, T: 0, M: SVC (06)
0x8000e74: CMPS   R4, #0x0                     ; N: 0, Z: 1, C: 1, V: 0, I: 1, F: 1, T: 0, M: SVC (06)
0x8000e78: ORRNE  R1, R1, #0x10                ; N: 0, Z: 1, C: 1, V: 0, I: 1, F: 1, T: 0, M: SVC (06)
0x8000e7c: LDR    R0, [R15, #0x144]            ; N: 0, Z: 1, C: 1, V: 0, I: 1, F: 1, T: 0, M: SVC (15)
0x8000e80: BL     -2132                        ; N: 0, Z: 1, C: 1, V: 0, I: 1, F: 1, T: 0, M: SVC (20)
0x8000e84: ADD    R8, R8, #0x8                 ; N: 0, Z: 1, C: 1, V: 0, I: 1, F: 1, T: 0, M: SVC (06)
0x8000e88: MOV    R1, #0x0                     ; N: 0, Z: 1, C: 1, V: 0, I: 1, F: 1, T: 0, M: SVC (06)
0x8000e8c: ADDS   R1, R1, #0x1                 ; N: 0, Z: 0, C: 0, V: 0, I: 1, F: 1, T: 0, M: SVC (06)
0x8000e90: MOV    R1, #0x0                     ; N: 0, Z: 0, C: 0, V: 0, I: 1, F: 1, T: 0, M: SVC (06)
0x8000e94: LDR    R5, [R15, #0x130]            ; N: 0, Z: 0, C: 0, V: 0, I: 1, F: 1, T: 0, M: SVC (15)
0x8000e98: STR    R1, [R5]                     ; N: 0, Z: 0, C: 0, V: 0, I: 1, F: 1, T: 0, M: SVC (09)
0x8000e9c: MOV    R0, #0x3, ROR #2             ; N: 0, Z: 0, C: 0, V: 0, I: 1, F: 1, T: 0, M: SVC (06)
0x8000ea0: SWP    R0, R0, [R5]                 ; N: 0, Z: 0, C: 0, V: 0, I: 1, F: 1, T: 0, M: SVC (09)
0x8000ea4: ORRCS  R1, R1, #0x1                 ; N: 0, Z: 0, C: 0, V: 0, I: 1, F: 1, T: 0, M: SVC (06)
0x8000ea8: ORRMI  R1, R1, #0x2                 ; N: 0, Z: 0, C: 0, V: 0, I: 1, F: 1, T: 0, M: SVC (06)
0x8000eac: ORRVS  R1, R1, #0x4                 ; N: 0, Z: 0, C: 0, V: 0, I: 1, F: 1, T: 0, M: SVC (06)
0x8000eb0: ORREQ  R1, R1, #0x8                 ; N: 0, Z: 0, C: 0, V: 0, I: 1, F: 1, T: 0, M: SVC (06)
0x8000eb4: CMPS   R0, #0x0                     ; N: 0, Z: 1, C: 1, V: 0, I: 1, F: 1, T: 0, M: SVC (06)
0x8000eb8: ORRNE  R1, R1, #0x10                ; N: 0, Z: 1, C: 1, V: 0, I: 1, F: 1, T: 0, M: SVC (06)
0x8000ebc: LDR    R0, [R5]                     ; N: 0, Z: 1, C: 1, V: 0, I: 1, F: 1, T: 0, M: SVC (08)
0x8000ec0: CMPS   R0, #0x3, ROR #2             ; N: 0, Z: 1, C: 1, V: 0, I: 1, F: 1, T: 0, M: SVC (06)
0x8000ec4: ORRNE  R1, R1, #0x10                ; N: 0, Z: 1, C: 1, V: 0, I: 1, F: 1, T: 0, M: SVC (06)
0x8000ec8: LDR    R0, [R15, #0x100]            ; N: 0, Z: 1, C: 1, V: 0, I: 1, F: 1, T: 0, M: SVC (15)
0x8000ecc: BL     -2208                        ; N: 0, Z: 1, C: 1, V: 0, I: 1, F: 1, T: 0, M: SVC (20)
0x8000ed0: ADD    R8, R8, #0x8                 ; N: 0, Z: 1, C: 1, V: 0, I: 1, F: 1, T: 0, M: SVC (06)
0x8000ed4: MOV    R1, #0x0                     ; N: 0, Z: 1, C: 1, V: 0, I: 1, F: 1, T: 0, M: SVC (06)
0x8000ed8: ADDS   R1, R1, #0x0                 ; N: 0, Z: 1, C: 0, V: 0, I: 1, F: 1, T: 0, M: SVC (06)
0x8000edc: LDR    R5, [R15, #0xE8]             ; N: 0, Z: 1, C: 0, V: 0, I: 1, F: 1, T: 0, M: SVC (15)
0x8000ee0: MOV    R4, #0xFF                    ; N: 0, Z: 1, C: 0, V: 0, I: 1, F: 1, T: 0, M: SVC (06)
0x8000ee4: ADD    R4, R4, #0x80                ; N: 0, Z: 1, C: 0, V: 0, I: 1, F: 1, T: 0, M: SVC (06)
0x8000ee8: STR    R4, [R5]                     ; N: 0, Z: 1, C: 0, V: 0, I: 1, F: 1, T: 0, M: SVC (09)
0x8000eec: MOV    R0, #0x3, ROR #2             ; N: 0, Z: 1, C: 0, V: 0, I: 1, F: 1, T: 0, M: SVC (06)
0x8000ef0: ORR    R0, R0, #0x80                ; N: 0, Z: 1, C: 0, V: 0, I: 1, F: 1, T: 0, M: SVC (06)
0x8000ef4: SWPB   R0, R0, [R5]                 ; N: 0, Z: 1, C: 0, V: 0, I: 1, F: 1, T: 0, M: SVC (09)
0x8000ef8: ORRCS  R1, R1, #0x1                 ; N: 0, Z: 1, C: 0, V: 0, I: 1, F: 1, T: 0, M: SVC (06)
0x8000efc: ORRMI  R1, R1, #0x2                 ; N: 0, Z: 1, C: 0, V: 0, I: 1, F: 1, T: 0, M: SVC (06)
0x8000f00: ORRVS  R1, R1, #0x4                 ; N: 0, Z: 1, C: 0, V: 0, I: 1, F: 1, T: 0, M: SVC (06)
0x8000f04: ORRNE  R1, R1, #0x8                 ; N: 0, Z: 1, C: 0, V: 0, I: 1, F: 1, T: 0, M: SVC (06)
0x8000f08: CMPS   R0, #0x7F                    ; N: 0, Z: 1, C: 1, V: 0, I: 1, F: 1, T: 0, M: SVC (06)
0x8000f0c: ORRNE  R1, R1, #0x10                ; N: 0, Z: 1, C: 1, V: 0, I: 1, F: 1, T: 0, M: SVC (06)
0x8000f10: LDR    R0, [R5]                     ; N: 0, Z: 1, C: 1, V: 0, I: 1, F: 1, T: 0, M: SVC (08)
0x8000f14: CMPS   R0, #0x6, ROR #26            ; N: 0, Z: 1, C: 1, V: 0, I: 1, F: 1, T: 0, M: SVC (06)
0x8000f18: ORRNE  R1, R1, #0x10                ; N: 0, Z: 1, C: 1, V: 0, I: 1, F: 1, T: 0, M: SVC (06)
0x8000f1c: LDR    R0, [R15, #0xB0]             ; N: 0, Z: 1, C: 1, V: 0, I: 1, F: 1, T: 0, M: SVC (15)
0x8000f20: BL     -2292                        ; N: 0, Z: 1, C: 1, V: 0, I: 1, F: 1, T: 0, M: SVC (20)
0x8000f24: ADD    R8, R8, #0x8                 ; N: 0, Z: 1, C: 1, V: 0, I: 1, F: 1, T: 0, M: SVC (06)
0x8000f28: MOV    R1, #0x0                     ; N: 0, Z: 1, C: 1, V: 0, I: 1, F: 1, T: 0, M: SVC (06)
0x8000f2c: MOV    R0, #0x3, ROR #2             ; N: 0, Z: 1, C: 1, V: 0, I: 1, F: 1, T: 0, M: SVC (06)
0x8000f30: ADDS   R0, R0, R0, LSL #32          ; N: 1, Z: 0, C: 1, V: 0, I: 1, F: 1, T: 0, M: SVC (06)
0x8000f34: MOV    R2, #0x5, ROR #4             ; N: 1, Z: 0, C: 1, V: 0, I: 1, F: 1, T: 0, M: SVC (06)
0x8000f38: MRS    R2                           ; N: 1, Z: 0, C: 1, V: 0, I: 1, F: 1, T: 0, M: SVC (06)
0x8000f3c: TSTS   R2, #0x2, ROR #4             ; N: 0, Z: 0, C: 0, V: 0, I: 1, F: 1, T: 0, M: SVC (06)
0x8000f40: ORREQ  R1, R1, #0x1                 ; N: 0, Z: 0, C: 0, V: 0, I: 1, F: 1, T: 0, M: SVC (06)
0x8000f44: TSTS   R2, #0x2, ROR #2             ; N: 1, Z: 0, C: 1, V: 0, I: 1, F: 1, T: 0, M: SVC (06)
0x8000f48: ORREQ  R1, R1, #0x2                 ; N: 1, Z: 0, C: 1, V: 0, I: 1, F: 1, T: 0, M: SVC (06)
0x8000f4c: TSTS   R2, #0x1, ROR #4             ; N: 0, Z: 1, C: 0, V: 0, I: 1, F: 1, T: 0, M: SVC (06)
0x8000f50: ORRNE  R1, R1, #0x4                 ; N: 0, Z: 1, C: 0, V: 0, I: 1, F: 1, T: 0, M: SVC (06)
0x8000f54: TSTS   R2, #0x1, ROR #2             ; N: 0, Z: 1, C: 0, V: 0, I: 1, F: 1, T: 0, M: SVC (06)
0x8000f58: ORRNE  R1, R1, #0x8                 ; N: 0, Z: 1, C: 0, V: 0, I: 1, F: 1, T: 0, M: SVC (06)
0x8000f5c: LDR    R0, [R15, #0x74]             ; N: 0, Z: 1, C: 0, V: 0, I: 1, F: 1, T: 0, M: SVC (15)
0x8000f60: BL     -2356                        ; N: 0, Z: 1, C: 0, V: 0, I: 1, F: 1, T: 0, M: SVC (20)
0x8000f64: ADD    R8, R8, #0x8                 ; N: 0, Z: 1, C: 0, V: 0, I: 1, F: 1, T: 0, M: SVC (06)
0x8000f68: MOV    R1, #0x0                     ; N: 0, Z: 1, C: 0, V: 0, I: 1, F: 1, T: 0, M: SVC (06)
0x8000f6c: MOVS   R2, #0x0                     ; N: 0, Z: 1, C: 0, V: 0, I: 1, F: 1, T: 0, M: SVC (06)
0x8000f70: MSR    CPSR_F, #0x90000000          ; N: 1, Z: 0, C: 0, V: 1, I: 1, F: 1, T: 0, M: SVC (06)
0x8000f74: ORRCS  R1, R1, #0x1                 ; N: 1, Z: 0, C: 0, V: 1, I: 1, F: 1, T: 0, M: SVC (06)
0x8000f78: ORRPL  R1, R1, #0x2                 ; N: 1, Z: 0, C: 0, V: 1, I: 1, F: 1, T: 0, M: SVC (06)
0x8000f7c: ORRVC  R1, R1, #0x4                 ; N: 1, Z: 0, C: 0, V: 1, I: 1, F: 1, T: 0, M: SVC (06)
0x8000f80: ORREQ  R1, R1, #0x8                 ; N: 1, Z: 0, C: 0, V: 1, I: 1, F: 1, T: 0, M: SVC (06)
0x8000f84: MOV    R11, #0x1                    ; N: 1, Z: 0, C: 0, V: 1, I: 1, F: 1, T: 0, M: SVC (06)
0x8000f88: MRS    R2                           ; N: 1, Z: 0, C: 0, V: 1, I: 1, F: 1, T: 0, M: SVC (06)
0x8000f8c: BIC    R2, R2, #0x1F                ; N: 1, Z: 0, C: 0, V: 1, I: 1, F: 1, T: 0, M: SVC (06)
0x8000f90: ORR    R2, R2, #0x11                ; N: 1, Z: 0, C: 0, V: 1, I: 1, F: 1, T: 0, M: SVC (06)
0x8000f94: MSR    CPSR_FC, R2                  ; N: 1, Z: 0, C: 0, V: 1, I: 1, F: 1, T: 0, M: FIQ (06)
0x8000f98: MOV    R11, #0x2                    ; N: 1, Z: 0, C: 0, V: 1, I: 1, F: 1, T: 0, M: FIQ (06)
0x8000f9c: ORR    R2, R2, #0x1F                ; N: 1, Z: 0, C: 0, V: 1, I: 1, F: 1, T: 0, M: FIQ (06)
0x8000fa0: MSR    CPSR_FC, R2                  ; N: 1, Z: 0, C: 0, V: 1, I: 1, F: 1, T: 0, M: SYS (06)
0x8000fa4: CMPS   R11, #0x1                    ; N: 0, Z: 1, C: 1, V: 0, I: 1, F: 1, T: 0, M: SYS (06)
0x8000fa8: ORRNE  R1, R1, #0x10                ; N: 0, Z: 1, C: 1, V: 0, I: 1, F: 1, T: 0, M: SYS (06)
0x8000fac: LDR    R0, [R15, #0x28]             ; N: 0, Z: 1, C: 1, V: 0, I: 1, F: 1, T: 0, M: SYS (15)
0x8000fb0: BL     -2436                        ; N: 0, Z: 1, C: 1, V: 0, I: 1, F: 1, T: 0, M: SYS (20)
0x8000fb4: ADD    R8, R8, #0x8                 ; N: 0, Z: 1, C: 1, V: 0, I: 1, F: 1, T: 0, M: SYS (06)
