---
source: crates/boya_core/src/cpu/thumb/mod.rs
expression: snapshot
---
steps: 220
cycles: 1420
---
0x8003b54: ldr    r0, [pc, #0x25c]             ; N: 0, Z: 0, C: 0, V: 0, I: 1, F: 1, T: 1, M: SVC (12)
0x8003b56: mov    r1, #0x58                    ; N: 0, Z: 0, C: 0, V: 0, I: 1, F: 1, T: 1, M: SVC (03)
0x8003b58: mov    r2, #0x1                     ; N: 0, Z: 0, C: 0, V: 0, I: 1, F: 1, T: 1, M: SVC (03)
0x8003b5a: mov    r3, #0x4                     ; N: 0, Z: 0, C: 0, V: 0, I: 1, F: 1, T: 1, M: SVC (03)
0x8003b5c: bll    #0x0                         ; N: 0, Z: 0, C: 0, V: 0, I: 1, F: 1, T: 1, M: SVC (03)
0x8003b5e: blh    #0x28a                       ; N: 0, Z: 0, C: 0, V: 0, I: 1, F: 1, T: 1, M: SVC (11)
0x8003b60: mov    r6, #0x0                     ; N: 0, Z: 1, C: 0, V: 0, I: 1, F: 1, T: 1, M: SVC (03)
0x8003b62: mov    r0, #0x0                     ; N: 0, Z: 1, C: 0, V: 0, I: 1, F: 1, T: 1, M: SVC (03)
0x8003b64: mov    r1, #0x1                     ; N: 0, Z: 0, C: 0, V: 0, I: 1, F: 1, T: 1, M: SVC (03)
0x8003b66: mov    r2, #0x4                     ; N: 0, Z: 0, C: 0, V: 0, I: 1, F: 1, T: 1, M: SVC (03)
0x8003b68: mov    r3, #0x5                     ; N: 0, Z: 0, C: 0, V: 0, I: 1, F: 1, T: 1, M: SVC (03)
0x8003b6a: add    r0, r1, #0x2                 ; N: 0, Z: 0, C: 0, V: 0, I: 1, F: 1, T: 1, M: SVC (03)
0x8003b6c: cmp    r0, #0x3                     ; N: 0, Z: 1, C: 1, V: 0, I: 1, F: 1, T: 1, M: SVC (03)
0x8003b6e: beq    2                            ; N: 0, Z: 1, C: 1, V: 0, I: 1, F: 1, T: 1, M: SVC (11)
0x8003b74: add    r0, r1, r2                   ; N: 0, Z: 0, C: 0, V: 0, I: 1, F: 1, T: 1, M: SVC (03)
0x8003b76: cmp    r0, #0x5                     ; N: 0, Z: 1, C: 1, V: 0, I: 1, F: 1, T: 1, M: SVC (03)
0x8003b78: beq    2                            ; N: 0, Z: 1, C: 1, V: 0, I: 1, F: 1, T: 1, M: SVC (11)
0x8003b7e: mov    r0, #0x2                     ; N: 0, Z: 0, C: 1, V: 0, I: 1, F: 1, T: 1, M: SVC (03)
0x8003b80: mov    r1, #0x0                     ; N: 0, Z: 1, C: 1, V: 0, I: 1, F: 1, T: 1, M: SVC (03)
0x8003b82: mov    r2, #0x0                     ; N: 0, Z: 1, C: 1, V: 0, I: 1, F: 1, T: 1, M: SVC (03)
0x8003b84: add    r1, #0x0                     ; N: 0, Z: 1, C: 0, V: 0, I: 1, F: 1, T: 1, M: SVC (03)
0x8003b86: add    r0, r11                      ; N: 0, Z: 1, C: 0, V: 0, I: 1, F: 1, T: 1, M: SVC (03)
0x8003b88: bcc    0                            ; N: 0, Z: 1, C: 0, V: 0, I: 1, F: 1, T: 1, M: SVC (11)
0x8003b8c: cmp    r0, #0x1                     ; N: 0, Z: 0, C: 1, V: 0, I: 1, F: 1, T: 1, M: SVC (03)
0x8003b8e: beq    2                            ; N: 0, Z: 0, C: 1, V: 0, I: 1, F: 1, T: 1, M: SVC (05)
0x8003b90: lsl    r4, r5, #0x8                 ; N: 0, Z: 1, C: 0, V: 0, I: 1, F: 1, T: 1, M: SVC (03)
0x8003b92: orr    r6, r4                       ; N: 0, Z: 1, C: 0, V: 0, I: 1, F: 1, T: 1, M: SVC (03)
0x8003b94: mov    r0, #0x0                     ; N: 0, Z: 1, C: 0, V: 0, I: 1, F: 1, T: 1, M: SVC (03)
0x8003b96: add    r0, pc, #0x4                 ; N: 0, Z: 1, C: 0, V: 0, I: 1, F: 1, T: 1, M: SVC (03)
0x8003b98: beq    2                            ; N: 0, Z: 1, C: 0, V: 0, I: 1, F: 1, T: 1, M: SVC (11)
0x8003b9e: ldr    r1, [pc, #0x218]             ; N: 0, Z: 1, C: 0, V: 0, I: 1, F: 1, T: 1, M: SVC (12)
0x8003ba0: cmp    r0, r1                       ; N: 0, Z: 1, C: 1, V: 0, I: 1, F: 1, T: 1, M: SVC (03)
0x8003ba2: beq    2                            ; N: 0, Z: 1, C: 1, V: 0, I: 1, F: 1, T: 1, M: SVC (11)
0x8003ba8: ldr    r0, [pc, #0x210]             ; N: 0, Z: 1, C: 1, V: 0, I: 1, F: 1, T: 1, M: SVC (12)
0x8003baa: add    r1, r0, #0x0                 ; N: 1, Z: 0, C: 0, V: 0, I: 1, F: 1, T: 1, M: SVC (03)
0x8003bac: add    r0, #0xff                    ; N: 0, Z: 1, C: 1, V: 0, I: 1, F: 1, T: 1, M: SVC (03)
0x8003bae: beq    2                            ; N: 0, Z: 1, C: 1, V: 0, I: 1, F: 1, T: 1, M: SVC (11)
0x8003bb4: cmp    r0, #0x0                     ; N: 0, Z: 1, C: 1, V: 0, I: 1, F: 1, T: 1, M: SVC (03)
0x8003bb6: beq    2                            ; N: 0, Z: 1, C: 1, V: 0, I: 1, F: 1, T: 1, M: SVC (11)
0x8003bbc: add    r1, #0xff                    ; N: 0, Z: 1, C: 1, V: 0, I: 1, F: 1, T: 1, M: SVC (03)
0x8003bbe: bcs    0                            ; N: 0, Z: 1, C: 1, V: 0, I: 1, F: 1, T: 1, M: SVC (11)
0x8003bc2: ldr    r0, [pc, #0x1fc]             ; N: 0, Z: 1, C: 1, V: 0, I: 1, F: 1, T: 1, M: SVC (12)
0x8003bc4: bll    #0x0                         ; N: 0, Z: 1, C: 1, V: 0, I: 1, F: 1, T: 1, M: SVC (03)
0x8003bc6: blh    #0x20e                       ; N: 0, Z: 1, C: 1, V: 0, I: 1, F: 1, T: 1, M: SVC (11)
0x8003bc8: add    r7, #0x8                     ; N: 0, Z: 0, C: 0, V: 0, I: 1, F: 1, T: 1, M: SVC (03)
0x8003bca: mov    r6, #0x0                     ; N: 0, Z: 1, C: 0, V: 0, I: 1, F: 1, T: 1, M: SVC (03)
0x8003bcc: ldr    r0, [pc, #0x1f4]             ; N: 0, Z: 1, C: 0, V: 0, I: 1, F: 1, T: 1, M: SVC (12)
0x8003bce: ldr    r1, [pc, #0x1f8]             ; N: 0, Z: 1, C: 0, V: 0, I: 1, F: 1, T: 1, M: SVC (12)
0x8003bd0: mov    r2, #0x0                     ; N: 0, Z: 1, C: 0, V: 0, I: 1, F: 1, T: 1, M: SVC (03)
0x8003bd2: add    r2, #0x0                     ; N: 0, Z: 1, C: 0, V: 0, I: 1, F: 1, T: 1, M: SVC (03)
0x8003bd4: asr    r0, r0, #0x0                 ; N: 1, Z: 0, C: 1, V: 0, I: 1, F: 1, T: 1, M: SVC (03)
0x8003bd6: bcs    0                            ; N: 1, Z: 0, C: 1, V: 0, I: 1, F: 1, T: 1, M: SVC (11)
0x8003bda: cmp    r1, r0                       ; N: 0, Z: 1, C: 1, V: 0, I: 1, F: 1, T: 1, M: SVC (03)
0x8003bdc: beq    2                            ; N: 0, Z: 1, C: 1, V: 0, I: 1, F: 1, T: 1, M: SVC (11)
0x8003be2: ldr    r0, [pc, #0x1e0]             ; N: 0, Z: 1, C: 1, V: 0, I: 1, F: 1, T: 1, M: SVC (12)
0x8003be4: asr    r0, r0, #0x0                 ; N: 1, Z: 0, C: 1, V: 0, I: 1, F: 1, T: 1, M: SVC (03)
0x8003be6: bmi    2                            ; N: 1, Z: 0, C: 1, V: 0, I: 1, F: 1, T: 1, M: SVC (11)
0x8003bec: ldr    r0, [pc, #0x1d4]             ; N: 1, Z: 0, C: 1, V: 0, I: 1, F: 1, T: 1, M: SVC (12)
0x8003bee: asr    r0, r0, #0x0                 ; N: 1, Z: 0, C: 1, V: 0, I: 1, F: 1, T: 1, M: SVC (03)
0x8003bf0: bne    2                            ; N: 1, Z: 0, C: 1, V: 0, I: 1, F: 1, T: 1, M: SVC (11)
0x8003bf6: ldr    r0, [pc, #0x1d4]             ; N: 1, Z: 0, C: 1, V: 0, I: 1, F: 1, T: 1, M: SVC (12)
0x8003bf8: bll    #0x0                         ; N: 1, Z: 0, C: 1, V: 0, I: 1, F: 1, T: 1, M: SVC (03)
0x8003bfa: blh    #0x1f4                       ; N: 1, Z: 0, C: 1, V: 0, I: 1, F: 1, T: 1, M: SVC (11)
0x8003bfc: add    r7, #0x8                     ; N: 0, Z: 0, C: 0, V: 0, I: 1, F: 1, T: 1, M: SVC (03)
0x8003bfe: mov    r1, #0x0                     ; N: 0, Z: 1, C: 0, V: 0, I: 1, F: 1, T: 1, M: SVC (03)
0x8003c00: add    r2, #0x0                     ; N: 0, Z: 1, C: 0, V: 0, I: 1, F: 1, T: 1, M: SVC (03)
0x8003c02: ldr    r2, [pc, #0x1c4]             ; N: 0, Z: 1, C: 0, V: 0, I: 1, F: 1, T: 1, M: SVC (12)
0x8003c04: ldr    r3, [pc, #0x1c8]             ; N: 0, Z: 1, C: 0, V: 0, I: 1, F: 1, T: 1, M: SVC (12)
0x8003c06: bic    r2, r3                       ; N: 0, Z: 0, C: 0, V: 0, I: 1, F: 1, T: 1, M: SVC (03)
0x8003c08: bcc    2                            ; N: 0, Z: 0, C: 0, V: 0, I: 1, F: 1, T: 1, M: SVC (11)
0x8003c0e: mov    r3, #0x1                     ; N: 0, Z: 0, C: 0, V: 0, I: 1, F: 1, T: 1, M: SVC (03)
0x8003c10: orr    r1, r3                       ; N: 0, Z: 0, C: 0, V: 0, I: 1, F: 1, T: 1, M: SVC (03)
0x8003c12: b      10                           ; N: 0, Z: 0, C: 0, V: 0, I: 1, F: 1, T: 1, M: SVC (11)
0x8003c20: ldr    r3, [pc, #0x1b0]             ; N: 0, Z: 0, C: 0, V: 0, I: 1, F: 1, T: 1, M: SVC (12)
0x8003c22: cmp    r2, r3                       ; N: 0, Z: 0, C: 1, V: 0, I: 1, F: 1, T: 1, M: SVC (03)
0x8003c24: bne    0                            ; N: 0, Z: 0, C: 1, V: 0, I: 1, F: 1, T: 1, M: SVC (11)
0x8003c28: mov    r3, #0x10                    ; N: 0, Z: 0, C: 1, V: 0, I: 1, F: 1, T: 1, M: SVC (03)
0x8003c2a: orr    r1, r3                       ; N: 0, Z: 0, C: 1, V: 0, I: 1, F: 1, T: 1, M: SVC (03)
0x8003c2c: b      -2                           ; N: 0, Z: 0, C: 1, V: 0, I: 1, F: 1, T: 1, M: SVC (11)
0x8003c2e: ldr    r0, [pc, #0x1a8]             ; N: 0, Z: 0, C: 1, V: 0, I: 1, F: 1, T: 1, M: SVC (12)
0x8003c30: bll    #0x0                         ; N: 0, Z: 0, C: 1, V: 0, I: 1, F: 1, T: 1, M: SVC (03)
0x8003c32: blh    #0x1d8                       ; N: 0, Z: 0, C: 1, V: 0, I: 1, F: 1, T: 1, M: SVC (11)
0x8003c34: add    r7, #0x8                     ; N: 0, Z: 0, C: 0, V: 0, I: 1, F: 1, T: 1, M: SVC (03)
0x8003c36: mov    r6, #0x0                     ; N: 0, Z: 1, C: 0, V: 0, I: 1, F: 1, T: 1, M: SVC (03)
0x8003c38: mov    r0, #0x1                     ; N: 0, Z: 0, C: 0, V: 0, I: 1, F: 1, T: 1, M: SVC (03)
0x8003c3a: neg    r1, r0                       ; N: 1, Z: 0, C: 0, V: 0, I: 1, F: 1, T: 1, M: SVC (03)
0x8003c3c: cmp    r1, #0x0                     ; N: 1, Z: 0, C: 1, V: 0, I: 1, F: 1, T: 1, M: SVC (03)
0x8003c3e: blt    0                            ; N: 1, Z: 0, C: 1, V: 0, I: 1, F: 1, T: 1, M: SVC (11)
0x8003c42: ldr    r0, [pc, #0x198]             ; N: 1, Z: 0, C: 1, V: 0, I: 1, F: 1, T: 1, M: SVC (12)
0x8003c44: bll    #0x0                         ; N: 1, Z: 0, C: 1, V: 0, I: 1, F: 1, T: 1, M: SVC (03)
0x8003c46: blh    #0x1ce                       ; N: 1, Z: 0, C: 1, V: 0, I: 1, F: 1, T: 1, M: SVC (11)
0x8003c48: add    r7, #0x8                     ; N: 0, Z: 0, C: 0, V: 0, I: 1, F: 1, T: 1, M: SVC (03)
0x8003c4a: mov    r6, #0x0                     ; N: 0, Z: 1, C: 0, V: 0, I: 1, F: 1, T: 1, M: SVC (03)
0x8003c4c: mov    r0, #0x3                     ; N: 0, Z: 0, C: 0, V: 0, I: 1, F: 1, T: 1, M: SVC (03)
0x8003c4e: mov    r1, #0x20                    ; N: 0, Z: 0, C: 0, V: 0, I: 1, F: 1, T: 1, M: SVC (03)
0x8003c50: lsl    r0, r1                       ; N: 0, Z: 1, C: 1, V: 0, I: 1, F: 1, T: 1, M: SVC (03)
0x8003c52: bcs    0                            ; N: 0, Z: 1, C: 1, V: 0, I: 1, F: 1, T: 1, M: SVC (11)
0x8003c56: cmp    r0, #0x0                     ; N: 0, Z: 1, C: 1, V: 0, I: 1, F: 1, T: 1, M: SVC (03)
0x8003c58: beq    2                            ; N: 0, Z: 1, C: 1, V: 0, I: 1, F: 1, T: 1, M: SVC (11)
0x8003c5e: mov    r0, #0x3                     ; N: 0, Z: 0, C: 1, V: 0, I: 1, F: 1, T: 1, M: SVC (03)
0x8003c60: lsl    r0, r1                       ; N: 0, Z: 1, C: 1, V: 0, I: 1, F: 1, T: 1, M: SVC (03)
0x8003c62: bpl    2                            ; N: 0, Z: 1, C: 1, V: 0, I: 1, F: 1, T: 1, M: SVC (11)
0x8003c68: mov    r0, #0x3                     ; N: 0, Z: 0, C: 1, V: 0, I: 1, F: 1, T: 1, M: SVC (03)
0x8003c6a: lsl    r0, r1                       ; N: 0, Z: 1, C: 1, V: 0, I: 1, F: 1, T: 1, M: SVC (03)
0x8003c6c: beq    2                            ; N: 0, Z: 1, C: 1, V: 0, I: 1, F: 1, T: 1, M: SVC (11)
0x8003c72: ldr    r0, [pc, #0x16c]             ; N: 0, Z: 1, C: 1, V: 0, I: 1, F: 1, T: 1, M: SVC (12)
0x8003c74: bll    #0x0                         ; N: 0, Z: 1, C: 1, V: 0, I: 1, F: 1, T: 1, M: SVC (03)
0x8003c76: blh    #0x1b6                       ; N: 0, Z: 1, C: 1, V: 0, I: 1, F: 1, T: 1, M: SVC (11)
0x8003c78: add    r7, #0x8                     ; N: 0, Z: 0, C: 0, V: 0, I: 1, F: 1, T: 1, M: SVC (03)
0x8003c7a: mov    r6, #0x0                     ; N: 0, Z: 1, C: 0, V: 0, I: 1, F: 1, T: 1, M: SVC (03)
0x8003c7c: ldr    r0, [pc, #0x144]             ; N: 0, Z: 1, C: 0, V: 0, I: 1, F: 1, T: 1, M: SVC (12)
0x8003c7e: mov    r1, #0x2                     ; N: 0, Z: 0, C: 0, V: 0, I: 1, F: 1, T: 1, M: SVC (03)
0x8003c80: mov    r2, #0x0                     ; N: 0, Z: 1, C: 0, V: 0, I: 1, F: 1, T: 1, M: SVC (03)
0x8003c82: add    r2, #0x0                     ; N: 0, Z: 1, C: 0, V: 0, I: 1, F: 1, T: 1, M: SVC (03)
0x8003c84: lsr    r1, r0, #0x0                 ; N: 0, Z: 1, C: 1, V: 0, I: 1, F: 1, T: 1, M: SVC (03)
0x8003c86: bcs    0                            ; N: 0, Z: 1, C: 1, V: 0, I: 1, F: 1, T: 1, M: SVC (11)
0x8003c8a: cmp    r1, #0x0                     ; N: 0, Z: 1, C: 1, V: 0, I: 1, F: 1, T: 1, M: SVC (03)
0x8003c8c: beq    2                            ; N: 0, Z: 1, C: 1, V: 0, I: 1, F: 1, T: 1, M: SVC (11)
0x8003c92: ldr    r0, [pc, #0x150]             ; N: 0, Z: 1, C: 1, V: 0, I: 1, F: 1, T: 1, M: SVC (12)
0x8003c94: bll    #0x0                         ; N: 0, Z: 1, C: 1, V: 0, I: 1, F: 1, T: 1, M: SVC (03)
0x8003c96: blh    #0x1a6                       ; N: 0, Z: 1, C: 1, V: 0, I: 1, F: 1, T: 1, M: SVC (11)
0x8003c98: add    r7, #0x8                     ; N: 0, Z: 0, C: 0, V: 0, I: 1, F: 1, T: 1, M: SVC (03)
0x8003c9a: mov    r6, #0x0                     ; N: 0, Z: 1, C: 0, V: 0, I: 1, F: 1, T: 1, M: SVC (03)
0x8003c9c: mov    r0, #0x1                     ; N: 0, Z: 0, C: 0, V: 0, I: 1, F: 1, T: 1, M: SVC (03)
0x8003c9e: mov    r1, #0x14                    ; N: 0, Z: 0, C: 0, V: 0, I: 1, F: 1, T: 1, M: SVC (03)
0x8003ca0: ldr    r2, [pc, #0x144]             ; N: 0, Z: 0, C: 0, V: 0, I: 1, F: 1, T: 1, M: SVC (12)
0x8003ca2: ldr    r3, [pc, #0x148]             ; N: 0, Z: 0, C: 0, V: 0, I: 1, F: 1, T: 1, M: SVC (12)
0x8003ca4: lsr    r0, r0, #0x1                 ; N: 0, Z: 1, C: 1, V: 0, I: 1, F: 1, T: 1, M: SVC (03)
0x8003ca6: mul    r1, r2                       ; N: 1, Z: 0, C: 0, V: 0, I: 1, F: 1, T: 1, M: SVC (07)
0x8003ca8: cmp    r1, r3                       ; N: 0, Z: 1, C: 1, V: 0, I: 1, F: 1, T: 1, M: SVC (03)
0x8003caa: beq    2                            ; N: 0, Z: 1, C: 1, V: 0, I: 1, F: 1, T: 1, M: SVC (11)
0x8003cb0: mov    r1, #0x14                    ; N: 0, Z: 0, C: 1, V: 0, I: 1, F: 1, T: 1, M: SVC (03)
0x8003cb2: mul    r1, r2                       ; N: 1, Z: 0, C: 0, V: 0, I: 1, F: 1, T: 1, M: SVC (07)
0x8003cb4: bmi    2                            ; N: 1, Z: 0, C: 0, V: 0, I: 1, F: 1, T: 1, M: SVC (11)
0x8003cba: mov    r1, #0x14                    ; N: 0, Z: 0, C: 0, V: 0, I: 1, F: 1, T: 1, M: SVC (03)
0x8003cbc: mul    r1, r2                       ; N: 1, Z: 0, C: 0, V: 0, I: 1, F: 1, T: 1, M: SVC (07)
0x8003cbe: bne    2                            ; N: 1, Z: 0, C: 0, V: 0, I: 1, F: 1, T: 1, M: SVC (11)
0x8003cc4: ldr    r0, [pc, #0x128]             ; N: 1, Z: 0, C: 0, V: 0, I: 1, F: 1, T: 1, M: SVC (12)
0x8003cc6: bll    #0x0                         ; N: 1, Z: 0, C: 0, V: 0, I: 1, F: 1, T: 1, M: SVC (03)
0x8003cc8: blh    #0x18d                       ; N: 1, Z: 0, C: 0, V: 0, I: 1, F: 1, T: 1, M: SVC (11)
0x8003cca: add    r7, #0x8                     ; N: 0, Z: 0, C: 0, V: 0, I: 1, F: 1, T: 1, M: SVC (03)
0x8003ccc: mov    r6, #0x0                     ; N: 0, Z: 1, C: 0, V: 0, I: 1, F: 1, T: 1, M: SVC (03)
0x8003cce: ldr    r0, [pc, #0x124]             ; N: 0, Z: 1, C: 0, V: 0, I: 1, F: 1, T: 1, M: SVC (12)
0x8003cd0: mvn    r0, r0                       ; N: 0, Z: 0, C: 0, V: 0, I: 1, F: 1, T: 1, M: SVC (03)
0x8003cd2: bpl    2                            ; N: 0, Z: 0, C: 0, V: 0, I: 1, F: 1, T: 1, M: SVC (11)
0x8003cd8: cmp    r0, #0xff                    ; N: 0, Z: 1, C: 1, V: 0, I: 1, F: 1, T: 1, M: SVC (03)
0x8003cda: beq    2                            ; N: 0, Z: 1, C: 1, V: 0, I: 1, F: 1, T: 1, M: SVC (11)
0x8003ce0: ldr    r0, [pc, #0x114]             ; N: 0, Z: 1, C: 1, V: 0, I: 1, F: 1, T: 1, M: SVC (12)
0x8003ce2: bll    #0x0                         ; N: 0, Z: 1, C: 1, V: 0, I: 1, F: 1, T: 1, M: SVC (03)
0x8003ce4: blh    #0x17f                       ; N: 0, Z: 1, C: 1, V: 0, I: 1, F: 1, T: 1, M: SVC (11)
0x8003ce6: add    r7, #0x8                     ; N: 0, Z: 0, C: 0, V: 0, I: 1, F: 1, T: 1, M: SVC (03)
0x8003ce8: mov    r6, #0x0                     ; N: 0, Z: 1, C: 0, V: 0, I: 1, F: 1, T: 1, M: SVC (03)
0x8003cea: mov    r0, #0x1                     ; N: 0, Z: 0, C: 0, V: 0, I: 1, F: 1, T: 1, M: SVC (03)
0x8003cec: neg    r1, r0                       ; N: 1, Z: 0, C: 0, V: 0, I: 1, F: 1, T: 1, M: SVC (03)
0x8003cee: bne    2                            ; N: 1, Z: 0, C: 0, V: 0, I: 1, F: 1, T: 1, M: SVC (11)
0x8003cf4: neg    r1, r0                       ; N: 1, Z: 0, C: 0, V: 0, I: 1, F: 1, T: 1, M: SVC (03)
0x8003cf6: bmi    2                            ; N: 1, Z: 0, C: 0, V: 0, I: 1, F: 1, T: 1, M: SVC (11)
0x8003cfc: neg    r1, r1                       ; N: 0, Z: 0, C: 0, V: 0, I: 1, F: 1, T: 1, M: SVC (03)
0x8003cfe: bpl    2                            ; N: 0, Z: 0, C: 0, V: 0, I: 1, F: 1, T: 1, M: SVC (11)
0x8003d04: neg    r0, r0                       ; N: 1, Z: 0, C: 0, V: 0, I: 1, F: 1, T: 1, M: SVC (03)
0x8003d06: ldr    r2, [pc, #0xc0]              ; N: 1, Z: 0, C: 0, V: 0, I: 1, F: 1, T: 1, M: SVC (12)
0x8003d08: cmp    r0, r2                       ; N: 0, Z: 1, C: 1, V: 0, I: 1, F: 1, T: 1, M: SVC (03)
0x8003d0a: beq    2                            ; N: 0, Z: 1, C: 1, V: 0, I: 1, F: 1, T: 1, M: SVC (11)
0x8003d10: ldr    r0, [pc, #0xe8]              ; N: 0, Z: 1, C: 1, V: 0, I: 1, F: 1, T: 1, M: SVC (12)
0x8003d12: bll    #0x0                         ; N: 0, Z: 1, C: 1, V: 0, I: 1, F: 1, T: 1, M: SVC (03)
0x8003d14: blh    #0x167                       ; N: 0, Z: 1, C: 1, V: 0, I: 1, F: 1, T: 1, M: SVC (11)
0x8003d16: add    r7, #0x8                     ; N: 0, Z: 0, C: 0, V: 0, I: 1, F: 1, T: 1, M: SVC (03)
0x8003d18: mov    r6, #0x0                     ; N: 0, Z: 1, C: 0, V: 0, I: 1, F: 1, T: 1, M: SVC (03)
0x8003d1a: mov    r0, #0x1                     ; N: 0, Z: 0, C: 0, V: 0, I: 1, F: 1, T: 1, M: SVC (03)
0x8003d1c: neg    r1, r0                       ; N: 1, Z: 0, C: 0, V: 0, I: 1, F: 1, T: 1, M: SVC (03)
0x8003d1e: sub    r2, r1, #0x1                 ; N: 1, Z: 0, C: 1, V: 0, I: 1, F: 1, T: 1, M: SVC (03)
0x8003d20: blt    0                            ; N: 1, Z: 0, C: 1, V: 0, I: 1, F: 1, T: 1, M: SVC (11)
0x8003d24: ldr    r0, [pc, #0xd8]              ; N: 1, Z: 0, C: 1, V: 0, I: 1, F: 1, T: 1, M: SVC (12)
0x8003d26: bll    #0x0                         ; N: 1, Z: 0, C: 1, V: 0, I: 1, F: 1, T: 1, M: SVC (03)
0x8003d28: blh    #0x15d                       ; N: 1, Z: 0, C: 1, V: 0, I: 1, F: 1, T: 1, M: SVC (11)
0x8003d2a: add    r7, #0x8                     ; N: 0, Z: 0, C: 0, V: 0, I: 1, F: 1, T: 1, M: SVC (03)
0x8003d2c: mov    r6, #0x0                     ; N: 0, Z: 1, C: 0, V: 0, I: 1, F: 1, T: 1, M: SVC (03)
0x8003d2e: ldr    r0, [pc, #0x94]              ; N: 0, Z: 1, C: 0, V: 0, I: 1, F: 1, T: 1, M: SVC (12)
0x8003d30: add    r1, r0, #0x0                 ; N: 1, Z: 0, C: 0, V: 0, I: 1, F: 1, T: 1, M: SVC (03)
0x8003d32: mov    r2, #0x1                     ; N: 0, Z: 0, C: 0, V: 0, I: 1, F: 1, T: 1, M: SVC (03)
0x8003d34: mov    r3, #0x0                     ; N: 0, Z: 1, C: 0, V: 0, I: 1, F: 1, T: 1, M: SVC (03)
0x8003d36: lsr    r2, r2, #0x1                 ; N: 0, Z: 1, C: 1, V: 0, I: 1, F: 1, T: 1, M: SVC (03)
0x8003d38: ror    r0, r3                       ; N: 1, Z: 0, C: 1, V: 0, I: 1, F: 1, T: 1, M: SVC (03)
0x8003d3a: bcs    0                            ; N: 1, Z: 0, C: 1, V: 0, I: 1, F: 1, T: 1, M: SVC (11)
0x8003d3e: cmp    r0, r1                       ; N: 0, Z: 1, C: 1, V: 0, I: 1, F: 1, T: 1, M: SVC (03)
0x8003d40: beq    2                            ; N: 0, Z: 1, C: 1, V: 0, I: 1, F: 1, T: 1, M: SVC (11)
0x8003d46: ldr    r0, [pc, #0x7c]              ; N: 0, Z: 1, C: 1, V: 0, I: 1, F: 1, T: 1, M: SVC (12)
0x8003d48: ldr    r1, [pc, #0xb8]              ; N: 0, Z: 1, C: 1, V: 0, I: 1, F: 1, T: 1, M: SVC (12)
0x8003d4a: mov    r2, #0x1                     ; N: 0, Z: 0, C: 1, V: 0, I: 1, F: 1, T: 1, M: SVC (03)
0x8003d4c: mov    r3, #0x10                    ; N: 0, Z: 0, C: 1, V: 0, I: 1, F: 1, T: 1, M: SVC (03)
0x8003d4e: lsr    r2, r2, #0x1                 ; N: 0, Z: 1, C: 1, V: 0, I: 1, F: 1, T: 1, M: SVC (03)
0x8003d50: ror    r0, r3                       ; N: 0, Z: 0, C: 0, V: 0, I: 1, F: 1, T: 1, M: SVC (03)
0x8003d52: cmp    r0, r1                       ; N: 0, Z: 1, C: 1, V: 0, I: 1, F: 1, T: 1, M: SVC (03)
0x8003d54: bcs    0                            ; N: 0, Z: 1, C: 1, V: 0, I: 1, F: 1, T: 1, M: SVC (11)
0x8003d58: cmp    r0, r1                       ; N: 0, Z: 1, C: 1, V: 0, I: 1, F: 1, T: 1, M: SVC (03)
0x8003d5a: beq    2                            ; N: 0, Z: 1, C: 1, V: 0, I: 1, F: 1, T: 1, M: SVC (11)
0x8003d60: ldr    r0, [pc, #0x60]              ; N: 0, Z: 1, C: 1, V: 0, I: 1, F: 1, T: 1, M: SVC (12)
0x8003d62: mov    r1, #0x42                    ; N: 0, Z: 0, C: 1, V: 0, I: 1, F: 1, T: 1, M: SVC (03)
0x8003d64: ror    r0, r1                       ; N: 0, Z: 0, C: 0, V: 0, I: 1, F: 1, T: 1, M: SVC (03)
0x8003d66: bcc    0                            ; N: 0, Z: 0, C: 0, V: 0, I: 1, F: 1, T: 1, M: SVC (11)
0x8003d6a: ldr    r2, [pc, #0x9c]              ; N: 0, Z: 0, C: 0, V: 0, I: 1, F: 1, T: 1, M: SVC (12)
0x8003d6c: cmp    r0, r2                       ; N: 0, Z: 1, C: 1, V: 0, I: 1, F: 1, T: 1, M: SVC (03)
0x8003d6e: beq    2                            ; N: 0, Z: 1, C: 1, V: 0, I: 1, F: 1, T: 1, M: SVC (11)
0x8003d74: ldr    r0, [pc, #0x4c]              ; N: 0, Z: 1, C: 1, V: 0, I: 1, F: 1, T: 1, M: SVC (12)
0x8003d76: add    r2, r0, #0x0                 ; N: 1, Z: 0, C: 0, V: 0, I: 1, F: 1, T: 1, M: SVC (03)
0x8003d78: mov    r1, #0x20                    ; N: 0, Z: 0, C: 0, V: 0, I: 1, F: 1, T: 1, M: SVC (03)
0x8003d7a: ror    r0, r1                       ; N: 1, Z: 0, C: 1, V: 0, I: 1, F: 1, T: 1, M: SVC (03)
0x8003d7c: bcs    0                            ; N: 1, Z: 0, C: 1, V: 0, I: 1, F: 1, T: 1, M: SVC (11)
0x8003d80: ldr    r0, [pc, #0x40]              ; N: 1, Z: 0, C: 1, V: 0, I: 1, F: 1, T: 1, M: SVC (12)
0x8003d82: ror    r0, r1                       ; N: 1, Z: 0, C: 1, V: 0, I: 1, F: 1, T: 1, M: SVC (03)
0x8003d84: bmi    2                            ; N: 1, Z: 0, C: 1, V: 0, I: 1, F: 1, T: 1, M: SVC (11)
0x8003d8a: ldr    r0, [pc, #0x38]              ; N: 1, Z: 0, C: 1, V: 0, I: 1, F: 1, T: 1, M: SVC (12)
0x8003d8c: ror    r0, r1                       ; N: 1, Z: 0, C: 1, V: 0, I: 1, F: 1, T: 1, M: SVC (03)
0x8003d8e: bne    2                            ; N: 1, Z: 0, C: 1, V: 0, I: 1, F: 1, T: 1, M: SVC (11)
0x8003d94: cmp    r0, r2                       ; N: 0, Z: 1, C: 1, V: 0, I: 1, F: 1, T: 1, M: SVC (03)
0x8003d96: beq    2                            ; N: 0, Z: 1, C: 1, V: 0, I: 1, F: 1, T: 1, M: SVC (11)
0x8003d9c: ldr    r0, [pc, #0x6c]              ; N: 0, Z: 1, C: 1, V: 0, I: 1, F: 1, T: 1, M: SVC (12)
0x8003d9e: bll    #0x0                         ; N: 0, Z: 1, C: 1, V: 0, I: 1, F: 1, T: 1, M: SVC (03)
0x8003da0: blh    #0x121                       ; N: 0, Z: 1, C: 1, V: 0, I: 1, F: 1, T: 1, M: SVC (11)
0x8003da2: add    r7, #0x8                     ; N: 0, Z: 0, C: 0, V: 0, I: 1, F: 1, T: 1, M: SVC (03)
