---
source: crates/boya_core/src/cpu/thumb/mod.rs
expression: snapshot
---
steps: 750
cycles: 3885
---
0x80000fc: mov    r7, #0x0                     ; N: 0, Z: 1, C: 0, V: 0, I: 1, F: 1, T: 1, M: SVC (03)
0x80000fe: mov    r0, #0x0                     ; N: 0, Z: 1, C: 0, V: 0, I: 1, F: 1, T: 1, M: SVC (03)
0x8000100: bne    4                            ; N: 0, Z: 1, C: 0, V: 0, I: 1, F: 1, T: 1, M: SVC (05)
0x8000102: mov    r0, #0x1                     ; N: 0, Z: 0, C: 0, V: 0, I: 1, F: 1, T: 1, M: SVC (03)
0x8000104: beq    0                            ; N: 0, Z: 0, C: 0, V: 0, I: 1, F: 1, T: 1, M: SVC (05)
0x8000106: b      4                            ; N: 0, Z: 0, C: 0, V: 0, I: 1, F: 1, T: 1, M: SVC (11)
0x800010e: mov    r0, #0x1                     ; N: 0, Z: 0, C: 0, V: 0, I: 1, F: 1, T: 1, M: SVC (03)
0x8000110: lsl    r0, r0, #0x1f                ; N: 1, Z: 0, C: 0, V: 0, I: 1, F: 1, T: 1, M: SVC (03)
0x8000112: add    r0, r0, #0x0                 ; N: 1, Z: 0, C: 0, V: 0, I: 1, F: 1, T: 1, M: SVC (03)
0x8000114: bpl    4                            ; N: 1, Z: 0, C: 0, V: 0, I: 1, F: 1, T: 1, M: SVC (05)
0x8000116: mov    r0, #0x0                     ; N: 0, Z: 1, C: 0, V: 0, I: 1, F: 1, T: 1, M: SVC (03)
0x8000118: bmi    0                            ; N: 0, Z: 1, C: 0, V: 0, I: 1, F: 1, T: 1, M: SVC (05)
0x800011a: b      4                            ; N: 0, Z: 1, C: 0, V: 0, I: 1, F: 1, T: 1, M: SVC (11)
0x8000122: mov    r0, #0x20                    ; N: 0, Z: 0, C: 0, V: 0, I: 1, F: 1, T: 1, M: SVC (03)
0x8000124: cmp    r0, #0x20                    ; N: 0, Z: 1, C: 1, V: 0, I: 1, F: 1, T: 1, M: SVC (03)
0x8000126: bne    0                            ; N: 0, Z: 1, C: 1, V: 0, I: 1, F: 1, T: 1, M: SVC (05)
0x8000128: b      4                            ; N: 0, Z: 1, C: 1, V: 0, I: 1, F: 1, T: 1, M: SVC (11)
0x8000130: mov    r0, #0x20                    ; N: 0, Z: 0, C: 1, V: 0, I: 1, F: 1, T: 1, M: SVC (03)
0x8000132: add    r1, r0, #0x0                 ; N: 0, Z: 0, C: 0, V: 0, I: 1, F: 1, T: 1, M: SVC (03)
0x8000134: cmp    r1, r0                       ; N: 0, Z: 1, C: 1, V: 0, I: 1, F: 1, T: 1, M: SVC (03)
0x8000136: bne    0                            ; N: 0, Z: 1, C: 1, V: 0, I: 1, F: 1, T: 1, M: SVC (05)
0x8000138: b      4                            ; N: 0, Z: 1, C: 1, V: 0, I: 1, F: 1, T: 1, M: SVC (11)
0x8000140: mov    r0, #0x20                    ; N: 0, Z: 0, C: 1, V: 0, I: 1, F: 1, T: 1, M: SVC (03)
0x8000142: mov    r8, r0                       ; N: 0, Z: 0, C: 1, V: 0, I: 1, F: 1, T: 1, M: SVC (03)
0x8000144: mov    r9, r8                       ; N: 0, Z: 0, C: 1, V: 0, I: 1, F: 1, T: 1, M: SVC (03)
0x8000146: mov    r0, r9                       ; N: 0, Z: 0, C: 1, V: 0, I: 1, F: 1, T: 1, M: SVC (03)
0x8000148: cmp    r0, #0x20                    ; N: 0, Z: 1, C: 1, V: 0, I: 1, F: 1, T: 1, M: SVC (03)
0x800014a: bne    0                            ; N: 0, Z: 1, C: 1, V: 0, I: 1, F: 1, T: 1, M: SVC (05)
0x800014c: b      4                            ; N: 0, Z: 1, C: 1, V: 0, I: 1, F: 1, T: 1, M: SVC (11)
0x8000154: mov    r0, #0x0                     ; N: 0, Z: 1, C: 1, V: 0, I: 1, F: 1, T: 1, M: SVC (03)
0x8000156: mvn    r0, r0                       ; N: 1, Z: 0, C: 1, V: 0, I: 1, F: 1, T: 1, M: SVC (03)
0x8000158: add    r0, #0x1                     ; N: 0, Z: 1, C: 1, V: 0, I: 1, F: 1, T: 1, M: SVC (03)
0x800015a: bne    0                            ; N: 0, Z: 1, C: 1, V: 0, I: 1, F: 1, T: 1, M: SVC (05)
0x800015c: b      4                            ; N: 0, Z: 1, C: 1, V: 0, I: 1, F: 1, T: 1, M: SVC (11)
0x8000164: mov    r0, #0xff                    ; N: 0, Z: 0, C: 1, V: 0, I: 1, F: 1, T: 1, M: SVC (03)
0x8000166: mov    r1, #0xf                     ; N: 0, Z: 0, C: 1, V: 0, I: 1, F: 1, T: 1, M: SVC (03)
0x8000168: and    r0, r1                       ; N: 0, Z: 0, C: 1, V: 0, I: 1, F: 1, T: 1, M: SVC (03)
0x800016a: cmp    r0, r1                       ; N: 0, Z: 1, C: 1, V: 0, I: 1, F: 1, T: 1, M: SVC (03)
0x800016c: bne    0                            ; N: 0, Z: 1, C: 1, V: 0, I: 1, F: 1, T: 1, M: SVC (05)
0x800016e: b      4                            ; N: 0, Z: 1, C: 1, V: 0, I: 1, F: 1, T: 1, M: SVC (11)
0x8000176: mov    r0, #0xf0                    ; N: 0, Z: 0, C: 1, V: 0, I: 1, F: 1, T: 1, M: SVC (03)
0x8000178: mov    r1, #0xf                     ; N: 0, Z: 0, C: 1, V: 0, I: 1, F: 1, T: 1, M: SVC (03)
0x800017a: tst    r0, r1                       ; N: 0, Z: 1, C: 1, V: 0, I: 1, F: 1, T: 1, M: SVC (03)
0x800017c: bne    0                            ; N: 0, Z: 1, C: 1, V: 0, I: 1, F: 1, T: 1, M: SVC (05)
0x800017e: b      4                            ; N: 0, Z: 1, C: 1, V: 0, I: 1, F: 1, T: 1, M: SVC (11)
0x8000186: mov    r0, #0xff                    ; N: 0, Z: 0, C: 1, V: 0, I: 1, F: 1, T: 1, M: SVC (03)
0x8000188: mov    r1, #0xf0                    ; N: 0, Z: 0, C: 1, V: 0, I: 1, F: 1, T: 1, M: SVC (03)
0x800018a: bic    r0, r1                       ; N: 0, Z: 0, C: 1, V: 0, I: 1, F: 1, T: 1, M: SVC (03)
0x800018c: cmp    r0, #0xf                     ; N: 0, Z: 1, C: 1, V: 0, I: 1, F: 1, T: 1, M: SVC (03)
0x800018e: bne    0                            ; N: 0, Z: 1, C: 1, V: 0, I: 1, F: 1, T: 1, M: SVC (05)
0x8000190: b      4                            ; N: 0, Z: 1, C: 1, V: 0, I: 1, F: 1, T: 1, M: SVC (11)
0x8000198: mov    r0, #0xf0                    ; N: 0, Z: 0, C: 1, V: 0, I: 1, F: 1, T: 1, M: SVC (03)
0x800019a: mov    r1, #0xf                     ; N: 0, Z: 0, C: 1, V: 0, I: 1, F: 1, T: 1, M: SVC (03)
0x800019c: orr    r0, r1                       ; N: 0, Z: 0, C: 1, V: 0, I: 1, F: 1, T: 1, M: SVC (03)
0x800019e: cmp    r0, #0xff                    ; N: 0, Z: 1, C: 1, V: 0, I: 1, F: 1, T: 1, M: SVC (03)
0x80001a0: bne    0                            ; N: 0, Z: 1, C: 1, V: 0, I: 1, F: 1, T: 1, M: SVC (05)
0x80001a2: b      4                            ; N: 0, Z: 1, C: 1, V: 0, I: 1, F: 1, T: 1, M: SVC (11)
0x80001aa: mov    r0, #0xff                    ; N: 0, Z: 0, C: 1, V: 0, I: 1, F: 1, T: 1, M: SVC (03)
0x80001ac: mov    r1, #0xf                     ; N: 0, Z: 0, C: 1, V: 0, I: 1, F: 1, T: 1, M: SVC (03)
0x80001ae: eor    r0, r1                       ; N: 0, Z: 0, C: 1, V: 0, I: 1, F: 1, T: 1, M: SVC (03)
0x80001b0: cmp    r0, #0xf0                    ; N: 0, Z: 1, C: 1, V: 0, I: 1, F: 1, T: 1, M: SVC (03)
0x80001b2: bne    0                            ; N: 0, Z: 1, C: 1, V: 0, I: 1, F: 1, T: 1, M: SVC (05)
0x80001b4: b      4                            ; N: 0, Z: 1, C: 1, V: 0, I: 1, F: 1, T: 1, M: SVC (11)
0x80001bc: add    r0, pc, #0x8                 ; N: 0, Z: 1, C: 1, V: 0, I: 1, F: 1, T: 1, M: SVC (03)
0x80001be: mov    r15, r0                      ; N: 0, Z: 1, C: 1, V: 0, I: 1, F: 1, T: 1, M: SVC (11)
0x80001c8: add    r0, pc, #0x8                 ; N: 0, Z: 1, C: 1, V: 0, I: 1, F: 1, T: 1, M: SVC (03)
0x80001ca: add    r0, #0x1                     ; N: 0, Z: 0, C: 0, V: 0, I: 1, F: 1, T: 1, M: SVC (03)
0x80001cc: mov    r15, r0                      ; N: 0, Z: 0, C: 0, V: 0, I: 1, F: 1, T: 1, M: SVC (11)
0x80001d4: mov    r0, #0x1                     ; N: 0, Z: 0, C: 0, V: 0, I: 1, F: 1, T: 1, M: SVC (03)
0x80001d6: lsl    r0, r0, #0x6                 ; N: 0, Z: 0, C: 0, V: 0, I: 1, F: 1, T: 1, M: SVC (03)
0x80001d8: cmp    r0, #0x40                    ; N: 0, Z: 1, C: 1, V: 0, I: 1, F: 1, T: 1, M: SVC (03)
0x80001da: bne    0                            ; N: 0, Z: 1, C: 1, V: 0, I: 1, F: 1, T: 1, M: SVC (05)
0x80001dc: b      4                            ; N: 0, Z: 1, C: 1, V: 0, I: 1, F: 1, T: 1, M: SVC (11)
0x80001e4: mov    r0, #0x1                     ; N: 0, Z: 0, C: 1, V: 0, I: 1, F: 1, T: 1, M: SVC (03)
0x80001e6: mov    r1, #0x6                     ; N: 0, Z: 0, C: 1, V: 0, I: 1, F: 1, T: 1, M: SVC (03)
0x80001e8: lsl    r0, r1                       ; N: 0, Z: 0, C: 0, V: 0, I: 1, F: 1, T: 1, M: SVC (03)
0x80001ea: cmp    r0, #0x40                    ; N: 0, Z: 1, C: 1, V: 0, I: 1, F: 1, T: 1, M: SVC (03)
0x80001ec: bne    0                            ; N: 0, Z: 1, C: 1, V: 0, I: 1, F: 1, T: 1, M: SVC (05)
0x80001ee: b      4                            ; N: 0, Z: 1, C: 1, V: 0, I: 1, F: 1, T: 1, M: SVC (11)
0x80001f6: mov    r0, #0x1                     ; N: 0, Z: 0, C: 1, V: 0, I: 1, F: 1, T: 1, M: SVC (03)
0x80001f8: lsl    r0, r0, #0x1f                ; N: 1, Z: 0, C: 0, V: 0, I: 1, F: 1, T: 1, M: SVC (03)
0x80001fa: bcs    6                            ; N: 1, Z: 0, C: 0, V: 0, I: 1, F: 1, T: 1, M: SVC (05)
0x80001fc: mov    r0, #0x2                     ; N: 0, Z: 0, C: 0, V: 0, I: 1, F: 1, T: 1, M: SVC (03)
0x80001fe: lsl    r0, r0, #0x1f                ; N: 0, Z: 1, C: 1, V: 0, I: 1, F: 1, T: 1, M: SVC (03)
0x8000200: bcc    0                            ; N: 0, Z: 1, C: 1, V: 0, I: 1, F: 1, T: 1, M: SVC (05)
0x8000202: b      4                            ; N: 0, Z: 1, C: 1, V: 0, I: 1, F: 1, T: 1, M: SVC (11)
0x800020a: mov    r0, #0x1                     ; N: 0, Z: 0, C: 1, V: 0, I: 1, F: 1, T: 1, M: SVC (03)
0x800020c: mov    r1, #0x20                    ; N: 0, Z: 0, C: 1, V: 0, I: 1, F: 1, T: 1, M: SVC (03)
0x800020e: lsl    r0, r1                       ; N: 0, Z: 1, C: 1, V: 0, I: 1, F: 1, T: 1, M: SVC (03)
0x8000210: bcc    2                            ; N: 0, Z: 1, C: 1, V: 0, I: 1, F: 1, T: 1, M: SVC (05)
0x8000212: bne    0                            ; N: 0, Z: 1, C: 1, V: 0, I: 1, F: 1, T: 1, M: SVC (05)
0x8000214: b      4                            ; N: 0, Z: 1, C: 1, V: 0, I: 1, F: 1, T: 1, M: SVC (11)
0x800021c: mov    r0, #0x1                     ; N: 0, Z: 0, C: 1, V: 0, I: 1, F: 1, T: 1, M: SVC (03)
0x800021e: mov    r1, #0x21                    ; N: 0, Z: 0, C: 1, V: 0, I: 1, F: 1, T: 1, M: SVC (03)
0x8000220: lsl    r0, r1                       ; N: 0, Z: 1, C: 0, V: 0, I: 1, F: 1, T: 1, M: SVC (03)
0x8000222: bne    2                            ; N: 0, Z: 1, C: 0, V: 0, I: 1, F: 1, T: 1, M: SVC (05)
0x8000224: bcs    0                            ; N: 0, Z: 1, C: 0, V: 0, I: 1, F: 1, T: 1, M: SVC (05)
0x8000226: b      4                            ; N: 0, Z: 1, C: 0, V: 0, I: 1, F: 1, T: 1, M: SVC (11)
0x800022e: mov    r0, #0x40                    ; N: 0, Z: 0, C: 0, V: 0, I: 1, F: 1, T: 1, M: SVC (03)
0x8000230: lsr    r0, r0, #0x6                 ; N: 0, Z: 0, C: 0, V: 0, I: 1, F: 1, T: 1, M: SVC (03)
0x8000232: cmp    r0, #0x1                     ; N: 0, Z: 1, C: 1, V: 0, I: 1, F: 1, T: 1, M: SVC (03)
0x8000234: bne    0                            ; N: 0, Z: 1, C: 1, V: 0, I: 1, F: 1, T: 1, M: SVC (05)
0x8000236: b      4                            ; N: 0, Z: 1, C: 1, V: 0, I: 1, F: 1, T: 1, M: SVC (11)
0x800023e: mov    r0, #0x40                    ; N: 0, Z: 0, C: 1, V: 0, I: 1, F: 1, T: 1, M: SVC (03)
0x8000240: mov    r1, #0x6                     ; N: 0, Z: 0, C: 1, V: 0, I: 1, F: 1, T: 1, M: SVC (03)
0x8000242: lsr    r0, r1                       ; N: 0, Z: 0, C: 0, V: 0, I: 1, F: 1, T: 1, M: SVC (03)
0x8000244: cmp    r0, #0x1                     ; N: 0, Z: 1, C: 1, V: 0, I: 1, F: 1, T: 1, M: SVC (03)
0x8000246: bne    0                            ; N: 0, Z: 1, C: 1, V: 0, I: 1, F: 1, T: 1, M: SVC (05)
0x8000248: b      4                            ; N: 0, Z: 1, C: 1, V: 0, I: 1, F: 1, T: 1, M: SVC (11)
0x8000250: mov    r0, #0x2                     ; N: 0, Z: 0, C: 1, V: 0, I: 1, F: 1, T: 1, M: SVC (03)
0x8000252: lsr    r0, r0, #0x1                 ; N: 0, Z: 0, C: 0, V: 0, I: 1, F: 1, T: 1, M: SVC (03)
0x8000254: bcs    6                            ; N: 0, Z: 0, C: 0, V: 0, I: 1, F: 1, T: 1, M: SVC (05)
0x8000256: mov    r0, #0x1                     ; N: 0, Z: 0, C: 0, V: 0, I: 1, F: 1, T: 1, M: SVC (03)
0x8000258: lsr    r0, r0, #0x1                 ; N: 0, Z: 1, C: 1, V: 0, I: 1, F: 1, T: 1, M: SVC (03)
0x800025a: bcc    0                            ; N: 0, Z: 1, C: 1, V: 0, I: 1, F: 1, T: 1, M: SVC (05)
0x800025c: b      4                            ; N: 0, Z: 1, C: 1, V: 0, I: 1, F: 1, T: 1, M: SVC (11)
0x8000264: mov    r0, #0x1                     ; N: 0, Z: 0, C: 1, V: 0, I: 1, F: 1, T: 1, M: SVC (03)
0x8000266: lsr    r0, r0, #0x0                 ; N: 0, Z: 1, C: 0, V: 0, I: 1, F: 1, T: 1, M: SVC (03)
0x8000268: bne    12                           ; N: 0, Z: 1, C: 0, V: 0, I: 1, F: 1, T: 1, M: SVC (05)
0x800026a: bcs    10                           ; N: 0, Z: 1, C: 0, V: 0, I: 1, F: 1, T: 1, M: SVC (05)
0x800026c: mov    r0, #0x1                     ; N: 0, Z: 0, C: 0, V: 0, I: 1, F: 1, T: 1, M: SVC (03)
0x800026e: lsl    r0, r0, #0x1f                ; N: 1, Z: 0, C: 0, V: 0, I: 1, F: 1, T: 1, M: SVC (03)
0x8000270: lsr    r0, r0, #0x0                 ; N: 0, Z: 1, C: 1, V: 0, I: 1, F: 1, T: 1, M: SVC (03)
0x8000272: bne    2                            ; N: 0, Z: 1, C: 1, V: 0, I: 1, F: 1, T: 1, M: SVC (05)
0x8000274: bcc    0                            ; N: 0, Z: 1, C: 1, V: 0, I: 1, F: 1, T: 1, M: SVC (05)
0x8000276: b      4                            ; N: 0, Z: 1, C: 1, V: 0, I: 1, F: 1, T: 1, M: SVC (11)
0x800027e: mov    r0, #0x1                     ; N: 0, Z: 0, C: 1, V: 0, I: 1, F: 1, T: 1, M: SVC (03)
0x8000280: lsl    r0, r0, #0x1f                ; N: 1, Z: 0, C: 0, V: 0, I: 1, F: 1, T: 1, M: SVC (03)
0x8000282: mov    r1, #0x21                    ; N: 0, Z: 0, C: 0, V: 0, I: 1, F: 1, T: 1, M: SVC (03)
0x8000284: lsr    r0, r1                       ; N: 0, Z: 1, C: 0, V: 0, I: 1, F: 1, T: 1, M: SVC (03)
0x8000286: bne    2                            ; N: 0, Z: 1, C: 0, V: 0, I: 1, F: 1, T: 1, M: SVC (05)
0x8000288: bcs    0                            ; N: 0, Z: 1, C: 0, V: 0, I: 1, F: 1, T: 1, M: SVC (05)
0x800028a: b      4                            ; N: 0, Z: 1, C: 0, V: 0, I: 1, F: 1, T: 1, M: SVC (11)
0x8000292: mov    r0, #0x40                    ; N: 0, Z: 0, C: 0, V: 0, I: 1, F: 1, T: 1, M: SVC (03)
0x8000294: asr    r0, r0, #0x6                 ; N: 0, Z: 0, C: 0, V: 0, I: 1, F: 1, T: 1, M: SVC (03)
0x8000296: cmp    r0, #0x1                     ; N: 0, Z: 1, C: 1, V: 0, I: 1, F: 1, T: 1, M: SVC (03)
0x8000298: bne    14                           ; N: 0, Z: 1, C: 1, V: 0, I: 1, F: 1, T: 1, M: SVC (05)
0x800029a: mov    r0, #0x1                     ; N: 0, Z: 0, C: 1, V: 0, I: 1, F: 1, T: 1, M: SVC (03)
0x800029c: lsl    r0, r0, #0x1f                ; N: 1, Z: 0, C: 0, V: 0, I: 1, F: 1, T: 1, M: SVC (03)
0x800029e: asr    r0, r0, #0x1f                ; N: 1, Z: 0, C: 0, V: 0, I: 1, F: 1, T: 1, M: SVC (03)
0x80002a0: mov    r1, #0x0                     ; N: 0, Z: 1, C: 0, V: 0, I: 1, F: 1, T: 1, M: SVC (03)
0x80002a2: mvn    r1, r1                       ; N: 1, Z: 0, C: 0, V: 0, I: 1, F: 1, T: 1, M: SVC (03)
0x80002a4: cmp    r1, r0                       ; N: 0, Z: 1, C: 1, V: 0, I: 1, F: 1, T: 1, M: SVC (03)
0x80002a6: bne    0                            ; N: 0, Z: 1, C: 1, V: 0, I: 1, F: 1, T: 1, M: SVC (05)
0x80002a8: b      4                            ; N: 0, Z: 1, C: 1, V: 0, I: 1, F: 1, T: 1, M: SVC (11)
0x80002b0: mov    r0, #0x40                    ; N: 0, Z: 0, C: 1, V: 0, I: 1, F: 1, T: 1, M: SVC (03)
0x80002b2: mov    r1, #0x6                     ; N: 0, Z: 0, C: 1, V: 0, I: 1, F: 1, T: 1, M: SVC (03)
0x80002b4: asr    r0, r1                       ; N: 0, Z: 0, C: 0, V: 0, I: 1, F: 1, T: 1, M: SVC (03)
0x80002b6: cmp    r0, #0x1                     ; N: 0, Z: 1, C: 1, V: 0, I: 1, F: 1, T: 1, M: SVC (03)
0x80002b8: bne    16                           ; N: 0, Z: 1, C: 1, V: 0, I: 1, F: 1, T: 1, M: SVC (05)
0x80002ba: mov    r0, #0x1                     ; N: 0, Z: 0, C: 1, V: 0, I: 1, F: 1, T: 1, M: SVC (03)
0x80002bc: lsl    r0, r0, #0x1f                ; N: 1, Z: 0, C: 0, V: 0, I: 1, F: 1, T: 1, M: SVC (03)
0x80002be: mov    r1, #0x1f                    ; N: 0, Z: 0, C: 0, V: 0, I: 1, F: 1, T: 1, M: SVC (03)
0x80002c0: asr    r0, r1                       ; N: 1, Z: 0, C: 0, V: 0, I: 1, F: 1, T: 1, M: SVC (03)
0x80002c2: mov    r1, #0x0                     ; N: 0, Z: 1, C: 0, V: 0, I: 1, F: 1, T: 1, M: SVC (03)
0x80002c4: mvn    r1, r1                       ; N: 1, Z: 0, C: 0, V: 0, I: 1, F: 1, T: 1, M: SVC (03)
0x80002c6: cmp    r1, r0                       ; N: 0, Z: 1, C: 1, V: 0, I: 1, F: 1, T: 1, M: SVC (03)
0x80002c8: bne    0                            ; N: 0, Z: 1, C: 1, V: 0, I: 1, F: 1, T: 1, M: SVC (05)
0x80002ca: b      4                            ; N: 0, Z: 1, C: 1, V: 0, I: 1, F: 1, T: 1, M: SVC (11)
0x80002d2: mov    r0, #0x2                     ; N: 0, Z: 0, C: 1, V: 0, I: 1, F: 1, T: 1, M: SVC (03)
0x80002d4: asr    r0, r0, #0x1                 ; N: 0, Z: 0, C: 0, V: 0, I: 1, F: 1, T: 1, M: SVC (03)
0x80002d6: bcs    6                            ; N: 0, Z: 0, C: 0, V: 0, I: 1, F: 1, T: 1, M: SVC (05)
0x80002d8: mov    r0, #0x1                     ; N: 0, Z: 0, C: 0, V: 0, I: 1, F: 1, T: 1, M: SVC (03)
0x80002da: asr    r0, r0, #0x1                 ; N: 0, Z: 1, C: 1, V: 0, I: 1, F: 1, T: 1, M: SVC (03)
0x80002dc: bcc    0                            ; N: 0, Z: 1, C: 1, V: 0, I: 1, F: 1, T: 1, M: SVC (05)
0x80002de: b      4                            ; N: 0, Z: 1, C: 1, V: 0, I: 1, F: 1, T: 1, M: SVC (11)
0x80002e6: mov    r0, #0x1                     ; N: 0, Z: 0, C: 1, V: 0, I: 1, F: 1, T: 1, M: SVC (03)
0x80002e8: asr    r0, r0, #0x0                 ; N: 0, Z: 1, C: 0, V: 0, I: 1, F: 1, T: 1, M: SVC (03)
0x80002ea: bne    18                           ; N: 0, Z: 1, C: 0, V: 0, I: 1, F: 1, T: 1, M: SVC (05)
0x80002ec: bcs    16                           ; N: 0, Z: 1, C: 0, V: 0, I: 1, F: 1, T: 1, M: SVC (05)
0x80002ee: mov    r0, #0x1                     ; N: 0, Z: 0, C: 0, V: 0, I: 1, F: 1, T: 1, M: SVC (03)
0x80002f0: lsl    r0, r0, #0x1f                ; N: 1, Z: 0, C: 0, V: 0, I: 1, F: 1, T: 1, M: SVC (03)
0x80002f2: asr    r0, r0, #0x0                 ; N: 1, Z: 0, C: 1, V: 0, I: 1, F: 1, T: 1, M: SVC (03)
0x80002f4: bcc    8                            ; N: 1, Z: 0, C: 1, V: 0, I: 1, F: 1, T: 1, M: SVC (05)
0x80002f6: mov    r1, #0x0                     ; N: 0, Z: 1, C: 1, V: 0, I: 1, F: 1, T: 1, M: SVC (03)
0x80002f8: mvn    r1, r1                       ; N: 1, Z: 0, C: 1, V: 0, I: 1, F: 1, T: 1, M: SVC (03)
0x80002fa: cmp    r1, r0                       ; N: 0, Z: 1, C: 1, V: 0, I: 1, F: 1, T: 1, M: SVC (03)
0x80002fc: bne    0                            ; N: 0, Z: 1, C: 1, V: 0, I: 1, F: 1, T: 1, M: SVC (05)
0x80002fe: b      4                            ; N: 0, Z: 1, C: 1, V: 0, I: 1, F: 1, T: 1, M: SVC (11)
0x8000306: mov    r0, #0x1                     ; N: 0, Z: 0, C: 1, V: 0, I: 1, F: 1, T: 1, M: SVC (03)
0x8000308: mov    r1, #0x1                     ; N: 0, Z: 0, C: 1, V: 0, I: 1, F: 1, T: 1, M: SVC (03)
0x800030a: ror    r0, r1                       ; N: 1, Z: 0, C: 1, V: 0, I: 1, F: 1, T: 1, M: SVC (03)
0x800030c: lsl    r1, r1, #0x1f                ; N: 1, Z: 0, C: 0, V: 0, I: 1, F: 1, T: 1, M: SVC (03)
0x800030e: cmp    r1, r0                       ; N: 0, Z: 1, C: 1, V: 0, I: 1, F: 1, T: 1, M: SVC (03)
0x8000310: bne    0                            ; N: 0, Z: 1, C: 1, V: 0, I: 1, F: 1, T: 1, M: SVC (05)
0x8000312: b      4                            ; N: 0, Z: 1, C: 1, V: 0, I: 1, F: 1, T: 1, M: SVC (11)
0x800031a: mov    r0, #0x2                     ; N: 0, Z: 0, C: 1, V: 0, I: 1, F: 1, T: 1, M: SVC (03)
0x800031c: mov    r1, #0x1                     ; N: 0, Z: 0, C: 1, V: 0, I: 1, F: 1, T: 1, M: SVC (03)
0x800031e: ror    r0, r1                       ; N: 0, Z: 0, C: 0, V: 0, I: 1, F: 1, T: 1, M: SVC (03)
0x8000320: bcs    8                            ; N: 0, Z: 0, C: 0, V: 0, I: 1, F: 1, T: 1, M: SVC (05)
0x8000322: mov    r0, #0x1                     ; N: 0, Z: 0, C: 0, V: 0, I: 1, F: 1, T: 1, M: SVC (03)
0x8000324: mov    r1, #0x1                     ; N: 0, Z: 0, C: 0, V: 0, I: 1, F: 1, T: 1, M: SVC (03)
0x8000326: ror    r0, r1                       ; N: 1, Z: 0, C: 1, V: 0, I: 1, F: 1, T: 1, M: SVC (03)
0x8000328: bcc    0                            ; N: 1, Z: 0, C: 1, V: 0, I: 1, F: 1, T: 1, M: SVC (05)
0x800032a: b      4                            ; N: 1, Z: 0, C: 1, V: 0, I: 1, F: 1, T: 1, M: SVC (11)
0x8000332: mov    r0, #0x1                     ; N: 0, Z: 0, C: 1, V: 0, I: 1, F: 1, T: 1, M: SVC (03)
0x8000334: lsl    r0, r0, #0x1f                ; N: 1, Z: 0, C: 0, V: 0, I: 1, F: 1, T: 1, M: SVC (03)
0x8000336: add    r1, r0, #0x0                 ; N: 1, Z: 0, C: 0, V: 0, I: 1, F: 1, T: 1, M: SVC (03)
0x8000338: mov    r2, #0x20                    ; N: 0, Z: 0, C: 0, V: 0, I: 1, F: 1, T: 1, M: SVC (03)
0x800033a: ror    r0, r2                       ; N: 1, Z: 0, C: 1, V: 0, I: 1, F: 1, T: 1, M: SVC (03)
0x800033c: bcc    4                            ; N: 1, Z: 0, C: 1, V: 0, I: 1, F: 1, T: 1, M: SVC (05)
0x800033e: cmp    r0, r1                       ; N: 0, Z: 1, C: 1, V: 0, I: 1, F: 1, T: 1, M: SVC (03)
0x8000340: bne    0                            ; N: 0, Z: 1, C: 1, V: 0, I: 1, F: 1, T: 1, M: SVC (05)
0x8000342: b      4                            ; N: 0, Z: 1, C: 1, V: 0, I: 1, F: 1, T: 1, M: SVC (11)
0x800034a: mov    r0, #0x2                     ; N: 0, Z: 0, C: 1, V: 0, I: 1, F: 1, T: 1, M: SVC (03)
0x800034c: mov    r1, #0x21                    ; N: 0, Z: 0, C: 1, V: 0, I: 1, F: 1, T: 1, M: SVC (03)
0x800034e: ror    r0, r1                       ; N: 0, Z: 0, C: 0, V: 0, I: 1, F: 1, T: 1, M: SVC (03)
0x8000350: cmp    r0, #0x1                     ; N: 0, Z: 1, C: 1, V: 0, I: 1, F: 1, T: 1, M: SVC (03)
0x8000352: bne    0                            ; N: 0, Z: 1, C: 1, V: 0, I: 1, F: 1, T: 1, M: SVC (05)
0x8000354: b      4                            ; N: 0, Z: 1, C: 1, V: 0, I: 1, F: 1, T: 1, M: SVC (11)
0x800035c: mov    r0, #0x1                     ; N: 0, Z: 0, C: 1, V: 0, I: 1, F: 1, T: 1, M: SVC (03)
0x800035e: mov    r1, #0x0                     ; N: 0, Z: 1, C: 1, V: 0, I: 1, F: 1, T: 1, M: SVC (03)
0x8000360: cmp    r0, r0                       ; N: 0, Z: 1, C: 1, V: 0, I: 1, F: 1, T: 1, M: SVC (03)
0x8000362: lsl    r0, r1                       ; N: 0, Z: 0, C: 1, V: 0, I: 1, F: 1, T: 1, M: SVC (03)
0x8000364: lsr    r0, r1                       ; N: 0, Z: 0, C: 1, V: 0, I: 1, F: 1, T: 1, M: SVC (03)
0x8000366: asr    r0, r1                       ; N: 0, Z: 0, C: 1, V: 0, I: 1, F: 1, T: 1, M: SVC (03)
0x8000368: ror    r0, r1                       ; N: 0, Z: 0, C: 1, V: 0, I: 1, F: 1, T: 1, M: SVC (03)
0x800036a: bcc    4                            ; N: 0, Z: 0, C: 1, V: 0, I: 1, F: 1, T: 1, M: SVC (05)
0x800036c: cmp    r0, #0x1                     ; N: 0, Z: 1, C: 1, V: 0, I: 1, F: 1, T: 1, M: SVC (03)
0x800036e: bne    0                            ; N: 0, Z: 1, C: 1, V: 0, I: 1, F: 1, T: 1, M: SVC (05)
0x8000370: b      4                            ; N: 0, Z: 1, C: 1, V: 0, I: 1, F: 1, T: 1, M: SVC (11)
0x8000378: mov    r0, #0x1                     ; N: 0, Z: 0, C: 1, V: 0, I: 1, F: 1, T: 1, M: SVC (03)
0x800037a: lsl    r0, r0, #0x1f                ; N: 1, Z: 0, C: 0, V: 0, I: 1, F: 1, T: 1, M: SVC (03)
0x800037c: mov    r1, #0x20                    ; N: 0, Z: 0, C: 0, V: 0, I: 1, F: 1, T: 1, M: SVC (03)
0x800037e: lsr    r0, r1                       ; N: 0, Z: 1, C: 1, V: 0, I: 1, F: 1, T: 1, M: SVC (03)
0x8000380: bcc    0                            ; N: 0, Z: 1, C: 1, V: 0, I: 1, F: 1, T: 1, M: SVC (05)
0x8000382: b      4                            ; N: 0, Z: 1, C: 1, V: 0, I: 1, F: 1, T: 1, M: SVC (11)
0x800038a: mov    r0, #0x0                     ; N: 0, Z: 1, C: 1, V: 0, I: 1, F: 1, T: 1, M: SVC (03)
0x800038c: mvn    r0, r0                       ; N: 1, Z: 0, C: 1, V: 0, I: 1, F: 1, T: 1, M: SVC (03)
0x800038e: add    r0, #0x1                     ; N: 0, Z: 1, C: 1, V: 0, I: 1, F: 1, T: 1, M: SVC (03)
0x8000390: bcc    6                            ; N: 0, Z: 1, C: 1, V: 0, I: 1, F: 1, T: 1, M: SVC (05)
0x8000392: mov    r0, #0x0                     ; N: 0, Z: 1, C: 1, V: 0, I: 1, F: 1, T: 1, M: SVC (03)
0x8000394: add    r0, #0x1                     ; N: 0, Z: 0, C: 0, V: 0, I: 1, F: 1, T: 1, M: SVC (03)
0x8000396: bcs    0                            ; N: 0, Z: 0, C: 0, V: 0, I: 1, F: 1, T: 1, M: SVC (05)
0x8000398: b      4                            ; N: 0, Z: 0, C: 0, V: 0, I: 1, F: 1, T: 1, M: SVC (11)
0x80003a0: mov    r0, #0x1                     ; N: 0, Z: 0, C: 0, V: 0, I: 1, F: 1, T: 1, M: SVC (03)
0x80003a2: sub    r0, #0x0                     ; N: 0, Z: 0, C: 1, V: 0, I: 1, F: 1, T: 1, M: SVC (03)
0x80003a4: bcc    12                           ; N: 0, Z: 0, C: 1, V: 0, I: 1, F: 1, T: 1, M: SVC (05)
0x80003a6: mov    r0, #0x1                     ; N: 0, Z: 0, C: 1, V: 0, I: 1, F: 1, T: 1, M: SVC (03)
0x80003a8: sub    r0, #0x1                     ; N: 0, Z: 1, C: 1, V: 0, I: 1, F: 1, T: 1, M: SVC (03)
0x80003aa: bcc    6                            ; N: 0, Z: 1, C: 1, V: 0, I: 1, F: 1, T: 1, M: SVC (05)
0x80003ac: mov    r0, #0x1                     ; N: 0, Z: 0, C: 1, V: 0, I: 1, F: 1, T: 1, M: SVC (03)
0x80003ae: sub    r0, #0x2                     ; N: 1, Z: 0, C: 0, V: 0, I: 1, F: 1, T: 1, M: SVC (03)
0x80003b0: bcs    0                            ; N: 1, Z: 0, C: 0, V: 0, I: 1, F: 1, T: 1, M: SVC (05)
0x80003b2: b      4                            ; N: 1, Z: 0, C: 0, V: 0, I: 1, F: 1, T: 1, M: SVC (11)
0x80003ba: mov    r0, #0x1                     ; N: 0, Z: 0, C: 0, V: 0, I: 1, F: 1, T: 1, M: SVC (03)
0x80003bc: lsl    r0, r0, #0x1f                ; N: 1, Z: 0, C: 0, V: 0, I: 1, F: 1, T: 1, M: SVC (03)
0x80003be: sub    r0, #0x1                     ; N: 0, Z: 0, C: 1, V: 1, I: 1, F: 1, T: 1, M: SVC (03)
0x80003c0: add    r0, #0x1                     ; N: 1, Z: 0, C: 0, V: 1, I: 1, F: 1, T: 1, M: SVC (03)
0x80003c2: bvc    6                            ; N: 1, Z: 0, C: 0, V: 1, I: 1, F: 1, T: 1, M: SVC (05)
0x80003c4: mov    r0, #0x0                     ; N: 0, Z: 1, C: 0, V: 1, I: 1, F: 1, T: 1, M: SVC (03)
0x80003c6: add    r0, #0x1                     ; N: 0, Z: 0, C: 0, V: 0, I: 1, F: 1, T: 1, M: SVC (03)
0x80003c8: bvs    0                            ; N: 0, Z: 0, C: 0, V: 0, I: 1, F: 1, T: 1, M: SVC (05)
0x80003ca: b      4                            ; N: 0, Z: 0, C: 0, V: 0, I: 1, F: 1, T: 1, M: SVC (11)
0x80003d2: mov    r0, #0x1                     ; N: 0, Z: 0, C: 0, V: 0, I: 1, F: 1, T: 1, M: SVC (03)
0x80003d4: lsl    r0, r0, #0x1f                ; N: 1, Z: 0, C: 0, V: 0, I: 1, F: 1, T: 1, M: SVC (03)
0x80003d6: sub    r0, #0x1                     ; N: 0, Z: 0, C: 1, V: 1, I: 1, F: 1, T: 1, M: SVC (03)
0x80003d8: bvc    6                            ; N: 0, Z: 0, C: 1, V: 1, I: 1, F: 1, T: 1, M: SVC (05)
0x80003da: mov    r0, #0x1                     ; N: 0, Z: 0, C: 1, V: 1, I: 1, F: 1, T: 1, M: SVC (03)
0x80003dc: sub    r0, #0x1                     ; N: 0, Z: 1, C: 1, V: 0, I: 1, F: 1, T: 1, M: SVC (03)
0x80003de: bvs    0                            ; N: 0, Z: 1, C: 1, V: 0, I: 1, F: 1, T: 1, M: SVC (05)
0x80003e0: b      4                            ; N: 0, Z: 1, C: 1, V: 0, I: 1, F: 1, T: 1, M: SVC (11)
0x80003e8: mov    r0, #0x0                     ; N: 0, Z: 1, C: 1, V: 0, I: 1, F: 1, T: 1, M: SVC (03)
0x80003ea: add    r0, #0x4                     ; N: 0, Z: 0, C: 0, V: 0, I: 1, F: 1, T: 1, M: SVC (03)
0x80003ec: cmp    r0, #0x4                     ; N: 0, Z: 1, C: 1, V: 0, I: 1, F: 1, T: 1, M: SVC (03)
0x80003ee: bne    0                            ; N: 0, Z: 1, C: 1, V: 0, I: 1, F: 1, T: 1, M: SVC (05)
0x80003f0: b      4                            ; N: 0, Z: 1, C: 1, V: 0, I: 1, F: 1, T: 1, M: SVC (11)
0x80003f8: mov    r0, #0x20                    ; N: 0, Z: 0, C: 1, V: 0, I: 1, F: 1, T: 1, M: SVC (03)
0x80003fa: add    r0, #0x20                    ; N: 0, Z: 0, C: 0, V: 0, I: 1, F: 1, T: 1, M: SVC (03)
0x80003fc: cmp    r0, #0x40                    ; N: 0, Z: 1, C: 1, V: 0, I: 1, F: 1, T: 1, M: SVC (03)
0x80003fe: bne    0                            ; N: 0, Z: 1, C: 1, V: 0, I: 1, F: 1, T: 1, M: SVC (05)
0x8000400: b      4                            ; N: 0, Z: 1, C: 1, V: 0, I: 1, F: 1, T: 1, M: SVC (11)
0x8000408: mov    r0, #0x20                    ; N: 0, Z: 0, C: 1, V: 0, I: 1, F: 1, T: 1, M: SVC (03)
0x800040a: mov    r1, #0x0                     ; N: 0, Z: 1, C: 1, V: 0, I: 1, F: 1, T: 1, M: SVC (03)
0x800040c: mov    r8, r1                       ; N: 0, Z: 1, C: 1, V: 0, I: 1, F: 1, T: 1, M: SVC (03)
0x800040e: mov    r9, r1                       ; N: 0, Z: 1, C: 1, V: 0, I: 1, F: 1, T: 1, M: SVC (03)
0x8000410: add    r8, r0                       ; N: 0, Z: 1, C: 1, V: 0, I: 1, F: 1, T: 1, M: SVC (03)
0x8000412: add    r9, r8                       ; N: 0, Z: 1, C: 1, V: 0, I: 1, F: 1, T: 1, M: SVC (03)
0x8000414: add    r0, r9                       ; N: 0, Z: 1, C: 1, V: 0, I: 1, F: 1, T: 1, M: SVC (03)
0x8000416: cmp    r0, #0x40                    ; N: 0, Z: 1, C: 1, V: 0, I: 1, F: 1, T: 1, M: SVC (03)
0x8000418: bne    0                            ; N: 0, Z: 1, C: 1, V: 0, I: 1, F: 1, T: 1, M: SVC (05)
0x800041a: b      4                            ; N: 0, Z: 1, C: 1, V: 0, I: 1, F: 1, T: 1, M: SVC (11)
0x8000422: add    r0, sp, #0x20                ; N: 0, Z: 1, C: 1, V: 0, I: 1, F: 1, T: 1, M: SVC (03)
0x8000424: mov    r1, r13                      ; N: 0, Z: 1, C: 1, V: 0, I: 1, F: 1, T: 1, M: SVC (03)
0x8000426: add    r1, #0x20                    ; N: 0, Z: 0, C: 0, V: 0, I: 1, F: 1, T: 1, M: SVC (03)
0x8000428: cmp    r1, r0                       ; N: 0, Z: 1, C: 1, V: 0, I: 1, F: 1, T: 1, M: SVC (03)
0x800042a: bne    0                            ; N: 0, Z: 1, C: 1, V: 0, I: 1, F: 1, T: 1, M: SVC (05)
0x800042c: b      4                            ; N: 0, Z: 1, C: 1, V: 0, I: 1, F: 1, T: 1, M: SVC (11)
0x8000434: add    r0, r0, #0x0                 ; N: 0, Z: 0, C: 0, V: 0, I: 1, F: 1, T: 1, M: SVC (03)
0x8000436: add    r0, pc, #0x20                ; N: 0, Z: 0, C: 0, V: 0, I: 1, F: 1, T: 1, M: SVC (03)
0x8000438: mov    r1, r15                      ; N: 0, Z: 0, C: 0, V: 0, I: 1, F: 1, T: 1, M: SVC (03)
0x800043a: add    r1, #0x1c                    ; N: 0, Z: 0, C: 0, V: 0, I: 1, F: 1, T: 1, M: SVC (03)
0x800043c: cmp    r1, r0                       ; N: 0, Z: 1, C: 1, V: 0, I: 1, F: 1, T: 1, M: SVC (03)
0x800043e: bne    0                            ; N: 0, Z: 1, C: 1, V: 0, I: 1, F: 1, T: 1, M: SVC (05)
0x8000440: b      4                            ; N: 0, Z: 1, C: 1, V: 0, I: 1, F: 1, T: 1, M: SVC (11)
0x8000448: mov    r0, r13                      ; N: 0, Z: 1, C: 1, V: 0, I: 1, F: 1, T: 1, M: SVC (03)
0x800044a: add    sp, #0x20                    ; N: 0, Z: 1, C: 1, V: 0, I: 1, F: 1, T: 1, M: SVC (03)
0x800044c: add    sp, #-32                     ; N: 0, Z: 1, C: 1, V: 0, I: 1, F: 1, T: 1, M: SVC (03)
0x800044e: cmp    r13, r0                      ; N: 0, Z: 1, C: 1, V: 0, I: 1, F: 1, T: 1, M: SVC (03)
0x8000450: bne    0                            ; N: 0, Z: 1, C: 1, V: 0, I: 1, F: 1, T: 1, M: SVC (05)
0x8000452: b      4                            ; N: 0, Z: 1, C: 1, V: 0, I: 1, F: 1, T: 1, M: SVC (11)
0x800045a: mov    r0, #0x10                    ; N: 0, Z: 0, C: 1, V: 0, I: 1, F: 1, T: 1, M: SVC (03)
0x800045c: cmn    r0, r0                       ; N: 0, Z: 0, C: 0, V: 0, I: 1, F: 1, T: 1, M: SVC (03)
0x800045e: adc    r0, r0                       ; N: 0, Z: 0, C: 0, V: 0, I: 1, F: 1, T: 1, M: SVC (03)
0x8000460: cmp    r0, #0x20                    ; N: 0, Z: 1, C: 1, V: 0, I: 1, F: 1, T: 1, M: SVC (03)
0x8000462: bne    10                           ; N: 0, Z: 1, C: 1, V: 0, I: 1, F: 1, T: 1, M: SVC (05)
0x8000464: mov    r0, #0x10                    ; N: 0, Z: 0, C: 1, V: 0, I: 1, F: 1, T: 1, M: SVC (03)
0x8000466: cmp    r0, r0                       ; N: 0, Z: 1, C: 1, V: 0, I: 1, F: 1, T: 1, M: SVC (03)
0x8000468: adc    r0, r0                       ; N: 0, Z: 0, C: 0, V: 0, I: 1, F: 1, T: 1, M: SVC (03)
0x800046a: cmp    r0, #0x21                    ; N: 0, Z: 1, C: 1, V: 0, I: 1, F: 1, T: 1, M: SVC (03)
0x800046c: bne    0                            ; N: 0, Z: 1, C: 1, V: 0, I: 1, F: 1, T: 1, M: SVC (05)
0x800046e: b      4                            ; N: 0, Z: 1, C: 1, V: 0, I: 1, F: 1, T: 1, M: SVC (11)
0x8000476: mov    r0, #0x8                     ; N: 0, Z: 0, C: 1, V: 0, I: 1, F: 1, T: 1, M: SVC (03)
0x8000478: sub    r0, #0x4                     ; N: 0, Z: 0, C: 1, V: 0, I: 1, F: 1, T: 1, M: SVC (03)
0x800047a: cmp    r0, #0x4                     ; N: 0, Z: 1, C: 1, V: 0, I: 1, F: 1, T: 1, M: SVC (03)
0x800047c: bne    0                            ; N: 0, Z: 1, C: 1, V: 0, I: 1, F: 1, T: 1, M: SVC (05)
0x800047e: b      4                            ; N: 0, Z: 1, C: 1, V: 0, I: 1, F: 1, T: 1, M: SVC (11)
0x8000486: mov    r0, #0x40                    ; N: 0, Z: 0, C: 1, V: 0, I: 1, F: 1, T: 1, M: SVC (03)
0x8000488: sub    r0, #0x20                    ; N: 0, Z: 0, C: 1, V: 0, I: 1, F: 1, T: 1, M: SVC (03)
0x800048a: cmp    r0, #0x20                    ; N: 0, Z: 1, C: 1, V: 0, I: 1, F: 1, T: 1, M: SVC (03)
0x800048c: bne    0                            ; N: 0, Z: 1, C: 1, V: 0, I: 1, F: 1, T: 1, M: SVC (05)
0x800048e: b      4                            ; N: 0, Z: 1, C: 1, V: 0, I: 1, F: 1, T: 1, M: SVC (11)
0x8000496: mov    r0, #0x40                    ; N: 0, Z: 0, C: 1, V: 0, I: 1, F: 1, T: 1, M: SVC (03)
0x8000498: mov    r1, #0x20                    ; N: 0, Z: 0, C: 1, V: 0, I: 1, F: 1, T: 1, M: SVC (03)
0x800049a: sub    r0, r0, r1                   ; N: 0, Z: 0, C: 1, V: 0, I: 1, F: 1, T: 1, M: SVC (03)
0x800049c: cmp    r0, r1                       ; N: 0, Z: 1, C: 1, V: 0, I: 1, F: 1, T: 1, M: SVC (03)
0x800049e: bne    0                            ; N: 0, Z: 1, C: 1, V: 0, I: 1, F: 1, T: 1, M: SVC (05)
0x80004a0: b      4                            ; N: 0, Z: 1, C: 1, V: 0, I: 1, F: 1, T: 1, M: SVC (11)
0x80004a8: mov    r0, #0x20                    ; N: 0, Z: 0, C: 1, V: 0, I: 1, F: 1, T: 1, M: SVC (03)
0x80004aa: mov    r1, #0x10                    ; N: 0, Z: 0, C: 1, V: 0, I: 1, F: 1, T: 1, M: SVC (03)
0x80004ac: cmn    r0, r0                       ; N: 0, Z: 0, C: 0, V: 0, I: 1, F: 1, T: 1, M: SVC (03)
0x80004ae: sbc    r0, r1                       ; N: 0, Z: 0, C: 1, V: 0, I: 1, F: 1, T: 1, M: SVC (03)
0x80004b0: cmp    r0, #0xf                     ; N: 0, Z: 1, C: 1, V: 0, I: 1, F: 1, T: 1, M: SVC (03)
0x80004b2: bne    12                           ; N: 0, Z: 1, C: 1, V: 0, I: 1, F: 1, T: 1, M: SVC (05)
0x80004b4: mov    r0, #0x20                    ; N: 0, Z: 0, C: 1, V: 0, I: 1, F: 1, T: 1, M: SVC (03)
0x80004b6: mov    r1, #0x10                    ; N: 0, Z: 0, C: 1, V: 0, I: 1, F: 1, T: 1, M: SVC (03)
0x80004b8: cmp    r0, r0                       ; N: 0, Z: 1, C: 1, V: 0, I: 1, F: 1, T: 1, M: SVC (03)
0x80004ba: sbc    r0, r1                       ; N: 0, Z: 0, C: 1, V: 0, I: 1, F: 1, T: 1, M: SVC (03)
0x80004bc: cmp    r0, #0x10                    ; N: 0, Z: 1, C: 1, V: 0, I: 1, F: 1, T: 1, M: SVC (03)
0x80004be: bne    0                            ; N: 0, Z: 1, C: 1, V: 0, I: 1, F: 1, T: 1, M: SVC (05)
0x80004c0: b      4                            ; N: 0, Z: 1, C: 1, V: 0, I: 1, F: 1, T: 1, M: SVC (11)
0x80004c8: mov    r0, #0x20                    ; N: 0, Z: 0, C: 1, V: 0, I: 1, F: 1, T: 1, M: SVC (03)
0x80004ca: mov    r1, #0x0                     ; N: 0, Z: 1, C: 1, V: 0, I: 1, F: 1, T: 1, M: SVC (03)
0x80004cc: sub    r1, r1, r0                   ; N: 1, Z: 0, C: 0, V: 0, I: 1, F: 1, T: 1, M: SVC (03)
0x80004ce: neg    r0, r0                       ; N: 1, Z: 0, C: 0, V: 0, I: 1, F: 1, T: 1, M: SVC (03)
0x80004d0: cmp    r0, r1                       ; N: 0, Z: 1, C: 1, V: 0, I: 1, F: 1, T: 1, M: SVC (03)
0x80004d2: bne    0                            ; N: 0, Z: 1, C: 1, V: 0, I: 1, F: 1, T: 1, M: SVC (05)
0x80004d4: b      4                            ; N: 0, Z: 1, C: 1, V: 0, I: 1, F: 1, T: 1, M: SVC (11)
0x80004dc: mov    r0, #0x20                    ; N: 0, Z: 0, C: 1, V: 0, I: 1, F: 1, T: 1, M: SVC (03)
0x80004de: cmp    r0, #0x20                    ; N: 0, Z: 1, C: 1, V: 0, I: 1, F: 1, T: 1, M: SVC (03)
0x80004e0: bne    0                            ; N: 0, Z: 1, C: 1, V: 0, I: 1, F: 1, T: 1, M: SVC (05)
0x80004e2: b      4                            ; N: 0, Z: 1, C: 1, V: 0, I: 1, F: 1, T: 1, M: SVC (11)
0x80004ea: mov    r0, #0x20                    ; N: 0, Z: 0, C: 1, V: 0, I: 1, F: 1, T: 1, M: SVC (03)
0x80004ec: cmp    r0, r0                       ; N: 0, Z: 1, C: 1, V: 0, I: 1, F: 1, T: 1, M: SVC (03)
0x80004ee: bne    0                            ; N: 0, Z: 1, C: 1, V: 0, I: 1, F: 1, T: 1, M: SVC (05)
0x80004f0: b      4                            ; N: 0, Z: 1, C: 1, V: 0, I: 1, F: 1, T: 1, M: SVC (11)
0x80004f8: mov    r0, #0x20                    ; N: 0, Z: 0, C: 1, V: 0, I: 1, F: 1, T: 1, M: SVC (03)
0x80004fa: mov    r8, r0                       ; N: 0, Z: 0, C: 1, V: 0, I: 1, F: 1, T: 1, M: SVC (03)
0x80004fc: cmp    r8, r8                       ; N: 0, Z: 1, C: 1, V: 0, I: 1, F: 1, T: 1, M: SVC (03)
0x80004fe: bne    0                            ; N: 0, Z: 1, C: 1, V: 0, I: 1, F: 1, T: 1, M: SVC (05)
0x8000500: b      4                            ; N: 0, Z: 1, C: 1, V: 0, I: 1, F: 1, T: 1, M: SVC (11)
0x8000508: mov    r0, #0x0                     ; N: 0, Z: 1, C: 1, V: 0, I: 1, F: 1, T: 1, M: SVC (03)
0x800050a: mvn    r0, r0                       ; N: 1, Z: 0, C: 1, V: 0, I: 1, F: 1, T: 1, M: SVC (03)
0x800050c: mov    r1, #0x1                     ; N: 0, Z: 0, C: 1, V: 0, I: 1, F: 1, T: 1, M: SVC (03)
0x800050e: cmn    r0, r1                       ; N: 0, Z: 1, C: 1, V: 0, I: 1, F: 1, T: 1, M: SVC (03)
0x8000510: bne    0                            ; N: 0, Z: 1, C: 1, V: 0, I: 1, F: 1, T: 1, M: SVC (05)
0x8000512: b      4                            ; N: 0, Z: 1, C: 1, V: 0, I: 1, F: 1, T: 1, M: SVC (11)
0x800051a: mov    r0, #0x20                    ; N: 0, Z: 0, C: 1, V: 0, I: 1, F: 1, T: 1, M: SVC (03)
0x800051c: mov    r1, #0x2                     ; N: 0, Z: 0, C: 1, V: 0, I: 1, F: 1, T: 1, M: SVC (03)
0x800051e: mul    r0, r1                       ; N: 0, Z: 0, C: 0, V: 0, I: 1, F: 1, T: 1, M: SVC (04)
0x8000520: cmp    r0, #0x40                    ; N: 0, Z: 1, C: 1, V: 0, I: 1, F: 1, T: 1, M: SVC (03)
0x8000522: bne    0                            ; N: 0, Z: 1, C: 1, V: 0, I: 1, F: 1, T: 1, M: SVC (05)
0x8000524: b      4                            ; N: 0, Z: 1, C: 1, V: 0, I: 1, F: 1, T: 1, M: SVC (11)
0x800052c: mov    r0, #0x3                     ; N: 0, Z: 0, C: 1, V: 0, I: 1, F: 1, T: 1, M: SVC (03)
0x800052e: add    r15, r0                      ; N: 0, Z: 0, C: 1, V: 0, I: 1, F: 1, T: 1, M: SVC (11)
0x8000534: b      4                            ; N: 0, Z: 0, C: 1, V: 0, I: 1, F: 1, T: 1, M: SVC (11)
0x800053c: mov    r7, #0x96                    ; N: 0, Z: 0, C: 1, V: 0, I: 1, F: 1, T: 1, M: SVC (03)
0x800053e: b      2                            ; N: 0, Z: 0, C: 1, V: 0, I: 1, F: 1, T: 1, M: SVC (11)
0x8000544: mov    r7, #0x97                    ; N: 0, Z: 0, C: 1, V: 0, I: 1, F: 1, T: 1, M: SVC (03)
0x8000546: b      -10                          ; N: 0, Z: 0, C: 1, V: 0, I: 1, F: 1, T: 1, M: SVC (11)
0x8000540: mov    r7, #0x98                    ; N: 0, Z: 0, C: 1, V: 0, I: 1, F: 1, T: 1, M: SVC (03)
0x8000542: b      2                            ; N: 0, Z: 0, C: 1, V: 0, I: 1, F: 1, T: 1, M: SVC (11)
0x8000548: mov    r7, #0x99                    ; N: 0, Z: 0, C: 1, V: 0, I: 1, F: 1, T: 1, M: SVC (03)
0x800054a: bll    #0x0                         ; N: 0, Z: 0, C: 1, V: 0, I: 1, F: 1, T: 1, M: SVC (03)
0x800054c: blh    #0x2                         ; N: 0, Z: 0, C: 1, V: 0, I: 1, F: 1, T: 1, M: SVC (11)
0x8000552: mov    r7, #0x9a                    ; N: 0, Z: 0, C: 1, V: 0, I: 1, F: 1, T: 1, M: SVC (03)
0x8000554: bll    #0x7ff                       ; N: 0, Z: 0, C: 1, V: 0, I: 1, F: 1, T: 1, M: SVC (03)
0x8000556: blh    #0x7fb                       ; N: 0, Z: 0, C: 1, V: 0, I: 1, F: 1, T: 1, M: SVC (11)
0x800054e: mov    r7, #0x9b                    ; N: 0, Z: 0, C: 1, V: 0, I: 1, F: 1, T: 1, M: SVC (03)
0x8000550: mov    r15, r14                     ; N: 0, Z: 0, C: 1, V: 0, I: 1, F: 1, T: 1, M: SVC (11)
0x8000558: mov    r7, #0x9c                    ; N: 0, Z: 0, C: 1, V: 0, I: 1, F: 1, T: 1, M: SVC (03)
0x800055a: bne    2                            ; N: 0, Z: 0, C: 1, V: 0, I: 1, F: 1, T: 1, M: SVC (11)
0x8000560: mov    r7, #0x9d                    ; N: 0, Z: 0, C: 1, V: 0, I: 1, F: 1, T: 1, M: SVC (03)
0x8000562: bne    -10                          ; N: 0, Z: 0, C: 1, V: 0, I: 1, F: 1, T: 1, M: SVC (11)
0x800055c: mov    r7, #0x9e                    ; N: 0, Z: 0, C: 1, V: 0, I: 1, F: 1, T: 1, M: SVC (03)
0x800055e: b      2                            ; N: 0, Z: 0, C: 1, V: 0, I: 1, F: 1, T: 1, M: SVC (11)
0x8000564: mov    r0, #0x0                     ; N: 0, Z: 1, C: 1, V: 0, I: 1, F: 1, T: 1, M: SVC (03)
0x8000566: beq    4                            ; N: 0, Z: 1, C: 1, V: 0, I: 1, F: 1, T: 1, M: SVC (11)
0x800056e: mov    r0, #0x1                     ; N: 0, Z: 0, C: 1, V: 0, I: 1, F: 1, T: 1, M: SVC (03)
0x8000570: bne    4                            ; N: 0, Z: 0, C: 1, V: 0, I: 1, F: 1, T: 1, M: SVC (11)
0x8000578: mov    r0, #0x0                     ; N: 0, Z: 1, C: 1, V: 0, I: 1, F: 1, T: 1, M: SVC (03)
0x800057a: cmp    r0, r0                       ; N: 0, Z: 1, C: 1, V: 0, I: 1, F: 1, T: 1, M: SVC (03)
0x800057c: bcs    4                            ; N: 0, Z: 1, C: 1, V: 0, I: 1, F: 1, T: 1, M: SVC (11)
0x8000584: mov    r0, #0x0                     ; N: 0, Z: 1, C: 1, V: 0, I: 1, F: 1, T: 1, M: SVC (03)
0x8000586: cmn    r0, r0                       ; N: 0, Z: 1, C: 0, V: 0, I: 1, F: 1, T: 1, M: SVC (03)
0x8000588: bcc    4                            ; N: 0, Z: 1, C: 0, V: 0, I: 1, F: 1, T: 1, M: SVC (11)
0x8000590: mov    r0, #0x0                     ; N: 0, Z: 1, C: 0, V: 0, I: 1, F: 1, T: 1, M: SVC (03)
0x8000592: mvn    r0, r0                       ; N: 1, Z: 0, C: 0, V: 0, I: 1, F: 1, T: 1, M: SVC (03)
0x8000594: bmi    4                            ; N: 1, Z: 0, C: 0, V: 0, I: 1, F: 1, T: 1, M: SVC (11)
0x800059c: mov    r0, #0x0                     ; N: 0, Z: 1, C: 0, V: 0, I: 1, F: 1, T: 1, M: SVC (03)
0x800059e: bpl    4                            ; N: 0, Z: 1, C: 0, V: 0, I: 1, F: 1, T: 1, M: SVC (11)
0x80005a6: mov    r0, #0x1                     ; N: 0, Z: 0, C: 0, V: 0, I: 1, F: 1, T: 1, M: SVC (03)
0x80005a8: lsl    r0, r0, #0x1f                ; N: 1, Z: 0, C: 0, V: 0, I: 1, F: 1, T: 1, M: SVC (03)
0x80005aa: sub    r0, #0x1                     ; N: 0, Z: 0, C: 1, V: 1, I: 1, F: 1, T: 1, M: SVC (03)
0x80005ac: bvs    4                            ; N: 0, Z: 0, C: 1, V: 1, I: 1, F: 1, T: 1, M: SVC (11)
0x80005b4: mov    r0, #0x1                     ; N: 0, Z: 0, C: 1, V: 1, I: 1, F: 1, T: 1, M: SVC (03)
0x80005b6: lsl    r0, r0, #0x1f                ; N: 1, Z: 0, C: 0, V: 1, I: 1, F: 1, T: 1, M: SVC (03)
0x80005b8: sub    r0, #0x1                     ; N: 0, Z: 0, C: 1, V: 1, I: 1, F: 1, T: 1, M: SVC (03)
0x80005ba: cmp    r0, r0                       ; N: 0, Z: 1, C: 1, V: 0, I: 1, F: 1, T: 1, M: SVC (03)
0x80005bc: bvc    4                            ; N: 0, Z: 1, C: 1, V: 0, I: 1, F: 1, T: 1, M: SVC (11)
0x80005c4: mov    r7, #0xa7                    ; N: 0, Z: 0, C: 1, V: 0, I: 1, F: 1, T: 1, M: SVC (03)
0x80005c6: add    r0, pc, #0x4                 ; N: 0, Z: 0, C: 1, V: 0, I: 1, F: 1, T: 1, M: SVC (03)
0x80005c8: bx     r0                           ; N: 0, Z: 0, C: 1, V: 0, I: 1, F: 1, T: 0, M: SVC (17)
0x80005cc: MOV    R7, #0xA8                    ; N: 0, Z: 0, C: 1, V: 0, I: 1, F: 1, T: 0, M: SVC (06)
0x80005d0: ADD    R0, R15, #0x1                ; N: 0, Z: 0, C: 1, V: 0, I: 1, F: 1, T: 0, M: SVC (06)
0x80005d4: BX     R0                           ; N: 0, Z: 0, C: 1, V: 0, I: 1, F: 1, T: 1, M: SVC (14)
0x80005d8: mov    r7, #0xa9                    ; N: 0, Z: 0, C: 1, V: 0, I: 1, F: 1, T: 1, M: SVC (03)
0x80005da: add    r0, pc, #0x4                 ; N: 0, Z: 0, C: 1, V: 0, I: 1, F: 1, T: 1, M: SVC (03)
0x80005dc: add    r0, #0x1                     ; N: 0, Z: 0, C: 0, V: 0, I: 1, F: 1, T: 1, M: SVC (03)
0x80005de: bx     r0                           ; N: 0, Z: 0, C: 0, V: 0, I: 1, F: 1, T: 1, M: SVC (11)
0x80005e0: mov    r7, #0x0                     ; N: 0, Z: 1, C: 0, V: 0, I: 1, F: 1, T: 1, M: SVC (03)
0x80005e2: mov    r6, #0x2                     ; N: 0, Z: 0, C: 0, V: 0, I: 1, F: 1, T: 1, M: SVC (03)
0x80005e4: lsl    r6, r6, #0x18                ; N: 0, Z: 0, C: 0, V: 0, I: 1, F: 1, T: 1, M: SVC (03)
0x80005e6: mov    r0, #0x0                     ; N: 0, Z: 1, C: 0, V: 0, I: 1, F: 1, T: 1, M: SVC (03)
0x80005e8: mvn    r0, r0                       ; N: 1, Z: 0, C: 0, V: 0, I: 1, F: 1, T: 1, M: SVC (03)
0x80005ea: ldr    r1, [pc, #0x8]               ; N: 1, Z: 0, C: 0, V: 0, I: 1, F: 1, T: 1, M: SVC (12)
0x80005ec: cmp    r1, r0                       ; N: 0, Z: 1, C: 1, V: 0, I: 1, F: 1, T: 1, M: SVC (03)
0x80005ee: bne    6                            ; N: 0, Z: 1, C: 1, V: 0, I: 1, F: 1, T: 1, M: SVC (05)
0x80005f0: add    r6, #0x20                    ; N: 0, Z: 0, C: 0, V: 0, I: 1, F: 1, T: 1, M: SVC (03)
0x80005f2: b      8                            ; N: 0, Z: 0, C: 0, V: 0, I: 1, F: 1, T: 1, M: SVC (11)
0x80005fe: mov    r0, #0x0                     ; N: 0, Z: 1, C: 0, V: 0, I: 1, F: 1, T: 1, M: SVC (03)
0x8000600: mvn    r0, r0                       ; N: 1, Z: 0, C: 0, V: 0, I: 1, F: 1, T: 1, M: SVC (03)
0x8000602: mov    r1, #0x4                     ; N: 0, Z: 0, C: 0, V: 0, I: 1, F: 1, T: 1, M: SVC (03)
0x8000604: str    r0, [r6, r1]                 ; N: 0, Z: 0, C: 0, V: 0, I: 1, F: 1, T: 1, M: SVC (11)
0x8000606: ldr    r2, [r6, r1]                 ; N: 0, Z: 0, C: 0, V: 0, I: 1, F: 1, T: 1, M: SVC (10)
0x8000608: cmp    r2, r0                       ; N: 0, Z: 1, C: 1, V: 0, I: 1, F: 1, T: 1, M: SVC (03)
0x800060a: bne    2                            ; N: 0, Z: 1, C: 1, V: 0, I: 1, F: 1, T: 1, M: SVC (05)
0x800060c: add    r6, #0x20                    ; N: 0, Z: 0, C: 0, V: 0, I: 1, F: 1, T: 1, M: SVC (03)
0x800060e: b      4                            ; N: 0, Z: 0, C: 0, V: 0, I: 1, F: 1, T: 1, M: SVC (11)
0x8000616: mov    r0, #0x0                     ; N: 0, Z: 1, C: 0, V: 0, I: 1, F: 1, T: 1, M: SVC (03)
0x8000618: mvn    r0, r0                       ; N: 1, Z: 0, C: 0, V: 0, I: 1, F: 1, T: 1, M: SVC (03)
0x800061a: mov    r1, #0x4                     ; N: 0, Z: 0, C: 0, V: 0, I: 1, F: 1, T: 1, M: SVC (03)
0x800061c: strb   r0, [r6, r1]                 ; N: 0, Z: 0, C: 0, V: 0, I: 1, F: 1, T: 1, M: SVC (08)
0x800061e: ldr    r2, [r6, r1]                 ; N: 0, Z: 0, C: 0, V: 0, I: 1, F: 1, T: 1, M: SVC (10)
0x8000620: cmp    r2, #0xff                    ; N: 0, Z: 1, C: 1, V: 0, I: 1, F: 1, T: 1, M: SVC (03)
0x8000622: bne    2                            ; N: 0, Z: 1, C: 1, V: 0, I: 1, F: 1, T: 1, M: SVC (05)
0x8000624: add    r6, #0x20                    ; N: 0, Z: 0, C: 0, V: 0, I: 1, F: 1, T: 1, M: SVC (03)
0x8000626: b      4                            ; N: 0, Z: 0, C: 0, V: 0, I: 1, F: 1, T: 1, M: SVC (11)
0x800062e: mov    r0, #0x0                     ; N: 0, Z: 1, C: 0, V: 0, I: 1, F: 1, T: 1, M: SVC (03)
0x8000630: mvn    r0, r0                       ; N: 1, Z: 0, C: 0, V: 0, I: 1, F: 1, T: 1, M: SVC (03)
0x8000632: mov    r1, #0x4                     ; N: 0, Z: 0, C: 0, V: 0, I: 1, F: 1, T: 1, M: SVC (03)
0x8000634: str    r0, [r6, r1]                 ; N: 0, Z: 0, C: 0, V: 0, I: 1, F: 1, T: 1, M: SVC (11)
0x8000636: ldrb   r2, [r6, r1]                 ; N: 0, Z: 0, C: 0, V: 0, I: 1, F: 1, T: 1, M: SVC (07)
0x8000638: cmp    r2, #0xff                    ; N: 0, Z: 1, C: 1, V: 0, I: 1, F: 1, T: 1, M: SVC (03)
0x800063a: bne    2                            ; N: 0, Z: 1, C: 1, V: 0, I: 1, F: 1, T: 1, M: SVC (05)
0x800063c: add    r6, #0x20                    ; N: 0, Z: 0, C: 0, V: 0, I: 1, F: 1, T: 1, M: SVC (03)
0x800063e: b      4                            ; N: 0, Z: 0, C: 0, V: 0, I: 1, F: 1, T: 1, M: SVC (11)
0x8000646: mov    r0, #0x0                     ; N: 0, Z: 1, C: 0, V: 0, I: 1, F: 1, T: 1, M: SVC (03)
0x8000648: mov    r1, #0xff                    ; N: 0, Z: 0, C: 0, V: 0, I: 1, F: 1, T: 1, M: SVC (03)
0x800064a: str    r1, [r6, r0]                 ; N: 0, Z: 0, C: 0, V: 0, I: 1, F: 1, T: 1, M: SVC (11)
0x800064c: mov    r0, #0x1                     ; N: 0, Z: 0, C: 0, V: 0, I: 1, F: 1, T: 1, M: SVC (03)
0x800064e: mov    r3, #0x8                     ; N: 0, Z: 0, C: 0, V: 0, I: 1, F: 1, T: 1, M: SVC (03)
0x8000650: ror    r1, r3                       ; N: 1, Z: 0, C: 1, V: 0, I: 1, F: 1, T: 1, M: SVC (03)
0x8000652: ldr    r2, [r6, r0]                 ; N: 1, Z: 0, C: 1, V: 0, I: 1, F: 1, T: 1, M: SVC (10)
0x8000654: cmp    r2, r1                       ; N: 0, Z: 1, C: 1, V: 0, I: 1, F: 1, T: 1, M: SVC (03)
0x8000656: bne    2                            ; N: 0, Z: 1, C: 1, V: 0, I: 1, F: 1, T: 1, M: SVC (05)
0x8000658: add    r6, #0x20                    ; N: 0, Z: 0, C: 0, V: 0, I: 1, F: 1, T: 1, M: SVC (03)
0x800065a: b      4                            ; N: 0, Z: 0, C: 0, V: 0, I: 1, F: 1, T: 1, M: SVC (11)
0x8000662: mov    r0, #0x0                     ; N: 0, Z: 1, C: 0, V: 0, I: 1, F: 1, T: 1, M: SVC (03)
0x8000664: mvn    r0, r0                       ; N: 1, Z: 0, C: 0, V: 0, I: 1, F: 1, T: 1, M: SVC (03)
0x8000666: lsr    r1, r0, #0x10                ; N: 0, Z: 0, C: 1, V: 0, I: 1, F: 1, T: 1, M: SVC (03)
0x8000668: mov    r2, #0x4                     ; N: 0, Z: 0, C: 1, V: 0, I: 1, F: 1, T: 1, M: SVC (03)
0x800066a: strh   r0, [r6, r2]                 ; N: 0, Z: 0, C: 1, V: 0, I: 1, F: 1, T: 1, M: SVC (08)
0x800066c: ldr    r3, [r6, r2]                 ; N: 0, Z: 0, C: 1, V: 0, I: 1, F: 1, T: 1, M: SVC (10)
0x800066e: cmp    r3, r1                       ; N: 0, Z: 1, C: 1, V: 0, I: 1, F: 1, T: 1, M: SVC (03)
0x8000670: bne    2                            ; N: 0, Z: 1, C: 1, V: 0, I: 1, F: 1, T: 1, M: SVC (05)
0x8000672: add    r6, #0x20                    ; N: 0, Z: 0, C: 0, V: 0, I: 1, F: 1, T: 1, M: SVC (03)
0x8000674: b      4                            ; N: 0, Z: 0, C: 0, V: 0, I: 1, F: 1, T: 1, M: SVC (11)
0x800067c: mov    r0, #0x0                     ; N: 0, Z: 1, C: 0, V: 0, I: 1, F: 1, T: 1, M: SVC (03)
0x800067e: mvn    r0, r0                       ; N: 1, Z: 0, C: 0, V: 0, I: 1, F: 1, T: 1, M: SVC (03)
0x8000680: lsr    r1, r0, #0x10                ; N: 0, Z: 0, C: 1, V: 0, I: 1, F: 1, T: 1, M: SVC (03)
0x8000682: mov    r2, #0x4                     ; N: 0, Z: 0, C: 1, V: 0, I: 1, F: 1, T: 1, M: SVC (03)
0x8000684: str    r0, [r6, r2]                 ; N: 0, Z: 0, C: 1, V: 0, I: 1, F: 1, T: 1, M: SVC (11)
0x8000686: ldrh   r3, [r6, r2]                 ; N: 0, Z: 0, C: 1, V: 0, I: 1, F: 1, T: 1, M: SVC (07)
0x8000688: cmp    r3, r1                       ; N: 0, Z: 1, C: 1, V: 0, I: 1, F: 1, T: 1, M: SVC (03)
0x800068a: bne    2                            ; N: 0, Z: 1, C: 1, V: 0, I: 1, F: 1, T: 1, M: SVC (05)
0x800068c: add    r6, #0x20                    ; N: 0, Z: 0, C: 0, V: 0, I: 1, F: 1, T: 1, M: SVC (03)
0x800068e: b      4                            ; N: 0, Z: 0, C: 0, V: 0, I: 1, F: 1, T: 1, M: SVC (11)
0x8000696: mov    r0, #0x7f                    ; N: 0, Z: 0, C: 0, V: 0, I: 1, F: 1, T: 1, M: SVC (03)
0x8000698: mov    r1, #0x4                     ; N: 0, Z: 0, C: 0, V: 0, I: 1, F: 1, T: 1, M: SVC (03)
0x800069a: str    r0, [r6, r1]                 ; N: 0, Z: 0, C: 0, V: 0, I: 1, F: 1, T: 1, M: SVC (11)
0x800069c: ldsb   r2, [r6, r1]                 ; N: 0, Z: 0, C: 0, V: 0, I: 1, F: 1, T: 1, M: SVC (07)
0x800069e: cmp    r2, r0                       ; N: 0, Z: 1, C: 1, V: 0, I: 1, F: 1, T: 1, M: SVC (03)
0x80006a0: bne    2                            ; N: 0, Z: 1, C: 1, V: 0, I: 1, F: 1, T: 1, M: SVC (05)
0x80006a2: add    r6, #0x20                    ; N: 0, Z: 0, C: 0, V: 0, I: 1, F: 1, T: 1, M: SVC (03)
0x80006a4: b      4                            ; N: 0, Z: 0, C: 0, V: 0, I: 1, F: 1, T: 1, M: SVC (11)
0x80006ac: mov    r0, #0xff                    ; N: 0, Z: 0, C: 0, V: 0, I: 1, F: 1, T: 1, M: SVC (03)
0x80006ae: mov    r1, #0x0                     ; N: 0, Z: 1, C: 0, V: 0, I: 1, F: 1, T: 1, M: SVC (03)
0x80006b0: mvn    r1, r1                       ; N: 1, Z: 0, C: 0, V: 0, I: 1, F: 1, T: 1, M: SVC (03)
0x80006b2: mov    r2, #0x4                     ; N: 0, Z: 0, C: 0, V: 0, I: 1, F: 1, T: 1, M: SVC (03)
0x80006b4: str    r0, [r6, r2]                 ; N: 0, Z: 0, C: 0, V: 0, I: 1, F: 1, T: 1, M: SVC (11)
0x80006b6: ldsb   r3, [r6, r2]                 ; N: 0, Z: 0, C: 0, V: 0, I: 1, F: 1, T: 1, M: SVC (07)
0x80006b8: cmp    r3, r1                       ; N: 0, Z: 1, C: 1, V: 0, I: 1, F: 1, T: 1, M: SVC (03)
0x80006ba: bne    2                            ; N: 0, Z: 1, C: 1, V: 0, I: 1, F: 1, T: 1, M: SVC (05)
0x80006bc: add    r6, #0x20                    ; N: 0, Z: 0, C: 0, V: 0, I: 1, F: 1, T: 1, M: SVC (03)
0x80006be: b      4                            ; N: 0, Z: 0, C: 0, V: 0, I: 1, F: 1, T: 1, M: SVC (11)
0x80006c6: mov    r0, #0xff                    ; N: 0, Z: 0, C: 0, V: 0, I: 1, F: 1, T: 1, M: SVC (03)
0x80006c8: lsl    r0, r0, #0x4                 ; N: 0, Z: 0, C: 0, V: 0, I: 1, F: 1, T: 1, M: SVC (03)
0x80006ca: mov    r1, #0x4                     ; N: 0, Z: 0, C: 0, V: 0, I: 1, F: 1, T: 1, M: SVC (03)
0x80006cc: str    r0, [r6, r1]                 ; N: 0, Z: 0, C: 0, V: 0, I: 1, F: 1, T: 1, M: SVC (11)
0x80006ce: ldsh   r2, [r6, r1]                 ; N: 0, Z: 0, C: 0, V: 0, I: 1, F: 1, T: 1, M: SVC (07)
0x80006d0: cmp    r2, r0                       ; N: 0, Z: 1, C: 1, V: 0, I: 1, F: 1, T: 1, M: SVC (03)
0x80006d2: bne    2                            ; N: 0, Z: 1, C: 1, V: 0, I: 1, F: 1, T: 1, M: SVC (05)
0x80006d4: add    r6, #0x20                    ; N: 0, Z: 0, C: 0, V: 0, I: 1, F: 1, T: 1, M: SVC (03)
0x80006d6: b      4                            ; N: 0, Z: 0, C: 0, V: 0, I: 1, F: 1, T: 1, M: SVC (11)
0x80006de: mov    r0, #0xff                    ; N: 0, Z: 0, C: 0, V: 0, I: 1, F: 1, T: 1, M: SVC (03)
0x80006e0: lsl    r0, r0, #0x8                 ; N: 0, Z: 0, C: 0, V: 0, I: 1, F: 1, T: 1, M: SVC (03)
0x80006e2: mov    r1, #0x4                     ; N: 0, Z: 0, C: 0, V: 0, I: 1, F: 1, T: 1, M: SVC (03)
0x80006e4: str    r0, [r6, r1]                 ; N: 0, Z: 0, C: 0, V: 0, I: 1, F: 1, T: 1, M: SVC (11)
0x80006e6: ldsh   r2, [r6, r1]                 ; N: 0, Z: 0, C: 0, V: 0, I: 1, F: 1, T: 1, M: SVC (07)
0x80006e8: mov    r3, #0x1                     ; N: 0, Z: 0, C: 0, V: 0, I: 1, F: 1, T: 1, M: SVC (03)
0x80006ea: lsl    r3, r3, #0x1f                ; N: 1, Z: 0, C: 0, V: 0, I: 1, F: 1, T: 1, M: SVC (03)
0x80006ec: asr    r3, r3, #0x17                ; N: 1, Z: 0, C: 0, V: 0, I: 1, F: 1, T: 1, M: SVC (03)
0x80006ee: cmp    r3, r2                       ; N: 0, Z: 1, C: 1, V: 0, I: 1, F: 1, T: 1, M: SVC (03)
0x80006f0: bne    2                            ; N: 0, Z: 1, C: 1, V: 0, I: 1, F: 1, T: 1, M: SVC (05)
0x80006f2: add    r6, #0x20                    ; N: 0, Z: 0, C: 0, V: 0, I: 1, F: 1, T: 1, M: SVC (03)
0x80006f4: b      4                            ; N: 0, Z: 0, C: 0, V: 0, I: 1, F: 1, T: 1, M: SVC (11)
0x80006fc: mov    r0, #0x0                     ; N: 0, Z: 1, C: 0, V: 0, I: 1, F: 1, T: 1, M: SVC (03)
0x80006fe: mov    r1, #0xff                    ; N: 0, Z: 0, C: 0, V: 0, I: 1, F: 1, T: 1, M: SVC (03)
0x8000700: strh   r1, [r6, r0]                 ; N: 0, Z: 0, C: 0, V: 0, I: 1, F: 1, T: 1, M: SVC (08)
0x8000702: add    r0, #0x1                     ; N: 0, Z: 0, C: 0, V: 0, I: 1, F: 1, T: 1, M: SVC (03)
0x8000704: mov    r2, #0x8                     ; N: 0, Z: 0, C: 0, V: 0, I: 1, F: 1, T: 1, M: SVC (03)
0x8000706: ror    r1, r2                       ; N: 1, Z: 0, C: 1, V: 0, I: 1, F: 1, T: 1, M: SVC (03)
0x8000708: ldrh   r2, [r6, r0]                 ; N: 1, Z: 0, C: 1, V: 0, I: 1, F: 1, T: 1, M: SVC (07)
0x800070a: cmp    r2, r1                       ; N: 0, Z: 1, C: 1, V: 0, I: 1, F: 1, T: 1, M: SVC (03)
0x800070c: bne    2                            ; N: 0, Z: 1, C: 1, V: 0, I: 1, F: 1, T: 1, M: SVC (05)
0x800070e: add    r6, #0x20                    ; N: 0, Z: 0, C: 0, V: 0, I: 1, F: 1, T: 1, M: SVC (03)
0x8000710: b      4                            ; N: 0, Z: 0, C: 0, V: 0, I: 1, F: 1, T: 1, M: SVC (11)
0x8000718: mov    r0, #0x0                     ; N: 0, Z: 1, C: 0, V: 0, I: 1, F: 1, T: 1, M: SVC (03)
0x800071a: mov    r1, #0xff                    ; N: 0, Z: 0, C: 0, V: 0, I: 1, F: 1, T: 1, M: SVC (03)
0x800071c: lsl    r1, r1, #0x8                 ; N: 0, Z: 0, C: 0, V: 0, I: 1, F: 1, T: 1, M: SVC (03)
0x800071e: strh   r1, [r6, r0]                 ; N: 0, Z: 0, C: 0, V: 0, I: 1, F: 1, T: 1, M: SVC (08)
0x8000720: mvn    r1, r0                       ; N: 1, Z: 0, C: 0, V: 0, I: 1, F: 1, T: 1, M: SVC (03)
0x8000722: add    r0, #0x1                     ; N: 0, Z: 0, C: 0, V: 0, I: 1, F: 1, T: 1, M: SVC (03)
0x8000724: ldsh   r2, [r6, r0]                 ; N: 0, Z: 0, C: 0, V: 0, I: 1, F: 1, T: 1, M: SVC (07)
0x8000726: cmp    r2, r1                       ; N: 0, Z: 1, C: 1, V: 0, I: 1, F: 1, T: 1, M: SVC (03)
0x8000728: bne    2                            ; N: 0, Z: 1, C: 1, V: 0, I: 1, F: 1, T: 1, M: SVC (05)
0x800072a: add    r6, #0x20                    ; N: 0, Z: 0, C: 0, V: 0, I: 1, F: 1, T: 1, M: SVC (03)
0x800072c: b      4                            ; N: 0, Z: 0, C: 0, V: 0, I: 1, F: 1, T: 1, M: SVC (11)
0x8000734: mov    r0, #0x0                     ; N: 0, Z: 1, C: 0, V: 0, I: 1, F: 1, T: 1, M: SVC (03)
0x8000736: mvn    r0, r0                       ; N: 1, Z: 0, C: 0, V: 0, I: 1, F: 1, T: 1, M: SVC (03)
0x8000738: str    r0, [r6, #0x4]               ; N: 1, Z: 0, C: 0, V: 0, I: 1, F: 1, T: 1, M: SVC (11)
0x800073a: ldr    r1, [r6, #0x4]               ; N: 1, Z: 0, C: 0, V: 0, I: 1, F: 1, T: 1, M: SVC (10)
0x800073c: cmp    r1, r0                       ; N: 0, Z: 1, C: 1, V: 0, I: 1, F: 1, T: 1, M: SVC (03)
0x800073e: bne    2                            ; N: 0, Z: 1, C: 1, V: 0, I: 1, F: 1, T: 1, M: SVC (05)
0x8000740: add    r6, #0x20                    ; N: 0, Z: 0, C: 0, V: 0, I: 1, F: 1, T: 1, M: SVC (03)
0x8000742: b      4                            ; N: 0, Z: 0, C: 0, V: 0, I: 1, F: 1, T: 1, M: SVC (11)
0x800074a: mov    r0, #0x0                     ; N: 0, Z: 1, C: 0, V: 0, I: 1, F: 1, T: 1, M: SVC (03)
0x800074c: mvn    r0, r0                       ; N: 1, Z: 0, C: 0, V: 0, I: 1, F: 1, T: 1, M: SVC (03)
0x800074e: strb   r0, [r6, #0x4]               ; N: 1, Z: 0, C: 0, V: 0, I: 1, F: 1, T: 1, M: SVC (08)
0x8000750: ldr    r1, [r6, #0x4]               ; N: 1, Z: 0, C: 0, V: 0, I: 1, F: 1, T: 1, M: SVC (10)
0x8000752: cmp    r1, #0xff                    ; N: 0, Z: 1, C: 1, V: 0, I: 1, F: 1, T: 1, M: SVC (03)
0x8000754: bne    2                            ; N: 0, Z: 1, C: 1, V: 0, I: 1, F: 1, T: 1, M: SVC (05)
0x8000756: add    r6, #0x20                    ; N: 0, Z: 0, C: 0, V: 0, I: 1, F: 1, T: 1, M: SVC (03)
0x8000758: b      4                            ; N: 0, Z: 0, C: 0, V: 0, I: 1, F: 1, T: 1, M: SVC (11)
0x8000760: mov    r0, #0x0                     ; N: 0, Z: 1, C: 0, V: 0, I: 1, F: 1, T: 1, M: SVC (03)
0x8000762: mvn    r0, r0                       ; N: 1, Z: 0, C: 0, V: 0, I: 1, F: 1, T: 1, M: SVC (03)
0x8000764: str    r0, [r6, #0x4]               ; N: 1, Z: 0, C: 0, V: 0, I: 1, F: 1, T: 1, M: SVC (11)
0x8000766: ldrb   r1, [r6, #0x4]               ; N: 1, Z: 0, C: 0, V: 0, I: 1, F: 1, T: 1, M: SVC (07)
0x8000768: cmp    r1, #0xff                    ; N: 0, Z: 1, C: 1, V: 0, I: 1, F: 1, T: 1, M: SVC (03)
0x800076a: bne    2                            ; N: 0, Z: 1, C: 1, V: 0, I: 1, F: 1, T: 1, M: SVC (05)
0x800076c: add    r6, #0x20                    ; N: 0, Z: 0, C: 0, V: 0, I: 1, F: 1, T: 1, M: SVC (03)
0x800076e: b      4                            ; N: 0, Z: 0, C: 0, V: 0, I: 1, F: 1, T: 1, M: SVC (11)
0x8000776: mov    r0, #0xff                    ; N: 0, Z: 0, C: 0, V: 0, I: 1, F: 1, T: 1, M: SVC (03)
0x8000778: str    r0, [r6]                     ; N: 0, Z: 0, C: 0, V: 0, I: 1, F: 1, T: 1, M: SVC (11)
0x800077a: mov    r1, #0x8                     ; N: 0, Z: 0, C: 0, V: 0, I: 1, F: 1, T: 1, M: SVC (03)
0x800077c: ror    r0, r1                       ; N: 1, Z: 0, C: 1, V: 0, I: 1, F: 1, T: 1, M: SVC (03)
0x800077e: add    r3, r6, #0x0                 ; N: 0, Z: 0, C: 0, V: 0, I: 1, F: 1, T: 1, M: SVC (03)
0x8000780: add    r3, #0x1                     ; N: 0, Z: 0, C: 0, V: 0, I: 1, F: 1, T: 1, M: SVC (03)
0x8000782: ldr    r1, [r3]                     ; N: 0, Z: 0, C: 0, V: 0, I: 1, F: 1, T: 1, M: SVC (10)
0x8000784: cmp    r1, r0                       ; N: 0, Z: 1, C: 1, V: 0, I: 1, F: 1, T: 1, M: SVC (03)
0x8000786: bne    2                            ; N: 0, Z: 1, C: 1, V: 0, I: 1, F: 1, T: 1, M: SVC (05)
0x8000788: add    r6, #0x20                    ; N: 0, Z: 0, C: 0, V: 0, I: 1, F: 1, T: 1, M: SVC (03)
0x800078a: b      4                            ; N: 0, Z: 0, C: 0, V: 0, I: 1, F: 1, T: 1, M: SVC (11)
0x8000792: mov    r0, #0x0                     ; N: 0, Z: 1, C: 0, V: 0, I: 1, F: 1, T: 1, M: SVC (03)
0x8000794: mvn    r0, r0                       ; N: 1, Z: 0, C: 0, V: 0, I: 1, F: 1, T: 1, M: SVC (03)
0x8000796: lsr    r1, r0, #0x10                ; N: 0, Z: 0, C: 1, V: 0, I: 1, F: 1, T: 1, M: SVC (03)
0x8000798: strh   r0, [r6, #0x4]               ; N: 0, Z: 0, C: 1, V: 0, I: 1, F: 1, T: 1, M: SVC (08)
0x800079a: ldr    r2, [r6, #0x4]               ; N: 0, Z: 0, C: 1, V: 0, I: 1, F: 1, T: 1, M: SVC (10)
0x800079c: cmp    r2, r1                       ; N: 0, Z: 1, C: 1, V: 0, I: 1, F: 1, T: 1, M: SVC (03)
0x800079e: bne    2                            ; N: 0, Z: 1, C: 1, V: 0, I: 1, F: 1, T: 1, M: SVC (05)
0x80007a0: add    r6, #0x20                    ; N: 0, Z: 0, C: 0, V: 0, I: 1, F: 1, T: 1, M: SVC (03)
0x80007a2: b      4                            ; N: 0, Z: 0, C: 0, V: 0, I: 1, F: 1, T: 1, M: SVC (11)
0x80007aa: mov    r0, #0x0                     ; N: 0, Z: 1, C: 0, V: 0, I: 1, F: 1, T: 1, M: SVC (03)
0x80007ac: mvn    r0, r0                       ; N: 1, Z: 0, C: 0, V: 0, I: 1, F: 1, T: 1, M: SVC (03)
0x80007ae: lsr    r1, r0, #0x10                ; N: 0, Z: 0, C: 1, V: 0, I: 1, F: 1, T: 1, M: SVC (03)
0x80007b0: str    r0, [r6, #0x4]               ; N: 0, Z: 0, C: 1, V: 0, I: 1, F: 1, T: 1, M: SVC (11)
0x80007b2: ldrh   r2, [r6, #0x4]               ; N: 0, Z: 0, C: 1, V: 0, I: 1, F: 1, T: 1, M: SVC (07)
0x80007b4: cmp    r2, r1                       ; N: 0, Z: 1, C: 1, V: 0, I: 1, F: 1, T: 1, M: SVC (03)
0x80007b6: bne    2                            ; N: 0, Z: 1, C: 1, V: 0, I: 1, F: 1, T: 1, M: SVC (05)
0x80007b8: add    r6, #0x20                    ; N: 0, Z: 0, C: 0, V: 0, I: 1, F: 1, T: 1, M: SVC (03)
0x80007ba: b      4                            ; N: 0, Z: 0, C: 0, V: 0, I: 1, F: 1, T: 1, M: SVC (11)
0x80007c2: mov    r0, #0xff                    ; N: 0, Z: 0, C: 0, V: 0, I: 1, F: 1, T: 1, M: SVC (03)
0x80007c4: strh   r0, [r6]                     ; N: 0, Z: 0, C: 0, V: 0, I: 1, F: 1, T: 1, M: SVC (08)
0x80007c6: mov    r1, #0x8                     ; N: 0, Z: 0, C: 0, V: 0, I: 1, F: 1, T: 1, M: SVC (03)
0x80007c8: ror    r0, r1                       ; N: 1, Z: 0, C: 1, V: 0, I: 1, F: 1, T: 1, M: SVC (03)
0x80007ca: add    r2, r6, #0x0                 ; N: 0, Z: 0, C: 0, V: 0, I: 1, F: 1, T: 1, M: SVC (03)
0x80007cc: add    r2, #0x1                     ; N: 0, Z: 0, C: 0, V: 0, I: 1, F: 1, T: 1, M: SVC (03)
0x80007ce: ldrh   r1, [r2]                     ; N: 0, Z: 0, C: 0, V: 0, I: 1, F: 1, T: 1, M: SVC (07)
0x80007d0: cmp    r1, r0                       ; N: 0, Z: 1, C: 1, V: 0, I: 1, F: 1, T: 1, M: SVC (03)
0x80007d2: bne    2                            ; N: 0, Z: 1, C: 1, V: 0, I: 1, F: 1, T: 1, M: SVC (05)
0x80007d4: add    r6, #0x20                    ; N: 0, Z: 0, C: 0, V: 0, I: 1, F: 1, T: 1, M: SVC (03)
0x80007d6: b      4                            ; N: 0, Z: 0, C: 0, V: 0, I: 1, F: 1, T: 1, M: SVC (11)
0x80007de: mov    r0, #0x0                     ; N: 0, Z: 1, C: 0, V: 0, I: 1, F: 1, T: 1, M: SVC (03)
0x80007e0: mvn    r0, r0                       ; N: 1, Z: 0, C: 0, V: 0, I: 1, F: 1, T: 1, M: SVC (03)
0x80007e2: str    r0, [sp, #0x4]               ; N: 1, Z: 0, C: 0, V: 0, I: 1, F: 1, T: 1, M: SVC (06)
0x80007e4: ldr    r1, [sp, #0x4]               ; N: 1, Z: 0, C: 0, V: 0, I: 1, F: 1, T: 1, M: SVC (05)
0x80007e6: cmp    r1, r0                       ; N: 0, Z: 1, C: 1, V: 0, I: 1, F: 1, T: 1, M: SVC (03)
0x80007e8: bne    2                            ; N: 0, Z: 1, C: 1, V: 0, I: 1, F: 1, T: 1, M: SVC (05)
0x80007ea: add    r6, #0x20                    ; N: 0, Z: 0, C: 0, V: 0, I: 1, F: 1, T: 1, M: SVC (03)
0x80007ec: b      4                            ; N: 0, Z: 0, C: 0, V: 0, I: 1, F: 1, T: 1, M: SVC (11)
0x80007f4: mov    r0, #0xff                    ; N: 0, Z: 0, C: 0, V: 0, I: 1, F: 1, T: 1, M: SVC (03)
0x80007f6: str    r0, [sp, #0x4]               ; N: 0, Z: 0, C: 0, V: 0, I: 1, F: 1, T: 1, M: SVC (06)
0x80007f8: mov    r2, #0x8                     ; N: 0, Z: 0, C: 0, V: 0, I: 1, F: 1, T: 1, M: SVC (03)
0x80007fa: ror    r0, r2                       ; N: 1, Z: 0, C: 1, V: 0, I: 1, F: 1, T: 1, M: SVC (03)
0x80007fc: mov    r1, r13                      ; N: 1, Z: 0, C: 1, V: 0, I: 1, F: 1, T: 1, M: SVC (03)
0x80007fe: add    r1, #0x1                     ; N: 0, Z: 0, C: 0, V: 0, I: 1, F: 1, T: 1, M: SVC (03)
0x8000800: mov    r13, r1                      ; N: 0, Z: 0, C: 0, V: 0, I: 1, F: 1, T: 1, M: SVC (03)
0x8000802: ldr    r2, [sp, #0x4]               ; N: 0, Z: 0, C: 0, V: 0, I: 1, F: 1, T: 1, M: SVC (05)
0x8000804: sub    r1, #0x1                     ; N: 0, Z: 0, C: 1, V: 0, I: 1, F: 1, T: 1, M: SVC (03)
0x8000806: mov    r13, r1                      ; N: 0, Z: 0, C: 1, V: 0, I: 1, F: 1, T: 1, M: SVC (03)
0x8000808: cmp    r2, r0                       ; N: 0, Z: 1, C: 1, V: 0, I: 1, F: 1, T: 1, M: SVC (03)
0x800080a: bne    2                            ; N: 0, Z: 1, C: 1, V: 0, I: 1, F: 1, T: 1, M: SVC (05)
0x800080c: add    r6, #0x20                    ; N: 0, Z: 0, C: 0, V: 0, I: 1, F: 1, T: 1, M: SVC (03)
0x800080e: b      4                            ; N: 0, Z: 0, C: 0, V: 0, I: 1, F: 1, T: 1, M: SVC (11)
0x8000816: mov    r0, #0x20                    ; N: 0, Z: 0, C: 0, V: 0, I: 1, F: 1, T: 1, M: SVC (03)
0x8000818: mov    r1, #0x40                    ; N: 0, Z: 0, C: 0, V: 0, I: 1, F: 1, T: 1, M: SVC (03)
0x800081a: push   {r0,r1}                      ; N: 0, Z: 0, C: 0, V: 0, I: 1, F: 1, T: 1, M: SVC (07)
0x800081c: pop    {r2,r3}                      ; N: 0, Z: 0, C: 0, V: 0, I: 1, F: 1, T: 1, M: SVC (08)
0x800081e: cmp    r0, r2                       ; N: 0, Z: 1, C: 1, V: 0, I: 1, F: 1, T: 1, M: SVC (03)
0x8000820: bne    6                            ; N: 0, Z: 1, C: 1, V: 0, I: 1, F: 1, T: 1, M: SVC (05)
0x8000822: cmp    r1, r3                       ; N: 0, Z: 1, C: 1, V: 0, I: 1, F: 1, T: 1, M: SVC (03)
0x8000824: bne    2                            ; N: 0, Z: 1, C: 1, V: 0, I: 1, F: 1, T: 1, M: SVC (05)
0x8000826: add    r6, #0x20                    ; N: 0, Z: 0, C: 0, V: 0, I: 1, F: 1, T: 1, M: SVC (03)
0x8000828: b      4                            ; N: 0, Z: 0, C: 0, V: 0, I: 1, F: 1, T: 1, M: SVC (11)
0x8000830: add    r0, pc, #0xc                 ; N: 0, Z: 0, C: 0, V: 0, I: 1, F: 1, T: 1, M: SVC (03)
0x8000832: add    r0, r0, #0x0                 ; N: 0, Z: 0, C: 0, V: 0, I: 1, F: 1, T: 1, M: SVC (03)
0x8000834: mov    r14, r0                      ; N: 0, Z: 0, C: 0, V: 0, I: 1, F: 1, T: 1, M: SVC (03)
0x8000836: push   {r1}                         ; N: 0, Z: 0, C: 0, V: 0, I: 1, F: 1, T: 1, M: SVC (07)
0x8000838: pop    {r1}                         ; N: 0, Z: 0, C: 0, V: 0, I: 1, F: 1, T: 1, M: SVC (14)
0x8000840: add    r0, pc, #0xc                 ; N: 0, Z: 0, C: 0, V: 0, I: 1, F: 1, T: 1, M: SVC (03)
0x8000842: add    r0, #0x1                     ; N: 0, Z: 0, C: 0, V: 0, I: 1, F: 1, T: 1, M: SVC (03)
0x8000844: mov    r14, r0                      ; N: 0, Z: 0, C: 0, V: 0, I: 1, F: 1, T: 1, M: SVC (03)
0x8000846: push   {r1}                         ; N: 0, Z: 0, C: 0, V: 0, I: 1, F: 1, T: 1, M: SVC (07)
0x8000848: pop    {r1}                         ; N: 0, Z: 0, C: 0, V: 0, I: 1, F: 1, T: 1, M: SVC (14)
0x8000850: mov    r0, r13                      ; N: 0, Z: 0, C: 0, V: 0, I: 1, F: 1, T: 1, M: SVC (03)
0x8000852: mov    r1, r13                      ; N: 0, Z: 0, C: 0, V: 0, I: 1, F: 1, T: 1, M: SVC (03)
0x8000854: add    r1, #0x1                     ; N: 0, Z: 0, C: 0, V: 0, I: 1, F: 1, T: 1, M: SVC (03)
0x8000856: mov    r13, r1                      ; N: 0, Z: 0, C: 0, V: 0, I: 1, F: 1, T: 1, M: SVC (03)
0x8000858: push   {r2,r3}                      ; N: 0, Z: 0, C: 0, V: 0, I: 1, F: 1, T: 1, M: SVC (07)
0x800085a: pop    {r2,r3}                      ; N: 0, Z: 0, C: 0, V: 0, I: 1, F: 1, T: 1, M: SVC (08)
0x800085c: mov    r2, r13                      ; N: 0, Z: 0, C: 0, V: 0, I: 1, F: 1, T: 1, M: SVC (03)
0x800085e: mov    r13, r0                      ; N: 0, Z: 0, C: 0, V: 0, I: 1, F: 1, T: 1, M: SVC (03)
0x8000860: sub    r2, #0x1                     ; N: 0, Z: 0, C: 1, V: 0, I: 1, F: 1, T: 1, M: SVC (03)
0x8000862: cmp    r2, r0                       ; N: 0, Z: 1, C: 1, V: 0, I: 1, F: 1, T: 1, M: SVC (03)
0x8000864: bne    2                            ; N: 0, Z: 1, C: 1, V: 0, I: 1, F: 1, T: 1, M: SVC (05)
0x8000866: add    r6, #0x20                    ; N: 0, Z: 0, C: 0, V: 0, I: 1, F: 1, T: 1, M: SVC (03)
0x8000868: b      4                            ; N: 0, Z: 0, C: 0, V: 0, I: 1, F: 1, T: 1, M: SVC (11)
0x8000870: mov    r0, #0x1                     ; N: 0, Z: 0, C: 0, V: 0, I: 1, F: 1, T: 1, M: SVC (03)
0x8000872: mov    r1, #0x2                     ; N: 0, Z: 0, C: 0, V: 0, I: 1, F: 1, T: 1, M: SVC (03)
0x8000874: add    r3, r6, #0x0                 ; N: 0, Z: 0, C: 0, V: 0, I: 1, F: 1, T: 1, M: SVC (03)
0x8000876: stmia  r3!, {r0,r1}                 ; N: 0, Z: 0, C: 0, V: 0, I: 1, F: 1, T: 1, M: SVC (17)
0x8000878: sub    r3, #0x8                     ; N: 0, Z: 0, C: 1, V: 0, I: 1, F: 1, T: 1, M: SVC (03)
0x800087a: cmp    r3, r6                       ; N: 0, Z: 1, C: 1, V: 0, I: 1, F: 1, T: 1, M: SVC (03)
0x800087c: bne    18                           ; N: 0, Z: 1, C: 1, V: 0, I: 1, F: 1, T: 1, M: SVC (05)
0x800087e: ldmia  r3!, {r2,r4}                 ; N: 0, Z: 1, C: 1, V: 0, I: 1, F: 1, T: 1, M: SVC (18)
0x8000880: sub    r3, #0x8                     ; N: 0, Z: 0, C: 1, V: 0, I: 1, F: 1, T: 1, M: SVC (03)
0x8000882: cmp    r3, r6                       ; N: 0, Z: 1, C: 1, V: 0, I: 1, F: 1, T: 1, M: SVC (03)
0x8000884: bne    10                           ; N: 0, Z: 1, C: 1, V: 0, I: 1, F: 1, T: 1, M: SVC (05)
0x8000886: cmp    r0, r2                       ; N: 0, Z: 1, C: 1, V: 0, I: 1, F: 1, T: 1, M: SVC (03)
0x8000888: bne    6                            ; N: 0, Z: 1, C: 1, V: 0, I: 1, F: 1, T: 1, M: SVC (05)
0x800088a: cmp    r1, r4                       ; N: 0, Z: 1, C: 1, V: 0, I: 1, F: 1, T: 1, M: SVC (03)
0x800088c: bne    2                            ; N: 0, Z: 1, C: 1, V: 0, I: 1, F: 1, T: 1, M: SVC (05)
0x800088e: add    r6, #0x20                    ; N: 0, Z: 0, C: 0, V: 0, I: 1, F: 1, T: 1, M: SVC (03)
0x8000890: b      4                            ; N: 0, Z: 0, C: 0, V: 0, I: 1, F: 1, T: 1, M: SVC (11)
0x8000898: add    r0, pc, #0xc                 ; N: 0, Z: 0, C: 0, V: 0, I: 1, F: 1, T: 1, M: SVC (03)
0x800089a: add    r0, r0, #0x0                 ; N: 0, Z: 0, C: 0, V: 0, I: 1, F: 1, T: 1, M: SVC (03)
0x800089c: str    r0, [r6]                     ; N: 0, Z: 0, C: 0, V: 0, I: 1, F: 1, T: 1, M: SVC (11)
0x800089e: add    r0, r6, #0x0                 ; N: 0, Z: 0, C: 0, V: 0, I: 1, F: 1, T: 1, M: SVC (03)
0x80008a0: ldmia  r0!, {}                      ; N: 0, Z: 0, C: 0, V: 0, I: 1, F: 1, T: 1, M: SVC (06)
0x80008a8: sub    r0, #0x40                    ; N: 0, Z: 0, C: 1, V: 0, I: 1, F: 1, T: 1, M: SVC (03)
0x80008aa: cmp    r0, r6                       ; N: 0, Z: 1, C: 1, V: 0, I: 1, F: 1, T: 1, M: SVC (03)
0x80008ac: bne    2                            ; N: 0, Z: 1, C: 1, V: 0, I: 1, F: 1, T: 1, M: SVC (05)
0x80008ae: add    r6, #0x20                    ; N: 0, Z: 0, C: 0, V: 0, I: 1, F: 1, T: 1, M: SVC (03)
0x80008b0: b      4                            ; N: 0, Z: 0, C: 0, V: 0, I: 1, F: 1, T: 1, M: SVC (11)
0x80008b8: add    r0, r6, #0x0                 ; N: 0, Z: 0, C: 0, V: 0, I: 1, F: 1, T: 1, M: SVC (03)
0x80008ba: stmia  r0!, {}                      ; N: 0, Z: 0, C: 0, V: 0, I: 1, F: 1, T: 1, M: SVC (05)
0x80008bc: mov    r1, r15                      ; N: 0, Z: 0, C: 0, V: 0, I: 1, F: 1, T: 1, M: SVC (03)
0x80008be: ldr    r2, [r6]                     ; N: 0, Z: 0, C: 0, V: 0, I: 1, F: 1, T: 1, M: SVC (10)
0x80008c0: cmp    r2, r1                       ; N: 0, Z: 1, C: 1, V: 0, I: 1, F: 1, T: 1, M: SVC (03)
0x80008c2: bne    8                            ; N: 0, Z: 1, C: 1, V: 0, I: 1, F: 1, T: 1, M: SVC (05)
0x80008c4: sub    r0, #0x40                    ; N: 0, Z: 0, C: 1, V: 0, I: 1, F: 1, T: 1, M: SVC (03)
0x80008c6: cmp    r0, r6                       ; N: 0, Z: 1, C: 1, V: 0, I: 1, F: 1, T: 1, M: SVC (03)
0x80008c8: bne    2                            ; N: 0, Z: 1, C: 1, V: 0, I: 1, F: 1, T: 1, M: SVC (05)
0x80008ca: add    r6, #0x20                    ; N: 0, Z: 0, C: 0, V: 0, I: 1, F: 1, T: 1, M: SVC (03)
0x80008cc: b      4                            ; N: 0, Z: 0, C: 0, V: 0, I: 1, F: 1, T: 1, M: SVC (11)
0x80008d4: add    r1, r6, #0x0                 ; N: 0, Z: 0, C: 0, V: 0, I: 1, F: 1, T: 1, M: SVC (03)
0x80008d6: stmia  r1!, {r0,r1,r2,r3}           ; N: 0, Z: 0, C: 0, V: 0, I: 1, F: 1, T: 1, M: SVC (29)
0x80008d8: sub    r1, #0x10                    ; N: 0, Z: 0, C: 1, V: 0, I: 1, F: 1, T: 1, M: SVC (03)
0x80008da: ldmia  r1!, {r2,r3,r4,r5}           ; N: 0, Z: 0, C: 1, V: 0, I: 1, F: 1, T: 1, M: SVC (30)
0x80008dc: cmp    r1, r3                       ; N: 0, Z: 1, C: 1, V: 0, I: 1, F: 1, T: 1, M: SVC (03)
0x80008de: bne    2                            ; N: 0, Z: 1, C: 1, V: 0, I: 1, F: 1, T: 1, M: SVC (05)
0x80008e0: add    r6, #0x20                    ; N: 0, Z: 0, C: 0, V: 0, I: 1, F: 1, T: 1, M: SVC (03)
0x80008e2: b      4                            ; N: 0, Z: 0, C: 0, V: 0, I: 1, F: 1, T: 1, M: SVC (11)
0x80008ea: add    r2, r6, #0x0                 ; N: 0, Z: 0, C: 0, V: 0, I: 1, F: 1, T: 1, M: SVC (03)
0x80008ec: stmia  r2!, {r0,r1,r2,r3}           ; N: 0, Z: 0, C: 0, V: 0, I: 1, F: 1, T: 1, M: SVC (29)
0x80008ee: sub    r1, #0x10                    ; N: 0, Z: 0, C: 1, V: 0, I: 1, F: 1, T: 1, M: SVC (03)
0x80008f0: ldmia  r1!, {r3,r4,r5,r6}           ; N: 0, Z: 0, C: 1, V: 0, I: 1, F: 1, T: 1, M: SVC (30)
0x80008f2: cmp    r1, r4                       ; N: 0, Z: 1, C: 1, V: 0, I: 1, F: 1, T: 1, M: SVC (03)
0x80008f4: bne    2                            ; N: 0, Z: 1, C: 1, V: 0, I: 1, F: 1, T: 1, M: SVC (05)
0x80008f6: add    r6, #0x20                    ; N: 0, Z: 0, C: 0, V: 0, I: 1, F: 1, T: 1, M: SVC (03)
0x80008f8: b      4                            ; N: 0, Z: 0, C: 0, V: 0, I: 1, F: 1, T: 1, M: SVC (11)
0x8000900: add    r1, r6, #0x0                 ; N: 0, Z: 0, C: 0, V: 0, I: 1, F: 1, T: 1, M: SVC (03)
0x8000902: stmia  r1!, {r1,r2,r3,r4}           ; N: 0, Z: 0, C: 0, V: 0, I: 1, F: 1, T: 1, M: SVC (29)
0x8000904: sub    r1, #0x10                    ; N: 0, Z: 0, C: 1, V: 0, I: 1, F: 1, T: 1, M: SVC (03)
0x8000906: ldmia  r1!, {r2,r3,r4,r5}           ; N: 0, Z: 0, C: 1, V: 0, I: 1, F: 1, T: 1, M: SVC (30)
0x8000908: cmp    r2, r6                       ; N: 0, Z: 1, C: 1, V: 0, I: 1, F: 1, T: 1, M: SVC (03)
0x800090a: bne    2                            ; N: 0, Z: 1, C: 1, V: 0, I: 1, F: 1, T: 1, M: SVC (05)
0x800090c: add    r6, #0x20                    ; N: 0, Z: 0, C: 0, V: 0, I: 1, F: 1, T: 1, M: SVC (03)
0x800090e: b      4                            ; N: 0, Z: 0, C: 0, V: 0, I: 1, F: 1, T: 1, M: SVC (11)
0x8000916: add    r0, r6, #0x0                 ; N: 0, Z: 0, C: 0, V: 0, I: 1, F: 1, T: 1, M: SVC (03)
0x8000918: add    r0, #0x1                     ; N: 0, Z: 0, C: 0, V: 0, I: 1, F: 1, T: 1, M: SVC (03)
0x800091a: stmia  r0!, {r1,r2}                 ; N: 0, Z: 0, C: 0, V: 0, I: 1, F: 1, T: 1, M: SVC (17)
0x800091c: sub    r0, #0x8                     ; N: 0, Z: 0, C: 1, V: 0, I: 1, F: 1, T: 1, M: SVC (03)
0x800091e: ldmia  r0!, {r1,r2}                 ; N: 0, Z: 0, C: 1, V: 0, I: 1, F: 1, T: 1, M: SVC (18)
0x8000920: sub    r0, #0x9                     ; N: 0, Z: 0, C: 1, V: 0, I: 1, F: 1, T: 1, M: SVC (03)
0x8000922: cmp    r0, r6                       ; N: 0, Z: 1, C: 1, V: 0, I: 1, F: 1, T: 1, M: SVC (03)
0x8000924: bne    2                            ; N: 0, Z: 1, C: 1, V: 0, I: 1, F: 1, T: 1, M: SVC (05)
0x8000926: add    r6, #0x20                    ; N: 0, Z: 0, C: 0, V: 0, I: 1, F: 1, T: 1, M: SVC (03)
0x8000928: b      4                            ; N: 0, Z: 0, C: 0, V: 0, I: 1, F: 1, T: 1, M: SVC (11)
